Archive member included because of file (symbol)

c:/program files (x86)/gnu tools arm embedded/4.7 2012q4/bin/../lib/gcc/arm-none-eabi/4.7.3/armv7e-m\libgcc.a(_arm_addsubdf3.o)
                              ..\obj\CAN.o (__aeabi_f2d)
c:/program files (x86)/gnu tools arm embedded/4.7 2012q4/bin/../lib/gcc/arm-none-eabi/4.7.3/armv7e-m\libgcc.a(_arm_cmpdf2.o)
                              ..\obj\CAN.o (__aeabi_dcmplt)

Allocating common symbols
Common symbol       size              file

Helios_val          0x30              ..\obj\main.o
Ballbot_stats       0x1               ..\obj\main.o
theta_z_tmp         0x4               ..\obj\main.o
helios_stop         0x4               ..\obj\main.o
RxMsg3              0x14              ..\obj\CAN.o
xold4_1             0x4               ..\obj\main.o
xold4_2             0x4               ..\obj\main.o
xold2_2             0x4               ..\obj\main.o
count_jump          0x4               ..\obj\main.o
old_phi_y_soll      0x4               ..\obj\main.o
old_phi_dot_y_soll  0x4               ..\obj\main.o
xold1_3             0x4               ..\obj\main.o
phi_dot             0x28              ..\obj\main.o
RxMsg2              0x14              ..\obj\main.o
old_phi_dot_y       0x4               ..\obj\main.o
xold1_1             0x4               ..\obj\main.o
Motor_current_real  0xc               ..\obj\main.o
first_time          0x4               ..\obj\main.o
Sensor_val          0x78              ..\obj\main.o
Control_Mode        0x1               ..\obj\main.o
old_theta_z_soll    0x4               ..\obj\main.o
old_phi_dot_z       0x4               ..\obj\main.o
esum                0x4               ..\obj\main.o
xold3_1             0x4               ..\obj\main.o
old_phi_x_soll      0x4               ..\obj\main.o
old_phi_dot_x_soll  0x4               ..\obj\main.o
error_detection     0x1               ..\obj\main.o
xold2_3             0x4               ..\obj\main.o
Motor_torque_xyz    0xc               ..\obj\main.o
xold3_3             0x4               ..\obj\main.o
old_phi_dot_x       0x4               ..\obj\main.o
epos                0x1               ..\obj\main.o
old_pos_x_dot       0x4               ..\obj\main.o
xold1_2             0x4               ..\obj\main.o
xold3_2             0x4               ..\obj\main.o
old_pos_y_dot       0x4               ..\obj\main.o
offset_z            0x4               ..\obj\main.o
available_data      0xc               ..\obj\main.o
EPOS_sent_data      0xc               ..\obj\main.o
xold2_1             0x4               ..\obj\main.o
ealt                0x4               ..\obj\main.o
xold4_3             0x4               ..\obj\main.o

Discarded input sections

 .text          0x00000000        0x0 ..\obj\EPOS.o
 .data          0x00000000        0x0 ..\obj\EPOS.o
 .bss           0x00000000        0x0 ..\obj\EPOS.o
 .text.Set_Operational_NMT_State
                0x00000000       0x3c ..\obj\EPOS.o
 .text.EPOS_disable
                0x00000000       0x60 ..\obj\EPOS.o
 .text.EPOS_enable
                0x00000000       0x60 ..\obj\EPOS.o
 .text.EPOS_stop
                0x00000000       0x60 ..\obj\EPOS.o
 .text.EPOS_set_speed_SDO
                0x00000000       0x78 ..\obj\EPOS.o
 .text.EPOS_set_position_SDO
                0x00000000       0x78 ..\obj\EPOS.o
 .text.EPOS_set_current_PDO
                0x00000000       0x48 ..\obj\EPOS.o
 .text.EPOS_set_velocity_PDO
                0x00000000       0x7c ..\obj\EPOS.o
 .text.EPOS_set_position_PDO
                0x00000000       0x64 ..\obj\EPOS.o
 .text.EPOS_get_velocity_SDO
                0x00000000       0x58 ..\obj\EPOS.o
 .text.EPOS_Reset_Home_Position
                0x00000000       0x60 ..\obj\EPOS.o
 .text          0x00000000        0x0 ..\obj\LEDS.o
 .data          0x00000000        0x0 ..\obj\LEDS.o
 .bss           0x00000000        0x0 ..\obj\LEDS.o
 .text.debug_led
                0x00000000       0x90 ..\obj\LEDS.o
 .text.debug_led2
                0x00000000       0x68 ..\obj\LEDS.o
 .text.led_on   0x00000000       0x6c ..\obj\LEDS.o
 .text          0x00000000        0x0 ..\obj\CAN.o
 .data          0x00000000        0x0 ..\obj\CAN.o
 .bss           0x00000000        0x0 ..\obj\CAN.o
 .text.can_set_send_PDO_mb
                0x00000000       0x3c ..\obj\CAN.o
 .text.can_send_PDO
                0x00000000       0x50 ..\obj\CAN.o
 .text.Safety_first
                0x00000000      0x110 ..\obj\CAN.o
 .text          0x00000000        0x0 ..\obj\stm32f4xx_can.o
 .data          0x00000000        0x0 ..\obj\stm32f4xx_can.o
 .bss           0x00000000        0x0 ..\obj\stm32f4xx_can.o
 .text.CAN_DeInit
                0x00000000       0x50 ..\obj\stm32f4xx_can.o
 .text.CAN_StructInit
                0x00000000       0x6c ..\obj\stm32f4xx_can.o
 .text.CAN_SlaveStartBank
                0x00000000       0x8c ..\obj\stm32f4xx_can.o
 .text.CAN_DBGFreeze
                0x00000000       0x38 ..\obj\stm32f4xx_can.o
 .text.CAN_TTComModeCmd
                0x00000000       0x98 ..\obj\stm32f4xx_can.o
 .text.CAN_TransmitStatus
                0x00000000      0x10c ..\obj\stm32f4xx_can.o
 .text.CAN_CancelTransmit
                0x00000000       0x50 ..\obj\stm32f4xx_can.o
 .text.CAN_FIFORelease
                0x00000000       0x38 ..\obj\stm32f4xx_can.o
 .text.CAN_MessagePending
                0x00000000       0x50 ..\obj\stm32f4xx_can.o
 .text.CAN_OperatingModeRequest
                0x00000000      0x114 ..\obj\stm32f4xx_can.o
 .text.CAN_Sleep
                0x00000000       0x40 ..\obj\stm32f4xx_can.o
 .text.CAN_WakeUp
                0x00000000       0x5c ..\obj\stm32f4xx_can.o
 .text.CAN_GetReceiveErrorCounter
                0x00000000       0x28 ..\obj\stm32f4xx_can.o
 .text.CAN_GetLSBTransmitErrorCounter
                0x00000000       0x2c ..\obj\stm32f4xx_can.o
 .text.CAN_GetITStatus
                0x00000000      0x1b8 ..\obj\stm32f4xx_can.o
 .text.CAN_ClearITPendingBit
                0x00000000       0xfc ..\obj\stm32f4xx_can.o
 .text.CheckITStatus
                0x00000000       0x38 ..\obj\stm32f4xx_can.o
 .text          0x00000000        0x0 ..\obj\startup_stm32f4xx.o
 .data          0x00000000        0x0 ..\obj\startup_stm32f4xx.o
 .bss           0x00000000        0x0 ..\obj\startup_stm32f4xx.o
 .text          0x00000000        0x0 ..\obj\main.o
 .bss           0x00000000        0x0 ..\obj\main.o
 .text          0x00000000        0x0 ..\obj\stm32f4xx_rcc.o
 .data          0x00000000       0x10 ..\obj\stm32f4xx_rcc.o
 .bss           0x00000000        0x0 ..\obj\stm32f4xx_rcc.o
 .text.RCC_DeInit
                0x00000000       0x84 ..\obj\stm32f4xx_rcc.o
 .text.RCC_HSEConfig
                0x00000000       0x30 ..\obj\stm32f4xx_rcc.o
 .text.RCC_WaitForHSEStartUp
                0x00000000       0x64 ..\obj\stm32f4xx_rcc.o
 .text.RCC_AdjustHSICalibrationValue
                0x00000000       0x48 ..\obj\stm32f4xx_rcc.o
 .text.RCC_HSICmd
                0x00000000       0x20 ..\obj\stm32f4xx_rcc.o
 .text.RCC_LSEConfig
                0x00000000       0x60 ..\obj\stm32f4xx_rcc.o
 .text.RCC_LSICmd
                0x00000000       0x20 ..\obj\stm32f4xx_rcc.o
 .text.RCC_PLLConfig
                0x00000000       0x48 ..\obj\stm32f4xx_rcc.o
 .text.RCC_PLLCmd
                0x00000000       0x20 ..\obj\stm32f4xx_rcc.o
 .text.RCC_PLLI2SConfig
                0x00000000       0x30 ..\obj\stm32f4xx_rcc.o
 .text.RCC_PLLI2SCmd
                0x00000000       0x20 ..\obj\stm32f4xx_rcc.o
 .text.RCC_ClockSecuritySystemCmd
                0x00000000       0x20 ..\obj\stm32f4xx_rcc.o
 .text.RCC_MCO1Config
                0x00000000       0x48 ..\obj\stm32f4xx_rcc.o
 .text.RCC_MCO2Config
                0x00000000       0x48 ..\obj\stm32f4xx_rcc.o
 .text.RCC_SYSCLKConfig
                0x00000000       0x40 ..\obj\stm32f4xx_rcc.o
 .text.RCC_GetSYSCLKSource
                0x00000000       0x20 ..\obj\stm32f4xx_rcc.o
 .text.RCC_HCLKConfig
                0x00000000       0x40 ..\obj\stm32f4xx_rcc.o
 .text.RCC_PCLK1Config
                0x00000000       0x40 ..\obj\stm32f4xx_rcc.o
 .text.RCC_PCLK2Config
                0x00000000       0x44 ..\obj\stm32f4xx_rcc.o
 .text.RCC_GetClocksFreq
                0x00000000      0x1cc ..\obj\stm32f4xx_rcc.o
 .text.RCC_RTCCLKConfig
                0x00000000       0x74 ..\obj\stm32f4xx_rcc.o
 .text.RCC_RTCCLKCmd
                0x00000000       0x20 ..\obj\stm32f4xx_rcc.o
 .text.RCC_BackupResetCmd
                0x00000000       0x20 ..\obj\stm32f4xx_rcc.o
 .text.RCC_I2SCLKConfig
                0x00000000       0x20 ..\obj\stm32f4xx_rcc.o
 .text.RCC_AHB2PeriphClockCmd
                0x00000000       0x54 ..\obj\stm32f4xx_rcc.o
 .text.RCC_AHB3PeriphClockCmd
                0x00000000       0x54 ..\obj\stm32f4xx_rcc.o
 .text.RCC_APB2PeriphClockCmd
                0x00000000       0x54 ..\obj\stm32f4xx_rcc.o
 .text.RCC_AHB1PeriphResetCmd
                0x00000000       0x54 ..\obj\stm32f4xx_rcc.o
 .text.RCC_AHB2PeriphResetCmd
                0x00000000       0x54 ..\obj\stm32f4xx_rcc.o
 .text.RCC_AHB3PeriphResetCmd
                0x00000000       0x54 ..\obj\stm32f4xx_rcc.o
 .text.RCC_APB1PeriphResetCmd
                0x00000000       0x54 ..\obj\stm32f4xx_rcc.o
 .text.RCC_APB2PeriphResetCmd
                0x00000000       0x54 ..\obj\stm32f4xx_rcc.o
 .text.RCC_AHB1PeriphClockLPModeCmd
                0x00000000       0x54 ..\obj\stm32f4xx_rcc.o
 .text.RCC_AHB2PeriphClockLPModeCmd
                0x00000000       0x54 ..\obj\stm32f4xx_rcc.o
 .text.RCC_AHB3PeriphClockLPModeCmd
                0x00000000       0x54 ..\obj\stm32f4xx_rcc.o
 .text.RCC_APB1PeriphClockLPModeCmd
                0x00000000       0x54 ..\obj\stm32f4xx_rcc.o
 .text.RCC_APB2PeriphClockLPModeCmd
                0x00000000       0x54 ..\obj\stm32f4xx_rcc.o
 .text.RCC_ITConfig
                0x00000000       0x60 ..\obj\stm32f4xx_rcc.o
 .text.RCC_GetFlagStatus
                0x00000000       0x90 ..\obj\stm32f4xx_rcc.o
 .text.RCC_ClearFlag
                0x00000000       0x24 ..\obj\stm32f4xx_rcc.o
 .text.RCC_GetITStatus
                0x00000000       0x40 ..\obj\stm32f4xx_rcc.o
 .text.RCC_ClearITPendingBit
                0x00000000       0x20 ..\obj\stm32f4xx_rcc.o
 .text          0x00000000        0x0 ..\obj\stm32f4xx_gpio.o
 .data          0x00000000        0x0 ..\obj\stm32f4xx_gpio.o
 .bss           0x00000000        0x0 ..\obj\stm32f4xx_gpio.o
 .text.GPIO_DeInit
                0x00000000      0x178 ..\obj\stm32f4xx_gpio.o
 .text.GPIO_PinLockConfig
                0x00000000       0x44 ..\obj\stm32f4xx_gpio.o
 .text.GPIO_ReadInputDataBit
                0x00000000       0x3c ..\obj\stm32f4xx_gpio.o
 .text.GPIO_ReadInputData
                0x00000000       0x1c ..\obj\stm32f4xx_gpio.o
 .text.GPIO_ReadOutputDataBit
                0x00000000       0x3c ..\obj\stm32f4xx_gpio.o
 .text.GPIO_ReadOutputData
                0x00000000       0x1c ..\obj\stm32f4xx_gpio.o
 .text.GPIO_SetBits
                0x00000000       0x1c ..\obj\stm32f4xx_gpio.o
 .text.GPIO_WriteBit
                0x00000000       0x30 ..\obj\stm32f4xx_gpio.o
 .text.GPIO_Write
                0x00000000       0x1c ..\obj\stm32f4xx_gpio.o
 .text          0x00000000        0x0 ..\obj\system_stm32f4xx.o
 .data          0x00000000       0x14 ..\obj\system_stm32f4xx.o
 .bss           0x00000000        0x0 ..\obj\system_stm32f4xx.o
 .text.SystemCoreClockUpdate
                0x00000000      0x170 ..\obj\system_stm32f4xx.o
 .text          0x00000000        0x0 ..\obj\misc.o
 .data          0x00000000        0x0 ..\obj\misc.o
 .bss           0x00000000        0x0 ..\obj\misc.o
 .text.NVIC_PriorityGroupConfig
                0x00000000       0x28 ..\obj\misc.o
 .text.NVIC_SetVectorTable
                0x00000000       0x2c ..\obj\misc.o
 .text.NVIC_SystemLPConfig
                0x00000000       0x54 ..\obj\misc.o
 .text.SysTick_CLKSourceConfig
                0x00000000       0x4c ..\obj\misc.o
 .text          0x00000000      0x370 c:/program files (x86)/gnu tools arm embedded/4.7 2012q4/bin/../lib/gcc/arm-none-eabi/4.7.3/armv7e-m\libgcc.a(_arm_addsubdf3.o)
 .data          0x00000000        0x0 c:/program files (x86)/gnu tools arm embedded/4.7 2012q4/bin/../lib/gcc/arm-none-eabi/4.7.3/armv7e-m\libgcc.a(_arm_addsubdf3.o)
 .bss           0x00000000        0x0 c:/program files (x86)/gnu tools arm embedded/4.7 2012q4/bin/../lib/gcc/arm-none-eabi/4.7.3/armv7e-m\libgcc.a(_arm_addsubdf3.o)
 .ARM.attributes
                0x00000000       0x1e c:/program files (x86)/gnu tools arm embedded/4.7 2012q4/bin/../lib/gcc/arm-none-eabi/4.7.3/armv7e-m\libgcc.a(_arm_addsubdf3.o)
 .text          0x00000000      0x110 c:/program files (x86)/gnu tools arm embedded/4.7 2012q4/bin/../lib/gcc/arm-none-eabi/4.7.3/armv7e-m\libgcc.a(_arm_cmpdf2.o)
 .data          0x00000000        0x0 c:/program files (x86)/gnu tools arm embedded/4.7 2012q4/bin/../lib/gcc/arm-none-eabi/4.7.3/armv7e-m\libgcc.a(_arm_cmpdf2.o)
 .bss           0x00000000        0x0 c:/program files (x86)/gnu tools arm embedded/4.7 2012q4/bin/../lib/gcc/arm-none-eabi/4.7.3/armv7e-m\libgcc.a(_arm_cmpdf2.o)
 .ARM.attributes
                0x00000000       0x1e c:/program files (x86)/gnu tools arm embedded/4.7 2012q4/bin/../lib/gcc/arm-none-eabi/4.7.3/armv7e-m\libgcc.a(_arm_cmpdf2.o)

Memory Configuration

Name             Origin             Length             Attributes
rom              0x08000000         0x00100000         xr
ram              0x20000000         0x00020000         xrw
ram1             0x10000000         0x00010000         xrw
*default*        0x00000000         0xffffffff

Linker script and memory map

                0x20020000                _eram = 0x20020000

.text           0x08000000     0x1f34
 *(.isr_vector .isr_vector.*)
 .isr_vector    0x08000000      0x188 ..\obj\startup_stm32f4xx.o
                0x08000000                g_pfnVectors
 *(.text .text.* .gnu.linkonce.t.*)
 .text.Set_Pre_Operational_NMT_State
                0x08000188       0x3c ..\obj\EPOS.o
                0x08000188                Set_Pre_Operational_NMT_State
 .text.EPOS_reset_communicaton
                0x080001c4       0x3c ..\obj\EPOS.o
                0x080001c4                EPOS_reset_communicaton
 .text.EPOS_set_operation_mode
                0x08000200       0x64 ..\obj\EPOS.o
                0x08000200                EPOS_set_operation_mode
 .text.EPOS_fault_reset
                0x08000264       0xb0 ..\obj\EPOS.o
                0x08000264                EPOS_fault_reset
 .text.EPOS_init
                0x08000314       0xfc ..\obj\EPOS.o
                0x08000314                EPOS_init
 .text._delay_ms
                0x08000410       0x30 ..\obj\EPOS.o
                0x08000410                _delay_ms
 .text._delay_us
                0x08000440       0x2c ..\obj\EPOS.o
                0x08000440                _delay_us
 .text.EPOS_set_current_SDO
                0x0800046c       0x64 ..\obj\EPOS.o
                0x0800046c                EPOS_set_current_SDO
 .text.EPOS_get_position_SDO
                0x080004d0       0x58 ..\obj\EPOS.o
                0x080004d0                EPOS_get_position_SDO
 .text.EPOS_get_current_SDO
                0x08000528       0x58 ..\obj\EPOS.o
                0x08000528                EPOS_get_current_SDO
 .text.led_init
                0x08000580       0xf8 ..\obj\LEDS.o
                0x08000580                led_init
 .text.led_off  0x08000678       0x6c ..\obj\LEDS.o
                0x08000678                led_off
 .text.toggle_led
                0x080006e4       0x6c ..\obj\LEDS.o
                0x080006e4                toggle_led
 .text.CAN1_RX0_IRQHandler
                0x08000750      0x248 ..\obj\CAN.o
                0x08000750                CAN1_RX0_IRQHandler
 .text.CAN1_RX1_IRQHandler
                0x08000998      0x198 ..\obj\CAN.o
                0x08000998                CAN1_RX1_IRQHandler
 .text.init_CAN
                0x08000b30      0x250 ..\obj\CAN.o
                0x08000b30                init_CAN
 .text.can_send_SDO
                0x08000d80       0xb8 ..\obj\CAN.o
                0x08000d80                can_send_SDO
 .text.CAN_Init
                0x08000e38      0x1bc ..\obj\stm32f4xx_can.o
                0x08000e38                CAN_Init
 .text.CAN_FilterInit
                0x08000ff4      0x210 ..\obj\stm32f4xx_can.o
                0x08000ff4                CAN_FilterInit
 .text.CAN_Transmit
                0x08001204      0x1dc ..\obj\stm32f4xx_can.o
                0x08001204                CAN_Transmit
 .text.CAN_Receive
                0x080013e0      0x1a8 ..\obj\stm32f4xx_can.o
                0x080013e0                CAN_Receive
 .text.CAN_GetLastErrorCode
                0x08001588       0x28 ..\obj\stm32f4xx_can.o
                0x08001588                CAN_GetLastErrorCode
 .text.CAN_ITConfig
                0x080015b0       0x3c ..\obj\stm32f4xx_can.o
                0x080015b0                CAN_ITConfig
 .text.CAN_GetFlagStatus
                0x080015ec       0xf8 ..\obj\stm32f4xx_can.o
                0x080015ec                CAN_GetFlagStatus
 .text.CAN_ClearFlag
                0x080016e4       0x7c ..\obj\stm32f4xx_can.o
                0x080016e4                CAN_ClearFlag
 .text.Default_Reset_Handler
                0x08001760       0x6c ..\obj\startup_stm32f4xx.o
                0x08001760                Default_Reset_Handler
                0x08001760                Reset_Handler
 .text.Default_Handler
                0x080017cc        0x8 ..\obj\startup_stm32f4xx.o
                0x080017cc                RTC_Alarm_IRQHandler
                0x080017cc                HASH_RNG_IRQHandler
                0x080017cc                EXTI2_IRQHandler
                0x080017cc                TIM8_CC_IRQHandler
                0x080017cc                DebugMon_Handler
                0x080017cc                TIM1_CC_IRQHandler
                0x080017cc                DMA2_Stream5_IRQHandler
                0x080017cc                HardFault_Handler
                0x080017cc                DMA1_Stream5_IRQHandler
                0x080017cc                SysTick_Handler
                0x080017cc                PVD_IRQHandler
                0x080017cc                SDIO_IRQHandler
                0x080017cc                TAMP_STAMP_IRQHandler
                0x080017cc                PendSV_Handler
                0x080017cc                NMI_Handler
                0x080017cc                CAN2_RX1_IRQHandler
                0x080017cc                EXTI3_IRQHandler
                0x080017cc                TIM8_TRG_COM_TIM14_IRQHandler
                0x080017cc                TIM1_UP_TIM10_IRQHandler
                0x080017cc                TIM8_UP_TIM13_IRQHandler
                0x080017cc                I2C3_ER_IRQHandler
                0x080017cc                EXTI0_IRQHandler
                0x080017cc                I2C2_EV_IRQHandler
                0x080017cc                DMA1_Stream2_IRQHandler
                0x080017cc                FPU_IRQHandler
                0x080017cc                OTG_HS_WKUP_IRQHandler
                0x080017cc                UsageFault_Handler
                0x080017cc                CAN2_SCE_IRQHandler
                0x080017cc                DMA2_Stream2_IRQHandler
                0x080017cc                SPI1_IRQHandler
                0x080017cc                TIM6_DAC_IRQHandler
                0x080017cc                TIM1_BRK_TIM9_IRQHandler
                0x080017cc                DCMI_IRQHandler
                0x080017cc                CAN2_RX0_IRQHandler
                0x080017cc                DMA2_Stream3_IRQHandler
                0x080017cc                USART6_IRQHandler
                0x080017cc                USART3_IRQHandler
                0x080017cc                CRYP_IRQHandler
                0x080017cc                UART5_IRQHandler
                0x080017cc                DMA2_Stream0_IRQHandler
                0x080017cc                TIM4_IRQHandler
                0x080017cc                I2C1_EV_IRQHandler
                0x080017cc                DMA1_Stream6_IRQHandler
                0x080017cc                DMA1_Stream1_IRQHandler
                0x080017cc                UART4_IRQHandler
                0x080017cc                TIM3_IRQHandler
                0x080017cc                RCC_IRQHandler
                0x080017cc                TIM8_BRK_TIM12_IRQHandler
                0x080017cc                EXTI15_10_IRQHandler
                0x080017cc                ADC_IRQHandler
                0x080017cc                DMA1_Stream7_IRQHandler
                0x080017cc                TIM7_IRQHandler
                0x080017cc                CAN2_TX_IRQHandler
                0x080017cc                TIM5_IRQHandler
                0x080017cc                DMA2_Stream7_IRQHandler
                0x080017cc                I2C3_EV_IRQHandler
                0x080017cc                EXTI9_5_IRQHandler
                0x080017cc                RTC_WKUP_IRQHandler
                0x080017cc                ETH_WKUP_IRQHandler
                0x080017cc                SPI2_IRQHandler
                0x080017cc                OTG_HS_EP1_IN_IRQHandler
                0x080017cc                MemManage_Handler
                0x080017cc                DMA1_Stream0_IRQHandler
                0x080017cc                CAN1_TX_IRQHandler
                0x080017cc                SVC_Handler
                0x080017cc                EXTI4_IRQHandler
                0x080017cc                FSMC_IRQHandler
                0x080017cc                ETH_IRQHandler
                0x080017cc                OTG_HS_EP1_OUT_IRQHandler
                0x080017cc                WWDG_IRQHandler
                0x080017cc                TIM2_IRQHandler
                0x080017cc                OTG_FS_WKUP_IRQHandler
                0x080017cc                TIM1_TRG_COM_TIM11_IRQHandler
                0x080017cc                OTG_HS_IRQHandler
                0x080017cc                EXTI1_IRQHandler
                0x080017cc                USART2_IRQHandler
                0x080017cc                I2C2_ER_IRQHandler
                0x080017cc                DMA2_Stream1_IRQHandler
                0x080017cc                CAN1_SCE_IRQHandler
                0x080017cc                FLASH_IRQHandler
                0x080017cc                DMA2_Stream4_IRQHandler
                0x080017cc                BusFault_Handler
                0x080017cc                USART1_IRQHandler
                0x080017cc                OTG_FS_IRQHandler
                0x080017cc                SPI3_IRQHandler
                0x080017cc                DMA1_Stream4_IRQHandler
                0x080017cc                I2C1_ER_IRQHandler
                0x080017cc                DMA2_Stream6_IRQHandler
                0x080017cc                DMA1_Stream3_IRQHandler
 .text.main     0x080017d4      0x124 ..\obj\main.o
                0x080017d4                main
 .text.Delay    0x080018f8       0x2c ..\obj\main.o
                0x080018f8                Delay
 .text.RCC_AHB1PeriphClockCmd
                0x08001924       0x54 ..\obj\stm32f4xx_rcc.o
                0x08001924                RCC_AHB1PeriphClockCmd
 .text.RCC_APB1PeriphClockCmd
                0x08001978       0x54 ..\obj\stm32f4xx_rcc.o
                0x08001978                RCC_APB1PeriphClockCmd
 .text.GPIO_Init
                0x080019cc      0x144 ..\obj\stm32f4xx_gpio.o
                0x080019cc                GPIO_Init
 .text.GPIO_StructInit
                0x08001b10       0x3c ..\obj\stm32f4xx_gpio.o
                0x08001b10                GPIO_StructInit
 .text.GPIO_ResetBits
                0x08001b4c       0x1c ..\obj\stm32f4xx_gpio.o
                0x08001b4c                GPIO_ResetBits
 .text.GPIO_ToggleBits
                0x08001b68       0x24 ..\obj\stm32f4xx_gpio.o
                0x08001b68                GPIO_ToggleBits
 .text.GPIO_PinAFConfig
                0x08001b8c       0xa8 ..\obj\stm32f4xx_gpio.o
                0x08001b8c                GPIO_PinAFConfig
 .text.SystemInit
                0x08001c34       0x94 ..\obj\system_stm32f4xx.o
                0x08001c34                SystemInit
 .text.SetSysClock
                0x08001cc8      0x188 ..\obj\system_stm32f4xx.o
 .text.NVIC_Init
                0x08001e50       0xe4 ..\obj\misc.o
                0x08001e50                NVIC_Init
 *(.glue_7t)
 .glue_7t       0x00000000        0x0 linker stubs
 *(.glue_7)
 .glue_7        0x00000000        0x0 linker stubs
 *(.rodata .rodata* .gnu.linkonce.r.*)

.vfp11_veneer   0x08001f34        0x0
 .vfp11_veneer  0x00000000        0x0 linker stubs

.v4_bx          0x08001f34        0x0
 .v4_bx         0x00000000        0x0 linker stubs

.iplt           0x08001f34        0x0
 .iplt          0x00000000        0x0 ..\obj\EPOS.o

.rel.dyn        0x08001f34        0x0
 .rel.iplt      0x00000000        0x0 ..\obj\EPOS.o

.ARM.extab
 *(.ARM.extab* .gnu.linkonce.armextab.*)
                0x08001f34                __exidx_start = .

.ARM.exidx
 *(.ARM.exidx* .gnu.linkonce.armexidx.*)
                0x08001f34                __exidx_end = .
                0x08001f34                . = ALIGN (0x4)
                0x08001f34                _etext = .
                0x08001f34                _sidata = .

.data           0x20000000        0x4 load address 0x08001f34
                0x20000000                _sdata = .
 *(.data .data.*)
 .data          0x20000000        0x4 ..\obj\main.o
                0x20000000                init
                0x20000004                . = ALIGN (0x4)
                0x20000004                _edata = .

.igot.plt       0x20000004        0x0 load address 0x08001f38
 .igot.plt      0x00000000        0x0 ..\obj\EPOS.o

.bss            0x20000004      0x1ac load address 0x08001f38
                0x20000004                _sbss = .
 *(.bss .bss.*)
 *(COMMON)
 COMMON         0x20000004       0x14 ..\obj\CAN.o
                0x20000004                RxMsg3
 COMMON         0x20000018      0x198 ..\obj\main.o
                0x20000018                Helios_val
                0x20000048                Ballbot_stats
                0x2000004c                theta_z_tmp
                0x20000050                helios_stop
                0x20000054                xold4_1
                0x20000058                xold4_2
                0x2000005c                xold2_2
                0x20000060                count_jump
                0x20000064                old_phi_y_soll
                0x20000068                old_phi_dot_y_soll
                0x2000006c                xold1_3
                0x20000070                phi_dot
                0x20000098                RxMsg2
                0x200000ac                old_phi_dot_y
                0x200000b0                xold1_1
                0x200000b4                Motor_current_real
                0x200000c0                first_time
                0x200000c4                Sensor_val
                0x2000013c                Control_Mode
                0x20000140                old_theta_z_soll
                0x20000144                old_phi_dot_z
                0x20000148                esum
                0x2000014c                xold3_1
                0x20000150                old_phi_x_soll
                0x20000154                old_phi_dot_x_soll
                0x20000158                error_detection
                0x2000015c                xold2_3
                0x20000160                Motor_torque_xyz
                0x2000016c                xold3_3
                0x20000170                old_phi_dot_x
                0x20000174                epos
                0x20000178                old_pos_x_dot
                0x2000017c                xold1_2
                0x20000180                xold3_2
                0x20000184                old_pos_y_dot
                0x20000188                offset_z
                0x2000018c                available_data
                0x20000198                EPOS_sent_data
                0x200001a4                xold2_1
                0x200001a8                ealt
                0x200001ac                xold4_3
                0x200001b0                . = ALIGN (0x4)
                0x200001b0                _ebss = .

.co_stack       0x200001b0      0x800 load address 0x080020e4
                0x200001b0                . = ALIGN (0x8)
 *(.co_stack .co_stack.*)
 .co_stack      0x200001b0      0x800 ..\obj\startup_stm32f4xx.o
                0x200001b0                pulStack
                0x200009b0                . = ALIGN (0x4)
                0x200009b0                _end = .
LOAD ..\obj\EPOS.o
LOAD ..\obj\LEDS.o
LOAD ..\obj\CAN.o
LOAD ..\obj\stm32f4xx_can.o
LOAD ..\obj\startup_stm32f4xx.o
LOAD ..\obj\main.o
LOAD ..\obj\stm32f4xx_rcc.o
LOAD ..\obj\stm32f4xx_gpio.o
LOAD ..\obj\system_stm32f4xx.o
LOAD ..\obj\misc.o
START GROUP
LOAD c:/program files (x86)/gnu tools arm embedded/4.7 2012q4/bin/../lib/gcc/arm-none-eabi/4.7.3/armv7e-m\libgcc.a
LOAD c:/program files (x86)/gnu tools arm embedded/4.7 2012q4/bin/../lib/gcc/arm-none-eabi/4.7.3/../../../../arm-none-eabi/lib/armv7e-m\libg.a
LOAD c:/program files (x86)/gnu tools arm embedded/4.7 2012q4/bin/../lib/gcc/arm-none-eabi/4.7.3/../../../../arm-none-eabi/lib/armv7e-m\libc.a
END GROUP
OUTPUT(CAN_interface.elf elf32-littlearm)

.debug_info     0x00000000     0x4ea4
 .debug_info    0x00000000      0x5c4 ..\obj\EPOS.o
 .debug_info    0x000005c4      0x3e8 ..\obj\LEDS.o
 .debug_info    0x000009ac      0xf7d ..\obj\CAN.o
 .debug_info    0x00001929      0xc74 ..\obj\stm32f4xx_can.o
 .debug_info    0x0000259d      0x103 ..\obj\startup_stm32f4xx.o
 .debug_info    0x000026a0      0x8f4 ..\obj\main.o
 .debug_info    0x00002f94      0xd49 ..\obj\stm32f4xx_rcc.o
 .debug_info    0x00003cdd      0x640 ..\obj\stm32f4xx_gpio.o
 .debug_info    0x0000431d      0x5f5 ..\obj\system_stm32f4xx.o
 .debug_info    0x00004912      0x592 ..\obj\misc.o

.debug_abbrev   0x00000000      0xdd8
 .debug_abbrev  0x00000000       0xfa ..\obj\EPOS.o
 .debug_abbrev  0x000000fa      0x131 ..\obj\LEDS.o
 .debug_abbrev  0x0000022b      0x21c ..\obj\CAN.o
 .debug_abbrev  0x00000447      0x1d7 ..\obj\stm32f4xx_can.o
 .debug_abbrev  0x0000061e       0xb2 ..\obj\startup_stm32f4xx.o
 .debug_abbrev  0x000006d0      0x11d ..\obj\main.o
 .debug_abbrev  0x000007ed      0x1e5 ..\obj\stm32f4xx_rcc.o
 .debug_abbrev  0x000009d2      0x1a5 ..\obj\stm32f4xx_gpio.o
 .debug_abbrev  0x00000b77      0x138 ..\obj\system_stm32f4xx.o
 .debug_abbrev  0x00000caf      0x129 ..\obj\misc.o

.debug_loc      0x00000000     0x1be6
 .debug_loc     0x00000000      0x498 ..\obj\EPOS.o
 .debug_loc     0x00000498      0x150 ..\obj\LEDS.o
 .debug_loc     0x000005e8      0x17e ..\obj\CAN.o
 .debug_loc     0x00000766      0x578 ..\obj\stm32f4xx_can.o
 .debug_loc     0x00000cde       0x64 ..\obj\startup_stm32f4xx.o
 .debug_loc     0x00000d42       0x64 ..\obj\main.o
 .debug_loc     0x00000da6      0x97c ..\obj\stm32f4xx_rcc.o
 .debug_loc     0x00001722      0x310 ..\obj\stm32f4xx_gpio.o
 .debug_loc     0x00001a32       0x9c ..\obj\system_stm32f4xx.o
 .debug_loc     0x00001ace      0x118 ..\obj\misc.o

.debug_aranges  0x00000000      0x4f8
 .debug_aranges
                0x00000000       0xc0 ..\obj\EPOS.o
 .debug_aranges
                0x000000c0       0x48 ..\obj\LEDS.o
 .debug_aranges
                0x00000108       0x50 ..\obj\CAN.o
 .debug_aranges
                0x00000158       0xe0 ..\obj\stm32f4xx_can.o
 .debug_aranges
                0x00000238       0x28 ..\obj\startup_stm32f4xx.o
 .debug_aranges
                0x00000260       0x28 ..\obj\main.o
 .debug_aranges
                0x00000288      0x178 ..\obj\stm32f4xx_rcc.o
 .debug_aranges
                0x00000400       0x88 ..\obj\stm32f4xx_gpio.o
 .debug_aranges
                0x00000488       0x30 ..\obj\system_stm32f4xx.o
 .debug_aranges
                0x000004b8       0x40 ..\obj\misc.o

.debug_ranges   0x00000000      0x458
 .debug_ranges  0x00000000       0xb0 ..\obj\EPOS.o
 .debug_ranges  0x000000b0       0x38 ..\obj\LEDS.o
 .debug_ranges  0x000000e8       0x40 ..\obj\CAN.o
 .debug_ranges  0x00000128       0xd0 ..\obj\stm32f4xx_can.o
 .debug_ranges  0x000001f8       0x18 ..\obj\startup_stm32f4xx.o
 .debug_ranges  0x00000210       0x18 ..\obj\main.o
 .debug_ranges  0x00000228      0x168 ..\obj\stm32f4xx_rcc.o
 .debug_ranges  0x00000390       0x78 ..\obj\stm32f4xx_gpio.o
 .debug_ranges  0x00000408       0x20 ..\obj\system_stm32f4xx.o
 .debug_ranges  0x00000428       0x30 ..\obj\misc.o

.debug_line     0x00000000     0x1ce1
 .debug_line    0x00000000      0x351 ..\obj\EPOS.o
 .debug_line    0x00000351      0x256 ..\obj\LEDS.o
 .debug_line    0x000005a7      0x32f ..\obj\CAN.o
 .debug_line    0x000008d6      0x52d ..\obj\stm32f4xx_can.o
 .debug_line    0x00000e03       0xa1 ..\obj\startup_stm32f4xx.o
 .debug_line    0x00000ea4      0x1e9 ..\obj\main.o
 .debug_line    0x0000108d      0x56e ..\obj\stm32f4xx_rcc.o
 .debug_line    0x000015fb      0x312 ..\obj\stm32f4xx_gpio.o
 .debug_line    0x0000190d      0x1bc ..\obj\system_stm32f4xx.o
 .debug_line    0x00001ac9      0x218 ..\obj\misc.o

.debug_str      0x00000000     0x20c1
 .debug_str     0x00000000      0x282 ..\obj\EPOS.o
                                0x2cd (size before relaxing)
 .debug_str     0x00000282      0x250 ..\obj\LEDS.o
                                0x341 (size before relaxing)
 .debug_str     0x000004d2      0xa7c ..\obj\CAN.o
                                0xd86 (size before relaxing)
 .debug_str     0x00000f4e      0x2fa ..\obj\stm32f4xx_can.o
                                0x6e1 (size before relaxing)
 .debug_str     0x00001248       0xb0 ..\obj\startup_stm32f4xx.o
                                0x114 (size before relaxing)
 .debug_str     0x000012f8      0x389 ..\obj\main.o
                                0x6c5 (size before relaxing)
 .debug_str     0x00001681      0x646 ..\obj\stm32f4xx_rcc.o
                                0x7f3 (size before relaxing)
 .debug_str     0x00001cc7      0x181 ..\obj\stm32f4xx_gpio.o
                                0x446 (size before relaxing)
 .debug_str     0x00001e48      0x118 ..\obj\system_stm32f4xx.o
                                0x34d (size before relaxing)
 .debug_str     0x00001f60      0x161 ..\obj\misc.o
                                0x37c (size before relaxing)

.comment        0x00000000       0x70
 .comment       0x00000000       0x70 ..\obj\EPOS.o
                                 0x71 (size before relaxing)
 .comment       0x00000000       0x71 ..\obj\LEDS.o
 .comment       0x00000000       0x71 ..\obj\CAN.o
 .comment       0x00000000       0x71 ..\obj\stm32f4xx_can.o
 .comment       0x00000000       0x71 ..\obj\startup_stm32f4xx.o
 .comment       0x00000000       0x71 ..\obj\main.o
 .comment       0x00000000       0x71 ..\obj\stm32f4xx_rcc.o
 .comment       0x00000000       0x71 ..\obj\stm32f4xx_gpio.o
 .comment       0x00000000       0x71 ..\obj\system_stm32f4xx.o
 .comment       0x00000000       0x71 ..\obj\misc.o

.ARM.attributes
                0x00000000       0x33
 .ARM.attributes
                0x00000000       0x33 ..\obj\EPOS.o
 .ARM.attributes
                0x00000033       0x33 ..\obj\LEDS.o
 .ARM.attributes
                0x00000066       0x33 ..\obj\CAN.o
 .ARM.attributes
                0x00000099       0x33 ..\obj\stm32f4xx_can.o
 .ARM.attributes
                0x000000cc       0x33 ..\obj\startup_stm32f4xx.o
 .ARM.attributes
                0x000000ff       0x33 ..\obj\main.o
 .ARM.attributes
                0x00000132       0x33 ..\obj\stm32f4xx_rcc.o
 .ARM.attributes
                0x00000165       0x33 ..\obj\stm32f4xx_gpio.o
 .ARM.attributes
                0x00000198       0x33 ..\obj\system_stm32f4xx.o
 .ARM.attributes
                0x000001cb       0x33 ..\obj\misc.o

.debug_frame    0x00000000      0xf38
 .debug_frame   0x00000000      0x2a8 ..\obj\EPOS.o
 .debug_frame   0x000002a8       0xd0 ..\obj\LEDS.o
 .debug_frame   0x00000378       0xe8 ..\obj\CAN.o
 .debug_frame   0x00000460      0x2d4 ..\obj\stm32f4xx_can.o
 .debug_frame   0x00000734       0x48 ..\obj\startup_stm32f4xx.o
 .debug_frame   0x0000077c       0x48 ..\obj\main.o
 .debug_frame   0x000007c4      0x4d8 ..\obj\stm32f4xx_rcc.o
 .debug_frame   0x00000c9c      0x19c ..\obj\stm32f4xx_gpio.o
 .debug_frame   0x00000e38       0x64 ..\obj\system_stm32f4xx.o
 .debug_frame   0x00000e9c       0x9c ..\obj\misc.o
