
Allocating common symbols
Common symbol       size              file

Sensor_val          0x78              ..\obj\main.o
NVIC_InitStruct     0x4               ..\obj\main.o
DMA_InitStructure   0x3c              ..\obj\main.o

Discarded input sections

 .text          0x00000000        0x0 ..\obj\stm32f4xx_usart.o
 .data          0x00000000        0x0 ..\obj\stm32f4xx_usart.o
 .bss           0x00000000        0x0 ..\obj\stm32f4xx_usart.o
 .text.USART_DeInit
                0x00000000      0x100 ..\obj\stm32f4xx_usart.o
 .text.USART_StructInit
                0x00000000       0x44 ..\obj\stm32f4xx_usart.o
 .text.USART_ClockInit
                0x00000000       0x54 ..\obj\stm32f4xx_usart.o
 .text.USART_ClockStructInit
                0x00000000       0x34 ..\obj\stm32f4xx_usart.o
 .text.USART_SetPrescaler
                0x00000000       0x38 ..\obj\stm32f4xx_usart.o
 .text.USART_OverSampling8Cmd
                0x00000000       0x48 ..\obj\stm32f4xx_usart.o
 .text.USART_OneBitMethodCmd
                0x00000000       0x40 ..\obj\stm32f4xx_usart.o
 .text.USART_SendData
                0x00000000       0x28 ..\obj\stm32f4xx_usart.o
 .text.USART_SetAddress
                0x00000000       0x38 ..\obj\stm32f4xx_usart.o
 .text.USART_ReceiverWakeUpCmd
                0x00000000       0x40 ..\obj\stm32f4xx_usart.o
 .text.USART_WakeUpConfig
                0x00000000       0x38 ..\obj\stm32f4xx_usart.o
 .text.USART_LINBreakDetectLengthConfig
                0x00000000       0x38 ..\obj\stm32f4xx_usart.o
 .text.USART_LINCmd
                0x00000000       0x40 ..\obj\stm32f4xx_usart.o
 .text.USART_SendBreak
                0x00000000       0x24 ..\obj\stm32f4xx_usart.o
 .text.USART_HalfDuplexCmd
                0x00000000       0x40 ..\obj\stm32f4xx_usart.o
 .text.USART_SetGuardTime
                0x00000000       0x3c ..\obj\stm32f4xx_usart.o
 .text.USART_SmartCardCmd
                0x00000000       0x40 ..\obj\stm32f4xx_usart.o
 .text.USART_SmartCardNACKCmd
                0x00000000       0x40 ..\obj\stm32f4xx_usart.o
 .text.USART_IrDAConfig
                0x00000000       0x38 ..\obj\stm32f4xx_usart.o
 .text.USART_IrDACmd
                0x00000000       0x40 ..\obj\stm32f4xx_usart.o
 .text.USART_GetFlagStatus
                0x00000000       0x40 ..\obj\stm32f4xx_usart.o
 .text.USART_GetITStatus
                0x00000000       0xc4 ..\obj\stm32f4xx_usart.o
 .text          0x00000000        0x0 ..\obj\Serial_synchronization.o
 .data          0x00000000        0x0 ..\obj\Serial_synchronization.o
 .text.Synchronisation_step
                0x00000000       0x68 ..\obj\Serial_synchronization.o
 .text          0x00000000        0x0 ..\obj\startup_stm32f4xx.o
 .data          0x00000000        0x0 ..\obj\startup_stm32f4xx.o
 .bss           0x00000000        0x0 ..\obj\startup_stm32f4xx.o
 .text          0x00000000        0x0 ..\obj\main.o
 .text          0x00000000        0x0 ..\obj\stm32f4xx_rcc.o
 .bss           0x00000000        0x0 ..\obj\stm32f4xx_rcc.o
 .text.RCC_DeInit
                0x00000000       0x84 ..\obj\stm32f4xx_rcc.o
 .text.RCC_HSEConfig
                0x00000000       0x30 ..\obj\stm32f4xx_rcc.o
 .text.RCC_WaitForHSEStartUp
                0x00000000       0x64 ..\obj\stm32f4xx_rcc.o
 .text.RCC_AdjustHSICalibrationValue
                0x00000000       0x48 ..\obj\stm32f4xx_rcc.o
 .text.RCC_HSICmd
                0x00000000       0x20 ..\obj\stm32f4xx_rcc.o
 .text.RCC_LSEConfig
                0x00000000       0x60 ..\obj\stm32f4xx_rcc.o
 .text.RCC_LSICmd
                0x00000000       0x20 ..\obj\stm32f4xx_rcc.o
 .text.RCC_PLLConfig
                0x00000000       0x48 ..\obj\stm32f4xx_rcc.o
 .text.RCC_PLLCmd
                0x00000000       0x20 ..\obj\stm32f4xx_rcc.o
 .text.RCC_PLLI2SConfig
                0x00000000       0x30 ..\obj\stm32f4xx_rcc.o
 .text.RCC_PLLI2SCmd
                0x00000000       0x20 ..\obj\stm32f4xx_rcc.o
 .text.RCC_ClockSecuritySystemCmd
                0x00000000       0x20 ..\obj\stm32f4xx_rcc.o
 .text.RCC_MCO1Config
                0x00000000       0x48 ..\obj\stm32f4xx_rcc.o
 .text.RCC_MCO2Config
                0x00000000       0x48 ..\obj\stm32f4xx_rcc.o
 .text.RCC_SYSCLKConfig
                0x00000000       0x40 ..\obj\stm32f4xx_rcc.o
 .text.RCC_HCLKConfig
                0x00000000       0x40 ..\obj\stm32f4xx_rcc.o
 .text.RCC_PCLK1Config
                0x00000000       0x40 ..\obj\stm32f4xx_rcc.o
 .text.RCC_PCLK2Config
                0x00000000       0x44 ..\obj\stm32f4xx_rcc.o
 .text.RCC_RTCCLKConfig
                0x00000000       0x74 ..\obj\stm32f4xx_rcc.o
 .text.RCC_RTCCLKCmd
                0x00000000       0x20 ..\obj\stm32f4xx_rcc.o
 .text.RCC_BackupResetCmd
                0x00000000       0x20 ..\obj\stm32f4xx_rcc.o
 .text.RCC_I2SCLKConfig
                0x00000000       0x20 ..\obj\stm32f4xx_rcc.o
 .text.RCC_AHB2PeriphClockCmd
                0x00000000       0x54 ..\obj\stm32f4xx_rcc.o
 .text.RCC_AHB3PeriphClockCmd
                0x00000000       0x54 ..\obj\stm32f4xx_rcc.o
 .text.RCC_APB2PeriphClockCmd
                0x00000000       0x54 ..\obj\stm32f4xx_rcc.o
 .text.RCC_AHB1PeriphResetCmd
                0x00000000       0x54 ..\obj\stm32f4xx_rcc.o
 .text.RCC_AHB2PeriphResetCmd
                0x00000000       0x54 ..\obj\stm32f4xx_rcc.o
 .text.RCC_AHB3PeriphResetCmd
                0x00000000       0x54 ..\obj\stm32f4xx_rcc.o
 .text.RCC_APB1PeriphResetCmd
                0x00000000       0x54 ..\obj\stm32f4xx_rcc.o
 .text.RCC_APB2PeriphResetCmd
                0x00000000       0x54 ..\obj\stm32f4xx_rcc.o
 .text.RCC_AHB1PeriphClockLPModeCmd
                0x00000000       0x54 ..\obj\stm32f4xx_rcc.o
 .text.RCC_AHB2PeriphClockLPModeCmd
                0x00000000       0x54 ..\obj\stm32f4xx_rcc.o
 .text.RCC_AHB3PeriphClockLPModeCmd
                0x00000000       0x54 ..\obj\stm32f4xx_rcc.o
 .text.RCC_APB1PeriphClockLPModeCmd
                0x00000000       0x54 ..\obj\stm32f4xx_rcc.o
 .text.RCC_APB2PeriphClockLPModeCmd
                0x00000000       0x54 ..\obj\stm32f4xx_rcc.o
 .text.RCC_ITConfig
                0x00000000       0x60 ..\obj\stm32f4xx_rcc.o
 .text.RCC_GetFlagStatus
                0x00000000       0x90 ..\obj\stm32f4xx_rcc.o
 .text.RCC_ClearFlag
                0x00000000       0x24 ..\obj\stm32f4xx_rcc.o
 .text.RCC_GetITStatus
                0x00000000       0x40 ..\obj\stm32f4xx_rcc.o
 .text.RCC_ClearITPendingBit
                0x00000000       0x20 ..\obj\stm32f4xx_rcc.o
 .text          0x00000000        0x0 ..\obj\stm32f4xx_gpio.o
 .data          0x00000000        0x0 ..\obj\stm32f4xx_gpio.o
 .bss           0x00000000        0x0 ..\obj\stm32f4xx_gpio.o
 .text.GPIO_DeInit
                0x00000000      0x178 ..\obj\stm32f4xx_gpio.o
 .text.GPIO_StructInit
                0x00000000       0x3c ..\obj\stm32f4xx_gpio.o
 .text.GPIO_PinLockConfig
                0x00000000       0x44 ..\obj\stm32f4xx_gpio.o
 .text.GPIO_ReadInputDataBit
                0x00000000       0x3c ..\obj\stm32f4xx_gpio.o
 .text.GPIO_ReadInputData
                0x00000000       0x1c ..\obj\stm32f4xx_gpio.o
 .text.GPIO_ReadOutputDataBit
                0x00000000       0x3c ..\obj\stm32f4xx_gpio.o
 .text.GPIO_ReadOutputData
                0x00000000       0x1c ..\obj\stm32f4xx_gpio.o
 .text.GPIO_WriteBit
                0x00000000       0x30 ..\obj\stm32f4xx_gpio.o
 .text.GPIO_Write
                0x00000000       0x1c ..\obj\stm32f4xx_gpio.o
 .text          0x00000000        0x0 ..\obj\system_stm32f4xx.o
 .data          0x00000000       0x14 ..\obj\system_stm32f4xx.o
 .bss           0x00000000        0x0 ..\obj\system_stm32f4xx.o
 .text.SystemCoreClockUpdate
                0x00000000      0x170 ..\obj\system_stm32f4xx.o
 .text          0x00000000        0x0 ..\obj\stm32f4xx_dma.o
 .data          0x00000000        0x0 ..\obj\stm32f4xx_dma.o
 .bss           0x00000000        0x0 ..\obj\stm32f4xx_dma.o
 .text.DMA_DeInit
                0x00000000      0x244 ..\obj\stm32f4xx_dma.o
 .text.DMA_StructInit
                0x00000000       0x8c ..\obj\stm32f4xx_dma.o
 .text.DMA_PeriphIncOffsetSizeConfig
                0x00000000       0x34 ..\obj\stm32f4xx_dma.o
 .text.DMA_FlowControllerConfig
                0x00000000       0x34 ..\obj\stm32f4xx_dma.o
 .text.DMA_GetCurrDataCounter
                0x00000000       0x1c ..\obj\stm32f4xx_dma.o
 .text.DMA_DoubleBufferModeConfig
                0x00000000       0x3c ..\obj\stm32f4xx_dma.o
 .text.DMA_DoubleBufferModeCmd
                0x00000000       0x38 ..\obj\stm32f4xx_dma.o
 .text.DMA_MemoryTargetConfig
                0x00000000       0x2c ..\obj\stm32f4xx_dma.o
 .text.DMA_GetCurrentMemoryTarget
                0x00000000       0x38 ..\obj\stm32f4xx_dma.o
 .text.DMA_GetFIFOStatus
                0x00000000       0x28 ..\obj\stm32f4xx_dma.o
 .text.DMA_GetFlagStatus
                0x00000000       0x84 ..\obj\stm32f4xx_dma.o
 .text.DMA_GetITStatus
                0x00000000       0xc0 ..\obj\stm32f4xx_dma.o
 .text          0x00000000        0x0 ..\obj\misc.o
 .data          0x00000000        0x0 ..\obj\misc.o
 .bss           0x00000000        0x0 ..\obj\misc.o
 .text.NVIC_PriorityGroupConfig
                0x00000000       0x28 ..\obj\misc.o
 .text.NVIC_SetVectorTable
                0x00000000       0x2c ..\obj\misc.o
 .text.NVIC_SystemLPConfig
                0x00000000       0x54 ..\obj\misc.o
 .text.SysTick_CLKSourceConfig
                0x00000000       0x4c ..\obj\misc.o

Memory Configuration

Name             Origin             Length             Attributes
rom              0x08000000         0x00100000         xr
ram              0x20000000         0x00020000         xrw
ram1             0x10000000         0x00010000         xrw
*default*        0x00000000         0xffffffff

Linker script and memory map

                0x20020000                _eram = 0x20020000

.text           0x08000000     0x1ce4
 *(.isr_vector .isr_vector.*)
 .isr_vector    0x08000000      0x188 ..\obj\startup_stm32f4xx.o
                0x08000000                g_pfnVectors
 *(.text .text.* .gnu.linkonce.t.*)
 .text.USART_Init
                0x08000188      0x1ac ..\obj\stm32f4xx_usart.o
                0x08000188                USART_Init
 .text.USART_Cmd
                0x08000334       0x40 ..\obj\stm32f4xx_usart.o
                0x08000334                USART_Cmd
 .text.USART_ReceiveData
                0x08000374       0x24 ..\obj\stm32f4xx_usart.o
                0x08000374                USART_ReceiveData
 .text.USART_DMACmd
                0x08000398       0x48 ..\obj\stm32f4xx_usart.o
                0x08000398                USART_DMACmd
 .text.USART_ITConfig
                0x080003e0       0xa4 ..\obj\stm32f4xx_usart.o
                0x080003e0                USART_ITConfig
 .text.USART_ClearFlag
                0x08000484       0x24 ..\obj\stm32f4xx_usart.o
                0x08000484                USART_ClearFlag
 .text.USART_ClearITPendingBit
                0x080004a8       0x44 ..\obj\stm32f4xx_usart.o
                0x080004a8                USART_ClearITPendingBit
 .text.USART3_IRQHandler
                0x080004ec      0x174 ..\obj\Serial_synchronization.o
                0x080004ec                USART3_IRQHandler
 .text.Default_Reset_Handler
                0x08000660       0x6c ..\obj\startup_stm32f4xx.o
                0x08000660                Default_Reset_Handler
                0x08000660                Reset_Handler
 .text.Default_Handler
                0x080006cc        0x8 ..\obj\startup_stm32f4xx.o
                0x080006cc                RTC_Alarm_IRQHandler
                0x080006cc                HASH_RNG_IRQHandler
                0x080006cc                EXTI2_IRQHandler
                0x080006cc                TIM8_CC_IRQHandler
                0x080006cc                DebugMon_Handler
                0x080006cc                TIM1_CC_IRQHandler
                0x080006cc                DMA2_Stream5_IRQHandler
                0x080006cc                HardFault_Handler
                0x080006cc                DMA1_Stream5_IRQHandler
                0x080006cc                SysTick_Handler
                0x080006cc                PVD_IRQHandler
                0x080006cc                SDIO_IRQHandler
                0x080006cc                TAMP_STAMP_IRQHandler
                0x080006cc                PendSV_Handler
                0x080006cc                NMI_Handler
                0x080006cc                CAN2_RX1_IRQHandler
                0x080006cc                EXTI3_IRQHandler
                0x080006cc                TIM8_TRG_COM_TIM14_IRQHandler
                0x080006cc                TIM1_UP_TIM10_IRQHandler
                0x080006cc                TIM8_UP_TIM13_IRQHandler
                0x080006cc                I2C3_ER_IRQHandler
                0x080006cc                EXTI0_IRQHandler
                0x080006cc                I2C2_EV_IRQHandler
                0x080006cc                DMA1_Stream2_IRQHandler
                0x080006cc                CAN1_RX0_IRQHandler
                0x080006cc                FPU_IRQHandler
                0x080006cc                OTG_HS_WKUP_IRQHandler
                0x080006cc                UsageFault_Handler
                0x080006cc                CAN2_SCE_IRQHandler
                0x080006cc                DMA2_Stream2_IRQHandler
                0x080006cc                SPI1_IRQHandler
                0x080006cc                TIM6_DAC_IRQHandler
                0x080006cc                TIM1_BRK_TIM9_IRQHandler
                0x080006cc                DCMI_IRQHandler
                0x080006cc                CAN2_RX0_IRQHandler
                0x080006cc                DMA2_Stream3_IRQHandler
                0x080006cc                USART6_IRQHandler
                0x080006cc                CRYP_IRQHandler
                0x080006cc                CAN1_RX1_IRQHandler
                0x080006cc                UART5_IRQHandler
                0x080006cc                DMA2_Stream0_IRQHandler
                0x080006cc                TIM4_IRQHandler
                0x080006cc                I2C1_EV_IRQHandler
                0x080006cc                DMA1_Stream6_IRQHandler
                0x080006cc                UART4_IRQHandler
                0x080006cc                TIM3_IRQHandler
                0x080006cc                RCC_IRQHandler
                0x080006cc                TIM8_BRK_TIM12_IRQHandler
                0x080006cc                EXTI15_10_IRQHandler
                0x080006cc                ADC_IRQHandler
                0x080006cc                DMA1_Stream7_IRQHandler
                0x080006cc                TIM7_IRQHandler
                0x080006cc                CAN2_TX_IRQHandler
                0x080006cc                TIM5_IRQHandler
                0x080006cc                DMA2_Stream7_IRQHandler
                0x080006cc                I2C3_EV_IRQHandler
                0x080006cc                EXTI9_5_IRQHandler
                0x080006cc                RTC_WKUP_IRQHandler
                0x080006cc                ETH_WKUP_IRQHandler
                0x080006cc                SPI2_IRQHandler
                0x080006cc                OTG_HS_EP1_IN_IRQHandler
                0x080006cc                MemManage_Handler
                0x080006cc                DMA1_Stream0_IRQHandler
                0x080006cc                CAN1_TX_IRQHandler
                0x080006cc                SVC_Handler
                0x080006cc                EXTI4_IRQHandler
                0x080006cc                FSMC_IRQHandler
                0x080006cc                ETH_IRQHandler
                0x080006cc                OTG_HS_EP1_OUT_IRQHandler
                0x080006cc                WWDG_IRQHandler
                0x080006cc                TIM2_IRQHandler
                0x080006cc                OTG_FS_WKUP_IRQHandler
                0x080006cc                TIM1_TRG_COM_TIM11_IRQHandler
                0x080006cc                OTG_HS_IRQHandler
                0x080006cc                EXTI1_IRQHandler
                0x080006cc                USART2_IRQHandler
                0x080006cc                I2C2_ER_IRQHandler
                0x080006cc                DMA2_Stream1_IRQHandler
                0x080006cc                CAN1_SCE_IRQHandler
                0x080006cc                FLASH_IRQHandler
                0x080006cc                DMA2_Stream4_IRQHandler
                0x080006cc                BusFault_Handler
                0x080006cc                USART1_IRQHandler
                0x080006cc                OTG_FS_IRQHandler
                0x080006cc                SPI3_IRQHandler
                0x080006cc                DMA1_Stream4_IRQHandler
                0x080006cc                I2C1_ER_IRQHandler
                0x080006cc                DMA2_Stream6_IRQHandler
 .text.main     0x080006d4       0x4c ..\obj\main.o
                0x080006d4                main
 .text.USART_Config
                0x08000720      0x36c ..\obj\main.o
                0x08000720                USART_Config
 .text.SendMsgIMU
                0x08000a8c      0x164 ..\obj\main.o
                0x08000a8c                SendMsgIMU
 .text.Start_Continious_Mode
                0x08000bf0       0x50 ..\obj\main.o
                0x08000bf0                Start_Continious_Mode
 .text.calcCRC  0x08000c40       0x98 ..\obj\main.o
                0x08000c40                calcCRC
 .text.DMA1_Stream3_IRQHandler
                0x08000cd8       0x60 ..\obj\main.o
                0x08000cd8                DMA1_Stream3_IRQHandler
 .text.DMA1_Stream1_IRQHandler
                0x08000d38      0x2f8 ..\obj\main.o
                0x08000d38                DMA1_Stream1_IRQHandler
 .text.led_init
                0x08001030       0xf8 ..\obj\main.o
                0x08001030                led_init
 .text.led_on   0x08001128       0x6c ..\obj\main.o
                0x08001128                led_on
 .text.led_off  0x08001194       0x6c ..\obj\main.o
                0x08001194                led_off
 .text.toggle_led
                0x08001200       0x6c ..\obj\main.o
                0x08001200                toggle_led
 .text.Delay    0x0800126c       0x2c ..\obj\main.o
                0x0800126c                Delay
 .text.RCC_GetSYSCLKSource
                0x08001298       0x20 ..\obj\stm32f4xx_rcc.o
                0x08001298                RCC_GetSYSCLKSource
 .text.RCC_GetClocksFreq
                0x080012b8      0x1cc ..\obj\stm32f4xx_rcc.o
                0x080012b8                RCC_GetClocksFreq
 .text.RCC_AHB1PeriphClockCmd
                0x08001484       0x54 ..\obj\stm32f4xx_rcc.o
                0x08001484                RCC_AHB1PeriphClockCmd
 .text.RCC_APB1PeriphClockCmd
                0x080014d8       0x54 ..\obj\stm32f4xx_rcc.o
                0x080014d8                RCC_APB1PeriphClockCmd
 .text.GPIO_Init
                0x0800152c      0x144 ..\obj\stm32f4xx_gpio.o
                0x0800152c                GPIO_Init
 .text.GPIO_SetBits
                0x08001670       0x1c ..\obj\stm32f4xx_gpio.o
                0x08001670                GPIO_SetBits
 .text.GPIO_ResetBits
                0x0800168c       0x1c ..\obj\stm32f4xx_gpio.o
                0x0800168c                GPIO_ResetBits
 .text.GPIO_ToggleBits
                0x080016a8       0x24 ..\obj\stm32f4xx_gpio.o
                0x080016a8                GPIO_ToggleBits
 .text.GPIO_PinAFConfig
                0x080016cc       0xa8 ..\obj\stm32f4xx_gpio.o
                0x080016cc                GPIO_PinAFConfig
 .text.SystemInit
                0x08001774       0x94 ..\obj\system_stm32f4xx.o
                0x08001774                SystemInit
 .text.SetSysClock
                0x08001808      0x188 ..\obj\system_stm32f4xx.o
 .text.DMA_Init
                0x08001990       0xb0 ..\obj\stm32f4xx_dma.o
                0x08001990                DMA_Init
 .text.DMA_Cmd  0x08001a40       0x38 ..\obj\stm32f4xx_dma.o
                0x08001a40                DMA_Cmd
 .text.DMA_SetCurrDataCounter
                0x08001a78       0x1c ..\obj\stm32f4xx_dma.o
                0x08001a78                DMA_SetCurrDataCounter
 .text.DMA_GetCmdStatus
                0x08001a94       0x38 ..\obj\stm32f4xx_dma.o
                0x08001a94                DMA_GetCmdStatus
 .text.DMA_ClearFlag
                0x08001acc       0x60 ..\obj\stm32f4xx_dma.o
                0x08001acc                DMA_ClearFlag
 .text.DMA_ITConfig
                0x08001b2c       0x74 ..\obj\stm32f4xx_dma.o
                0x08001b2c                DMA_ITConfig
 .text.DMA_ClearITPendingBit
                0x08001ba0       0x60 ..\obj\stm32f4xx_dma.o
                0x08001ba0                DMA_ClearITPendingBit
 .text.NVIC_Init
                0x08001c00       0xe4 ..\obj\misc.o
                0x08001c00                NVIC_Init
 *(.glue_7t)
 .glue_7t       0x00000000        0x0 linker stubs
 *(.glue_7)
 .glue_7        0x00000000        0x0 linker stubs
 *(.rodata .rodata* .gnu.linkonce.r.*)

.vfp11_veneer   0x08001ce4        0x0
 .vfp11_veneer  0x00000000        0x0 linker stubs

.v4_bx          0x08001ce4        0x0
 .v4_bx         0x00000000        0x0 linker stubs

.iplt           0x08001ce4        0x0
 .iplt          0x00000000        0x0 ..\obj\stm32f4xx_usart.o

.rel.dyn        0x08001ce4        0x0
 .rel.iplt      0x00000000        0x0 ..\obj\stm32f4xx_usart.o

.ARM.extab
 *(.ARM.extab* .gnu.linkonce.armextab.*)
                0x08001ce4                __exidx_start = .

.ARM.exidx
 *(.ARM.exidx* .gnu.linkonce.armexidx.*)
                0x08001ce4                __exidx_end = .
                0x08001ce4                . = ALIGN (0x4)
                0x08001ce4                _etext = .
                0x08001ce4                _sidata = .

.data           0x20000000       0x14 load address 0x08001ce4
                0x20000000                _sdata = .
 *(.data .data.*)
 .data          0x20000000        0x2 ..\obj\main.o
                0x20000000                SYNCX_IMU
                0x20000001                STX_IMU
 *fill*         0x20000002        0x2 00
 .data          0x20000004       0x10 ..\obj\stm32f4xx_rcc.o
                0x20000014                . = ALIGN (0x4)
                0x20000014                _edata = .

.igot.plt       0x20000014        0x0 load address 0x08001cf8
 .igot.plt      0x00000000        0x0 ..\obj\stm32f4xx_usart.o

.bss            0x20000014      0x3a0 load address 0x08001cf8
                0x20000014                _sbss = .
 *(.bss .bss.*)
 .bss           0x20000014      0x234 ..\obj\Serial_synchronization.o
                0x20000014                i
                0x20000018                FirstMessage
 .bss           0x20000248       0xb4 ..\obj\main.o
                0x20000248                counter
                0x2000024c                j
                0x20000250                TxMessageIMU
                0x20000280                RxMessageIMU
 *(COMMON)
 COMMON         0x200002fc       0xb8 ..\obj\main.o
                0x200002fc                Sensor_val
                0x20000374                NVIC_InitStruct
                0x20000378                DMA_InitStructure
                0x200003b4                . = ALIGN (0x4)
                0x200003b4                _ebss = .

.co_stack       0x200003b4      0x804 load address 0x08002098
                0x200003b8                . = ALIGN (0x8)
 *fill*         0x200003b4        0x4 00
 *(.co_stack .co_stack.*)
 .co_stack      0x200003b8      0x800 ..\obj\startup_stm32f4xx.o
                0x200003b8                pulStack
                0x20000bb8                . = ALIGN (0x4)
                0x20000bb8                _end = .
LOAD ..\obj\stm32f4xx_usart.o
LOAD ..\obj\Serial_synchronization.o
LOAD ..\obj\startup_stm32f4xx.o
LOAD ..\obj\main.o
LOAD ..\obj\stm32f4xx_rcc.o
LOAD ..\obj\stm32f4xx_gpio.o
LOAD ..\obj\system_stm32f4xx.o
LOAD ..\obj\stm32f4xx_dma.o
LOAD ..\obj\misc.o
START GROUP
LOAD c:/program files (x86)/gnu tools arm embedded/4.7 2012q4/bin/../lib/gcc/arm-none-eabi/4.7.3/armv7e-m\libgcc.a
LOAD c:/program files (x86)/gnu tools arm embedded/4.7 2012q4/bin/../lib/gcc/arm-none-eabi/4.7.3/../../../../arm-none-eabi/lib/armv7e-m\libg.a
LOAD c:/program files (x86)/gnu tools arm embedded/4.7 2012q4/bin/../lib/gcc/arm-none-eabi/4.7.3/../../../../arm-none-eabi/lib/armv7e-m\libc.a
END GROUP
OUTPUT(Usart_testing_2.elf elf32-littlearm)

.debug_info     0x00000000     0x42d7
 .debug_info    0x00000000      0xa65 ..\obj\stm32f4xx_usart.o
 .debug_info    0x00000a65      0x2bd ..\obj\Serial_synchronization.o
 .debug_info    0x00000d22      0x103 ..\obj\startup_stm32f4xx.o
 .debug_info    0x00000e25      0xdf3 ..\obj\main.o
 .debug_info    0x00001c18      0xd49 ..\obj\stm32f4xx_rcc.o
 .debug_info    0x00002961      0x640 ..\obj\stm32f4xx_gpio.o
 .debug_info    0x00002fa1      0x5f5 ..\obj\system_stm32f4xx.o
 .debug_info    0x00003596      0x7af ..\obj\stm32f4xx_dma.o
 .debug_info    0x00003d45      0x592 ..\obj\misc.o

.debug_abbrev   0x00000000      0xccd
 .debug_abbrev  0x00000000      0x157 ..\obj\stm32f4xx_usart.o
 .debug_abbrev  0x00000157      0x137 ..\obj\Serial_synchronization.o
 .debug_abbrev  0x0000028e       0xb2 ..\obj\startup_stm32f4xx.o
 .debug_abbrev  0x00000340      0x24b ..\obj\main.o
 .debug_abbrev  0x0000058b      0x1e5 ..\obj\stm32f4xx_rcc.o
 .debug_abbrev  0x00000770      0x1a5 ..\obj\stm32f4xx_gpio.o
 .debug_abbrev  0x00000915      0x138 ..\obj\system_stm32f4xx.o
 .debug_abbrev  0x00000a4d      0x157 ..\obj\stm32f4xx_dma.o
 .debug_abbrev  0x00000ba4      0x129 ..\obj\misc.o

.debug_loc      0x00000000     0x1c12
 .debug_loc     0x00000000      0x658 ..\obj\stm32f4xx_usart.o
 .debug_loc     0x00000658       0x64 ..\obj\Serial_synchronization.o
 .debug_loc     0x000006bc       0x64 ..\obj\startup_stm32f4xx.o
 .debug_loc     0x00000720      0x28a ..\obj\main.o
 .debug_loc     0x000009aa      0x97c ..\obj\stm32f4xx_rcc.o
 .debug_loc     0x00001326      0x310 ..\obj\stm32f4xx_gpio.o
 .debug_loc     0x00001636       0x9c ..\obj\system_stm32f4xx.o
 .debug_loc     0x000016d2      0x428 ..\obj\stm32f4xx_dma.o
 .debug_loc     0x00001afa      0x118 ..\obj\misc.o

.debug_aranges  0x00000000      0x4e8
 .debug_aranges
                0x00000000      0x100 ..\obj\stm32f4xx_usart.o
 .debug_aranges
                0x00000100       0x28 ..\obj\Serial_synchronization.o
 .debug_aranges
                0x00000128       0x28 ..\obj\startup_stm32f4xx.o
 .debug_aranges
                0x00000150       0x78 ..\obj\main.o
 .debug_aranges
                0x000001c8      0x178 ..\obj\stm32f4xx_rcc.o
 .debug_aranges
                0x00000340       0x88 ..\obj\stm32f4xx_gpio.o
 .debug_aranges
                0x000003c8       0x30 ..\obj\system_stm32f4xx.o
 .debug_aranges
                0x000003f8       0xb0 ..\obj\stm32f4xx_dma.o
 .debug_aranges
                0x000004a8       0x40 ..\obj\misc.o

.debug_ranges   0x00000000      0x458
 .debug_ranges  0x00000000       0xf0 ..\obj\stm32f4xx_usart.o
 .debug_ranges  0x000000f0       0x18 ..\obj\Serial_synchronization.o
 .debug_ranges  0x00000108       0x18 ..\obj\startup_stm32f4xx.o
 .debug_ranges  0x00000120       0x68 ..\obj\main.o
 .debug_ranges  0x00000188      0x168 ..\obj\stm32f4xx_rcc.o
 .debug_ranges  0x000002f0       0x78 ..\obj\stm32f4xx_gpio.o
 .debug_ranges  0x00000368       0x20 ..\obj\system_stm32f4xx.o
 .debug_ranges  0x00000388       0xa0 ..\obj\stm32f4xx_dma.o
 .debug_ranges  0x00000428       0x30 ..\obj\misc.o

.debug_line     0x00000000     0x1b36
 .debug_line    0x00000000      0x47f ..\obj\stm32f4xx_usart.o
 .debug_line    0x0000047f      0x1cf ..\obj\Serial_synchronization.o
 .debug_line    0x0000064e       0xa3 ..\obj\startup_stm32f4xx.o
 .debug_line    0x000006f1      0x41e ..\obj\main.o
 .debug_line    0x00000b0f      0x576 ..\obj\stm32f4xx_rcc.o
 .debug_line    0x00001085      0x31a ..\obj\stm32f4xx_gpio.o
 .debug_line    0x0000139f      0x1c0 ..\obj\system_stm32f4xx.o
 .debug_line    0x0000155f      0x3b7 ..\obj\stm32f4xx_dma.o
 .debug_line    0x00001916      0x220 ..\obj\misc.o

.debug_str      0x00000000     0x1ec9
 .debug_str     0x00000000      0x5d3 ..\obj\stm32f4xx_usart.o
                                0x634 (size before relaxing)
 .debug_str     0x000005d3       0xb5 ..\obj\Serial_synchronization.o
                                0x21a (size before relaxing)
 .debug_str     0x00000688       0xb2 ..\obj\startup_stm32f4xx.o
                                0x116 (size before relaxing)
 .debug_str     0x0000073a      0xb32 ..\obj\main.o
                                0xd8b (size before relaxing)
 .debug_str     0x0000126c      0x5e5 ..\obj\stm32f4xx_rcc.o
                                0x7f5 (size before relaxing)
 .debug_str     0x00001851      0x195 ..\obj\stm32f4xx_gpio.o
                                0x448 (size before relaxing)
 .debug_str     0x000019e6      0x11a ..\obj\system_stm32f4xx.o
                                0x34f (size before relaxing)
 .debug_str     0x00001b00      0x276 ..\obj\stm32f4xx_dma.o
                                0x4f1 (size before relaxing)
 .debug_str     0x00001d76      0x153 ..\obj\misc.o
                                0x37e (size before relaxing)

.comment        0x00000000       0x70
 .comment       0x00000000       0x70 ..\obj\stm32f4xx_usart.o
                                 0x71 (size before relaxing)
 .comment       0x00000000       0x71 ..\obj\Serial_synchronization.o
 .comment       0x00000000       0x71 ..\obj\startup_stm32f4xx.o
 .comment       0x00000000       0x71 ..\obj\main.o
 .comment       0x00000000       0x71 ..\obj\stm32f4xx_rcc.o
 .comment       0x00000000       0x71 ..\obj\stm32f4xx_gpio.o
 .comment       0x00000000       0x71 ..\obj\system_stm32f4xx.o
 .comment       0x00000000       0x71 ..\obj\stm32f4xx_dma.o
 .comment       0x00000000       0x71 ..\obj\misc.o

.ARM.attributes
                0x00000000       0x33
 .ARM.attributes
                0x00000000       0x33 ..\obj\stm32f4xx_usart.o
 .ARM.attributes
                0x00000033       0x33 ..\obj\Serial_synchronization.o
 .ARM.attributes
                0x00000066       0x33 ..\obj\startup_stm32f4xx.o
 .ARM.attributes
                0x00000099       0x33 ..\obj\main.o
 .ARM.attributes
                0x000000cc       0x33 ..\obj\stm32f4xx_rcc.o
 .ARM.attributes
                0x000000ff       0x33 ..\obj\stm32f4xx_gpio.o
 .ARM.attributes
                0x00000132       0x33 ..\obj\system_stm32f4xx.o
 .ARM.attributes
                0x00000165       0x33 ..\obj\stm32f4xx_dma.o
 .ARM.attributes
                0x00000198       0x33 ..\obj\misc.o

.debug_frame    0x00000000      0xef0
 .debug_frame   0x00000000      0x344 ..\obj\stm32f4xx_usart.o
 .debug_frame   0x00000344       0x4c ..\obj\Serial_synchronization.o
 .debug_frame   0x00000390       0x48 ..\obj\startup_stm32f4xx.o
 .debug_frame   0x000003d8      0x180 ..\obj\main.o
 .debug_frame   0x00000558      0x4d8 ..\obj\stm32f4xx_rcc.o
 .debug_frame   0x00000a30      0x19c ..\obj\stm32f4xx_gpio.o
 .debug_frame   0x00000bcc       0x64 ..\obj\system_stm32f4xx.o
 .debug_frame   0x00000c30      0x224 ..\obj\stm32f4xx_dma.o
 .debug_frame   0x00000e54       0x9c ..\obj\misc.o
