Archive member included because of file (symbol)

c:/program files (x86)/gnu tools arm embedded/4.7 2012q4/bin/../lib/gcc/arm-none-eabi/4.7.3/armv7e-m\libgcc.a(_arm_addsubdf3.o)
                              ..\obj\main.o (__aeabi_f2d)
c:/program files (x86)/gnu tools arm embedded/4.7 2012q4/bin/../lib/gcc/arm-none-eabi/4.7.3/armv7e-m\libgcc.a(_arm_cmpdf2.o)
                              ..\obj\main.o (__aeabi_dcmplt)
c:/program files (x86)/gnu tools arm embedded/4.7 2012q4/bin/../lib/gcc/arm-none-eabi/4.7.3/armv7e-m\libgcc.a(_arm_cmpsf2.o)
                              ..\obj\main.o (__aeabi_fcmpgt)

Allocating common symbols
Common symbol       size              file

Sensor_val          0x78              ..\obj\main.o
i                   0x4               ..\obj\main.o
NVIC_InitStruct     0x4               ..\obj\main.o
DMA_InitStructure   0x3c              ..\obj\main.o

Discarded input sections

 .text          0x00000000        0x0 ..\obj\stm32f4xx_usart.o
 .data          0x00000000        0x0 ..\obj\stm32f4xx_usart.o
 .bss           0x00000000        0x0 ..\obj\stm32f4xx_usart.o
 .text.USART_DeInit
                0x00000000      0x100 ..\obj\stm32f4xx_usart.o
 .text.USART_StructInit
                0x00000000       0x44 ..\obj\stm32f4xx_usart.o
 .text.USART_ClockInit
                0x00000000       0x54 ..\obj\stm32f4xx_usart.o
 .text.USART_ClockStructInit
                0x00000000       0x34 ..\obj\stm32f4xx_usart.o
 .text.USART_SetPrescaler
                0x00000000       0x38 ..\obj\stm32f4xx_usart.o
 .text.USART_OverSampling8Cmd
                0x00000000       0x48 ..\obj\stm32f4xx_usart.o
 .text.USART_OneBitMethodCmd
                0x00000000       0x40 ..\obj\stm32f4xx_usart.o
 .text.USART_SendData
                0x00000000       0x28 ..\obj\stm32f4xx_usart.o
 .text.USART_ReceiveData
                0x00000000       0x24 ..\obj\stm32f4xx_usart.o
 .text.USART_SetAddress
                0x00000000       0x38 ..\obj\stm32f4xx_usart.o
 .text.USART_ReceiverWakeUpCmd
                0x00000000       0x40 ..\obj\stm32f4xx_usart.o
 .text.USART_WakeUpConfig
                0x00000000       0x38 ..\obj\stm32f4xx_usart.o
 .text.USART_LINBreakDetectLengthConfig
                0x00000000       0x38 ..\obj\stm32f4xx_usart.o
 .text.USART_LINCmd
                0x00000000       0x40 ..\obj\stm32f4xx_usart.o
 .text.USART_SendBreak
                0x00000000       0x24 ..\obj\stm32f4xx_usart.o
 .text.USART_HalfDuplexCmd
                0x00000000       0x40 ..\obj\stm32f4xx_usart.o
 .text.USART_SetGuardTime
                0x00000000       0x3c ..\obj\stm32f4xx_usart.o
 .text.USART_SmartCardCmd
                0x00000000       0x40 ..\obj\stm32f4xx_usart.o
 .text.USART_SmartCardNACKCmd
                0x00000000       0x40 ..\obj\stm32f4xx_usart.o
 .text.USART_IrDAConfig
                0x00000000       0x38 ..\obj\stm32f4xx_usart.o
 .text.USART_IrDACmd
                0x00000000       0x40 ..\obj\stm32f4xx_usart.o
 .text.USART_ITConfig
                0x00000000       0xa4 ..\obj\stm32f4xx_usart.o
 .text.USART_GetFlagStatus
                0x00000000       0x40 ..\obj\stm32f4xx_usart.o
 .text.USART_ClearFlag
                0x00000000       0x24 ..\obj\stm32f4xx_usart.o
 .text.USART_GetITStatus
                0x00000000       0xc4 ..\obj\stm32f4xx_usart.o
 .text          0x00000000        0x0 ..\obj\startup_stm32f4xx.o
 .data          0x00000000        0x0 ..\obj\startup_stm32f4xx.o
 .bss           0x00000000        0x0 ..\obj\startup_stm32f4xx.o
 .text          0x00000000        0x0 ..\obj\main.o
 .text.toggle_led
                0x00000000       0x6c ..\obj\main.o
 .text          0x00000000        0x0 ..\obj\stm32f4xx_rcc.o
 .bss           0x00000000        0x0 ..\obj\stm32f4xx_rcc.o
 .text.RCC_DeInit
                0x00000000       0x84 ..\obj\stm32f4xx_rcc.o
 .text.RCC_HSEConfig
                0x00000000       0x30 ..\obj\stm32f4xx_rcc.o
 .text.RCC_WaitForHSEStartUp
                0x00000000       0x64 ..\obj\stm32f4xx_rcc.o
 .text.RCC_AdjustHSICalibrationValue
                0x00000000       0x48 ..\obj\stm32f4xx_rcc.o
 .text.RCC_HSICmd
                0x00000000       0x20 ..\obj\stm32f4xx_rcc.o
 .text.RCC_LSEConfig
                0x00000000       0x60 ..\obj\stm32f4xx_rcc.o
 .text.RCC_LSICmd
                0x00000000       0x20 ..\obj\stm32f4xx_rcc.o
 .text.RCC_PLLConfig
                0x00000000       0x48 ..\obj\stm32f4xx_rcc.o
 .text.RCC_PLLCmd
                0x00000000       0x20 ..\obj\stm32f4xx_rcc.o
 .text.RCC_PLLI2SConfig
                0x00000000       0x30 ..\obj\stm32f4xx_rcc.o
 .text.RCC_PLLI2SCmd
                0x00000000       0x20 ..\obj\stm32f4xx_rcc.o
 .text.RCC_ClockSecuritySystemCmd
                0x00000000       0x20 ..\obj\stm32f4xx_rcc.o
 .text.RCC_MCO1Config
                0x00000000       0x48 ..\obj\stm32f4xx_rcc.o
 .text.RCC_MCO2Config
                0x00000000       0x48 ..\obj\stm32f4xx_rcc.o
 .text.RCC_SYSCLKConfig
                0x00000000       0x40 ..\obj\stm32f4xx_rcc.o
 .text.RCC_HCLKConfig
                0x00000000       0x40 ..\obj\stm32f4xx_rcc.o
 .text.RCC_PCLK1Config
                0x00000000       0x40 ..\obj\stm32f4xx_rcc.o
 .text.RCC_PCLK2Config
                0x00000000       0x44 ..\obj\stm32f4xx_rcc.o
 .text.RCC_RTCCLKConfig
                0x00000000       0x74 ..\obj\stm32f4xx_rcc.o
 .text.RCC_RTCCLKCmd
                0x00000000       0x20 ..\obj\stm32f4xx_rcc.o
 .text.RCC_BackupResetCmd
                0x00000000       0x20 ..\obj\stm32f4xx_rcc.o
 .text.RCC_I2SCLKConfig
                0x00000000       0x20 ..\obj\stm32f4xx_rcc.o
 .text.RCC_AHB2PeriphClockCmd
                0x00000000       0x54 ..\obj\stm32f4xx_rcc.o
 .text.RCC_AHB3PeriphClockCmd
                0x00000000       0x54 ..\obj\stm32f4xx_rcc.o
 .text.RCC_APB2PeriphClockCmd
                0x00000000       0x54 ..\obj\stm32f4xx_rcc.o
 .text.RCC_AHB1PeriphResetCmd
                0x00000000       0x54 ..\obj\stm32f4xx_rcc.o
 .text.RCC_AHB2PeriphResetCmd
                0x00000000       0x54 ..\obj\stm32f4xx_rcc.o
 .text.RCC_AHB3PeriphResetCmd
                0x00000000       0x54 ..\obj\stm32f4xx_rcc.o
 .text.RCC_APB1PeriphResetCmd
                0x00000000       0x54 ..\obj\stm32f4xx_rcc.o
 .text.RCC_APB2PeriphResetCmd
                0x00000000       0x54 ..\obj\stm32f4xx_rcc.o
 .text.RCC_AHB1PeriphClockLPModeCmd
                0x00000000       0x54 ..\obj\stm32f4xx_rcc.o
 .text.RCC_AHB2PeriphClockLPModeCmd
                0x00000000       0x54 ..\obj\stm32f4xx_rcc.o
 .text.RCC_AHB3PeriphClockLPModeCmd
                0x00000000       0x54 ..\obj\stm32f4xx_rcc.o
 .text.RCC_APB1PeriphClockLPModeCmd
                0x00000000       0x54 ..\obj\stm32f4xx_rcc.o
 .text.RCC_APB2PeriphClockLPModeCmd
                0x00000000       0x54 ..\obj\stm32f4xx_rcc.o
 .text.RCC_ITConfig
                0x00000000       0x60 ..\obj\stm32f4xx_rcc.o
 .text.RCC_GetFlagStatus
                0x00000000       0x90 ..\obj\stm32f4xx_rcc.o
 .text.RCC_ClearFlag
                0x00000000       0x24 ..\obj\stm32f4xx_rcc.o
 .text.RCC_GetITStatus
                0x00000000       0x40 ..\obj\stm32f4xx_rcc.o
 .text.RCC_ClearITPendingBit
                0x00000000       0x20 ..\obj\stm32f4xx_rcc.o
 .text          0x00000000        0x0 ..\obj\stm32f4xx_gpio.o
 .data          0x00000000        0x0 ..\obj\stm32f4xx_gpio.o
 .bss           0x00000000        0x0 ..\obj\stm32f4xx_gpio.o
 .text.GPIO_DeInit
                0x00000000      0x178 ..\obj\stm32f4xx_gpio.o
 .text.GPIO_StructInit
                0x00000000       0x3c ..\obj\stm32f4xx_gpio.o
 .text.GPIO_PinLockConfig
                0x00000000       0x44 ..\obj\stm32f4xx_gpio.o
 .text.GPIO_ReadInputDataBit
                0x00000000       0x3c ..\obj\stm32f4xx_gpio.o
 .text.GPIO_ReadInputData
                0x00000000       0x1c ..\obj\stm32f4xx_gpio.o
 .text.GPIO_ReadOutputDataBit
                0x00000000       0x3c ..\obj\stm32f4xx_gpio.o
 .text.GPIO_ReadOutputData
                0x00000000       0x1c ..\obj\stm32f4xx_gpio.o
 .text.GPIO_WriteBit
                0x00000000       0x30 ..\obj\stm32f4xx_gpio.o
 .text.GPIO_Write
                0x00000000       0x1c ..\obj\stm32f4xx_gpio.o
 .text.GPIO_ToggleBits
                0x00000000       0x24 ..\obj\stm32f4xx_gpio.o
 .text          0x00000000        0x0 ..\obj\system_stm32f4xx.o
 .data          0x00000000       0x14 ..\obj\system_stm32f4xx.o
 .bss           0x00000000        0x0 ..\obj\system_stm32f4xx.o
 .text.SystemCoreClockUpdate
                0x00000000      0x170 ..\obj\system_stm32f4xx.o
 .text          0x00000000        0x0 ..\obj\stm32f4xx_dma.o
 .data          0x00000000        0x0 ..\obj\stm32f4xx_dma.o
 .bss           0x00000000        0x0 ..\obj\stm32f4xx_dma.o
 .text.DMA_DeInit
                0x00000000      0x244 ..\obj\stm32f4xx_dma.o
 .text.DMA_StructInit
                0x00000000       0x8c ..\obj\stm32f4xx_dma.o
 .text.DMA_PeriphIncOffsetSizeConfig
                0x00000000       0x34 ..\obj\stm32f4xx_dma.o
 .text.DMA_FlowControllerConfig
                0x00000000       0x34 ..\obj\stm32f4xx_dma.o
 .text.DMA_GetCurrDataCounter
                0x00000000       0x1c ..\obj\stm32f4xx_dma.o
 .text.DMA_DoubleBufferModeConfig
                0x00000000       0x3c ..\obj\stm32f4xx_dma.o
 .text.DMA_DoubleBufferModeCmd
                0x00000000       0x38 ..\obj\stm32f4xx_dma.o
 .text.DMA_MemoryTargetConfig
                0x00000000       0x2c ..\obj\stm32f4xx_dma.o
 .text.DMA_GetCurrentMemoryTarget
                0x00000000       0x38 ..\obj\stm32f4xx_dma.o
 .text.DMA_GetFIFOStatus
                0x00000000       0x28 ..\obj\stm32f4xx_dma.o
 .text.DMA_GetFlagStatus
                0x00000000       0x84 ..\obj\stm32f4xx_dma.o
 .text.DMA_GetITStatus
                0x00000000       0xc0 ..\obj\stm32f4xx_dma.o
 .text          0x00000000        0x0 ..\obj\misc.o
 .data          0x00000000        0x0 ..\obj\misc.o
 .bss           0x00000000        0x0 ..\obj\misc.o
 .text.NVIC_PriorityGroupConfig
                0x00000000       0x28 ..\obj\misc.o
 .text.NVIC_SetVectorTable
                0x00000000       0x2c ..\obj\misc.o
 .text.NVIC_SystemLPConfig
                0x00000000       0x54 ..\obj\misc.o
 .text.SysTick_CLKSourceConfig
                0x00000000       0x4c ..\obj\misc.o
 .data          0x00000000        0x0 c:/program files (x86)/gnu tools arm embedded/4.7 2012q4/bin/../lib/gcc/arm-none-eabi/4.7.3/armv7e-m\libgcc.a(_arm_addsubdf3.o)
 .bss           0x00000000        0x0 c:/program files (x86)/gnu tools arm embedded/4.7 2012q4/bin/../lib/gcc/arm-none-eabi/4.7.3/armv7e-m\libgcc.a(_arm_addsubdf3.o)
 .data          0x00000000        0x0 c:/program files (x86)/gnu tools arm embedded/4.7 2012q4/bin/../lib/gcc/arm-none-eabi/4.7.3/armv7e-m\libgcc.a(_arm_cmpdf2.o)
 .bss           0x00000000        0x0 c:/program files (x86)/gnu tools arm embedded/4.7 2012q4/bin/../lib/gcc/arm-none-eabi/4.7.3/armv7e-m\libgcc.a(_arm_cmpdf2.o)
 .data          0x00000000        0x0 c:/program files (x86)/gnu tools arm embedded/4.7 2012q4/bin/../lib/gcc/arm-none-eabi/4.7.3/armv7e-m\libgcc.a(_arm_cmpsf2.o)
 .bss           0x00000000        0x0 c:/program files (x86)/gnu tools arm embedded/4.7 2012q4/bin/../lib/gcc/arm-none-eabi/4.7.3/armv7e-m\libgcc.a(_arm_cmpsf2.o)

Memory Configuration

Name             Origin             Length             Attributes
rom              0x08000000         0x00100000         xr
ram              0x20000000         0x00020000         xrw
ram1             0x10000000         0x00010000         xrw
*default*        0x00000000         0xffffffff

Linker script and memory map

                0x20020000                _eram = 0x20020000

.text           0x08000000     0x2218
 *(.isr_vector .isr_vector.*)
 .isr_vector    0x08000000      0x188 ..\obj\startup_stm32f4xx.o
                0x08000000                g_pfnVectors
 *(.text .text.* .gnu.linkonce.t.*)
 .text.USART_Init
                0x08000188      0x1ac ..\obj\stm32f4xx_usart.o
                0x08000188                USART_Init
 .text.USART_Cmd
                0x08000334       0x40 ..\obj\stm32f4xx_usart.o
                0x08000334                USART_Cmd
 .text.USART_DMACmd
                0x08000374       0x48 ..\obj\stm32f4xx_usart.o
                0x08000374                USART_DMACmd
 .text.USART_ClearITPendingBit
                0x080003bc       0x44 ..\obj\stm32f4xx_usart.o
                0x080003bc                USART_ClearITPendingBit
 .text.Default_Reset_Handler
                0x08000400       0x6c ..\obj\startup_stm32f4xx.o
                0x08000400                Default_Reset_Handler
                0x08000400                Reset_Handler
 .text.Default_Handler
                0x0800046c        0x8 ..\obj\startup_stm32f4xx.o
                0x0800046c                RTC_Alarm_IRQHandler
                0x0800046c                HASH_RNG_IRQHandler
                0x0800046c                EXTI2_IRQHandler
                0x0800046c                TIM8_CC_IRQHandler
                0x0800046c                DebugMon_Handler
                0x0800046c                TIM1_CC_IRQHandler
                0x0800046c                DMA2_Stream5_IRQHandler
                0x0800046c                HardFault_Handler
                0x0800046c                DMA1_Stream5_IRQHandler
                0x0800046c                SysTick_Handler
                0x0800046c                PVD_IRQHandler
                0x0800046c                SDIO_IRQHandler
                0x0800046c                TAMP_STAMP_IRQHandler
                0x0800046c                PendSV_Handler
                0x0800046c                NMI_Handler
                0x0800046c                CAN2_RX1_IRQHandler
                0x0800046c                EXTI3_IRQHandler
                0x0800046c                TIM8_TRG_COM_TIM14_IRQHandler
                0x0800046c                TIM1_UP_TIM10_IRQHandler
                0x0800046c                TIM8_UP_TIM13_IRQHandler
                0x0800046c                I2C3_ER_IRQHandler
                0x0800046c                EXTI0_IRQHandler
                0x0800046c                I2C2_EV_IRQHandler
                0x0800046c                DMA1_Stream2_IRQHandler
                0x0800046c                CAN1_RX0_IRQHandler
                0x0800046c                FPU_IRQHandler
                0x0800046c                OTG_HS_WKUP_IRQHandler
                0x0800046c                UsageFault_Handler
                0x0800046c                CAN2_SCE_IRQHandler
                0x0800046c                DMA2_Stream2_IRQHandler
                0x0800046c                SPI1_IRQHandler
                0x0800046c                TIM6_DAC_IRQHandler
                0x0800046c                TIM1_BRK_TIM9_IRQHandler
                0x0800046c                DCMI_IRQHandler
                0x0800046c                CAN2_RX0_IRQHandler
                0x0800046c                DMA2_Stream3_IRQHandler
                0x0800046c                USART6_IRQHandler
                0x0800046c                USART3_IRQHandler
                0x0800046c                CRYP_IRQHandler
                0x0800046c                CAN1_RX1_IRQHandler
                0x0800046c                UART5_IRQHandler
                0x0800046c                DMA2_Stream0_IRQHandler
                0x0800046c                TIM4_IRQHandler
                0x0800046c                I2C1_EV_IRQHandler
                0x0800046c                DMA1_Stream6_IRQHandler
                0x0800046c                UART4_IRQHandler
                0x0800046c                TIM3_IRQHandler
                0x0800046c                RCC_IRQHandler
                0x0800046c                TIM8_BRK_TIM12_IRQHandler
                0x0800046c                EXTI15_10_IRQHandler
                0x0800046c                ADC_IRQHandler
                0x0800046c                DMA1_Stream7_IRQHandler
                0x0800046c                TIM7_IRQHandler
                0x0800046c                CAN2_TX_IRQHandler
                0x0800046c                TIM5_IRQHandler
                0x0800046c                DMA2_Stream7_IRQHandler
                0x0800046c                I2C3_EV_IRQHandler
                0x0800046c                EXTI9_5_IRQHandler
                0x0800046c                RTC_WKUP_IRQHandler
                0x0800046c                ETH_WKUP_IRQHandler
                0x0800046c                SPI2_IRQHandler
                0x0800046c                OTG_HS_EP1_IN_IRQHandler
                0x0800046c                MemManage_Handler
                0x0800046c                DMA1_Stream0_IRQHandler
                0x0800046c                CAN1_TX_IRQHandler
                0x0800046c                SVC_Handler
                0x0800046c                EXTI4_IRQHandler
                0x0800046c                FSMC_IRQHandler
                0x0800046c                ETH_IRQHandler
                0x0800046c                OTG_HS_EP1_OUT_IRQHandler
                0x0800046c                WWDG_IRQHandler
                0x0800046c                TIM2_IRQHandler
                0x0800046c                OTG_FS_WKUP_IRQHandler
                0x0800046c                TIM1_TRG_COM_TIM11_IRQHandler
                0x0800046c                OTG_HS_IRQHandler
                0x0800046c                EXTI1_IRQHandler
                0x0800046c                USART2_IRQHandler
                0x0800046c                I2C2_ER_IRQHandler
                0x0800046c                DMA2_Stream1_IRQHandler
                0x0800046c                CAN1_SCE_IRQHandler
                0x0800046c                FLASH_IRQHandler
                0x0800046c                DMA2_Stream4_IRQHandler
                0x0800046c                BusFault_Handler
                0x0800046c                USART1_IRQHandler
                0x0800046c                OTG_FS_IRQHandler
                0x0800046c                SPI3_IRQHandler
                0x0800046c                DMA1_Stream4_IRQHandler
                0x0800046c                I2C1_ER_IRQHandler
                0x0800046c                DMA2_Stream6_IRQHandler
 .text.main     0x08000474       0x4c ..\obj\main.o
                0x08000474                main
 .text.USART_Config
                0x080004c0      0x358 ..\obj\main.o
                0x080004c0                USART_Config
 .text.SendMsgIMU
                0x08000818      0x15c ..\obj\main.o
                0x08000818                SendMsgIMU
 .text.Start_Continious_Mode
                0x08000974       0x50 ..\obj\main.o
                0x08000974                Start_Continious_Mode
 .text.calcCRC  0x080009c4       0x98 ..\obj\main.o
                0x080009c4                calcCRC
 .text.DMA1_Stream3_IRQHandler
                0x08000a5c       0x58 ..\obj\main.o
                0x08000a5c                DMA1_Stream3_IRQHandler
 .text.DMA1_Stream1_IRQHandler
                0x08000ab4      0x1ec ..\obj\main.o
                0x08000ab4                DMA1_Stream1_IRQHandler
 .text.Read_data
                0x08000ca0      0x3e8 ..\obj\main.o
                0x08000ca0                Read_data
 .text.led_init
                0x08001088       0xf8 ..\obj\main.o
                0x08001088                led_init
 .text.led_on   0x08001180       0x6c ..\obj\main.o
                0x08001180                led_on
 .text.led_off  0x080011ec       0x6c ..\obj\main.o
                0x080011ec                led_off
 .text.Delay    0x08001258       0x2c ..\obj\main.o
                0x08001258                Delay
 .text.RCC_GetSYSCLKSource
                0x08001284       0x20 ..\obj\stm32f4xx_rcc.o
                0x08001284                RCC_GetSYSCLKSource
 .text.RCC_GetClocksFreq
                0x080012a4      0x1cc ..\obj\stm32f4xx_rcc.o
                0x080012a4                RCC_GetClocksFreq
 .text.RCC_AHB1PeriphClockCmd
                0x08001470       0x54 ..\obj\stm32f4xx_rcc.o
                0x08001470                RCC_AHB1PeriphClockCmd
 .text.RCC_APB1PeriphClockCmd
                0x080014c4       0x54 ..\obj\stm32f4xx_rcc.o
                0x080014c4                RCC_APB1PeriphClockCmd
 .text.GPIO_Init
                0x08001518      0x144 ..\obj\stm32f4xx_gpio.o
                0x08001518                GPIO_Init
 .text.GPIO_SetBits
                0x0800165c       0x1c ..\obj\stm32f4xx_gpio.o
                0x0800165c                GPIO_SetBits
 .text.GPIO_ResetBits
                0x08001678       0x1c ..\obj\stm32f4xx_gpio.o
                0x08001678                GPIO_ResetBits
 .text.GPIO_PinAFConfig
                0x08001694       0xa8 ..\obj\stm32f4xx_gpio.o
                0x08001694                GPIO_PinAFConfig
 .text.SystemInit
                0x0800173c       0x94 ..\obj\system_stm32f4xx.o
                0x0800173c                SystemInit
 .text.SetSysClock
                0x080017d0      0x188 ..\obj\system_stm32f4xx.o
 .text.DMA_Init
                0x08001958       0xb0 ..\obj\stm32f4xx_dma.o
                0x08001958                DMA_Init
 .text.DMA_Cmd  0x08001a08       0x38 ..\obj\stm32f4xx_dma.o
                0x08001a08                DMA_Cmd
 .text.DMA_SetCurrDataCounter
                0x08001a40       0x1c ..\obj\stm32f4xx_dma.o
                0x08001a40                DMA_SetCurrDataCounter
 .text.DMA_GetCmdStatus
                0x08001a5c       0x38 ..\obj\stm32f4xx_dma.o
                0x08001a5c                DMA_GetCmdStatus
 .text.DMA_ClearFlag
                0x08001a94       0x60 ..\obj\stm32f4xx_dma.o
                0x08001a94                DMA_ClearFlag
 .text.DMA_ITConfig
                0x08001af4       0x74 ..\obj\stm32f4xx_dma.o
                0x08001af4                DMA_ITConfig
 .text.DMA_ClearITPendingBit
                0x08001b68       0x60 ..\obj\stm32f4xx_dma.o
                0x08001b68                DMA_ClearITPendingBit
 .text.NVIC_Init
                0x08001bc8       0xe4 ..\obj\misc.o
                0x08001bc8                NVIC_Init
 .text          0x08001cac      0x370 c:/program files (x86)/gnu tools arm embedded/4.7 2012q4/bin/../lib/gcc/arm-none-eabi/4.7.3/armv7e-m\libgcc.a(_arm_addsubdf3.o)
                0x08001cac                __aeabi_drsub
                0x08001cb4                __aeabi_dsub
                0x08001cb4                __subdf3
                0x08001cb8                __aeabi_dadd
                0x08001cb8                __adddf3
                0x08001f30                __floatunsidf
                0x08001f30                __aeabi_ui2d
                0x08001f50                __floatsidf
                0x08001f50                __aeabi_i2d
                0x08001f74                __aeabi_f2d
                0x08001f74                __extendsfdf2
                0x08001fb0                __floatundidf
                0x08001fb0                __aeabi_ul2d
                0x08001fc0                __floatdidf
                0x08001fc0                __aeabi_l2d
 .text          0x0800201c      0x110 c:/program files (x86)/gnu tools arm embedded/4.7 2012q4/bin/../lib/gcc/arm-none-eabi/4.7.3/armv7e-m\libgcc.a(_arm_cmpdf2.o)
                0x0800201c                __gtdf2
                0x0800201c                __gedf2
                0x08002024                __ltdf2
                0x08002024                __ledf2
                0x0800202c                __nedf2
                0x0800202c                __eqdf2
                0x0800202c                __cmpdf2
                0x080020a8                __aeabi_cdrcmple
                0x080020b8                __aeabi_cdcmpeq
                0x080020b8                __aeabi_cdcmple
                0x080020c8                __aeabi_dcmpeq
                0x080020dc                __aeabi_dcmplt
                0x080020f0                __aeabi_dcmple
                0x08002104                __aeabi_dcmpge
                0x08002118                __aeabi_dcmpgt
 .text          0x0800212c       0xec c:/program files (x86)/gnu tools arm embedded/4.7 2012q4/bin/../lib/gcc/arm-none-eabi/4.7.3/armv7e-m\libgcc.a(_arm_cmpsf2.o)
                0x0800212c                __gesf2
                0x0800212c                __gtsf2
                0x08002134                __lesf2
                0x08002134                __ltsf2
                0x0800213c                __nesf2
                0x0800213c                __eqsf2
                0x0800213c                __cmpsf2
                0x0800219c                __aeabi_cfrcmple
                0x080021a4                __aeabi_cfcmpeq
                0x080021a4                __aeabi_cfcmple
                0x080021b4                __aeabi_fcmpeq
                0x080021c8                __aeabi_fcmplt
                0x080021dc                __aeabi_fcmple
                0x080021f0                __aeabi_fcmpge
                0x08002204                __aeabi_fcmpgt
 *(.glue_7t)
 .glue_7t       0x00000000        0x0 linker stubs
 *(.glue_7)
 .glue_7        0x00000000        0x0 linker stubs
 *(.rodata .rodata* .gnu.linkonce.r.*)

.vfp11_veneer   0x08002218        0x0
 .vfp11_veneer  0x00000000        0x0 linker stubs

.v4_bx          0x08002218        0x0
 .v4_bx         0x00000000        0x0 linker stubs

.iplt           0x08002218        0x0
 .iplt          0x00000000        0x0 ..\obj\stm32f4xx_usart.o

.rel.dyn        0x08002218        0x0
 .rel.iplt      0x00000000        0x0 ..\obj\stm32f4xx_usart.o

.ARM.extab
 *(.ARM.extab* .gnu.linkonce.armextab.*)
                0x08002218                __exidx_start = .

.ARM.exidx
 *(.ARM.exidx* .gnu.linkonce.armexidx.*)
                0x08002218                __exidx_end = .
                0x08002218                . = ALIGN (0x4)
                0x08002218                _etext = .
                0x08002218                _sidata = .

.data           0x20000000       0x14 load address 0x08002218
                0x20000000                _sdata = .
 *(.data .data.*)
 .data          0x20000000        0x2 ..\obj\main.o
                0x20000000                SYNCX_IMU
                0x20000001                STX_IMU
 *fill*         0x20000002        0x2 00
 .data          0x20000004       0x10 ..\obj\stm32f4xx_rcc.o
                0x20000014                . = ALIGN (0x4)
                0x20000014                _edata = .

.igot.plt       0x20000014        0x0 load address 0x0800222c
 .igot.plt      0x00000000        0x0 ..\obj\stm32f4xx_usart.o

.bss            0x20000014      0x134 load address 0x0800222c
                0x20000014                _sbss = .
 *(.bss .bss.*)
 .bss           0x20000014       0x78 ..\obj\main.o
                0x20000014                counter
                0x20000018                j
                0x2000001c                TxMessageIMU
                0x2000004c                RxMessageIMU
 *(COMMON)
 COMMON         0x2000008c       0xbc ..\obj\main.o
                0x2000008c                Sensor_val
                0x20000104                i
                0x20000108                NVIC_InitStruct
                0x2000010c                DMA_InitStructure
                0x20000148                . = ALIGN (0x4)
                0x20000148                _ebss = .

.co_stack       0x20000148      0x800 load address 0x08002360
                0x20000148                . = ALIGN (0x8)
 *(.co_stack .co_stack.*)
 .co_stack      0x20000148      0x800 ..\obj\startup_stm32f4xx.o
                0x20000148                pulStack
                0x20000948                . = ALIGN (0x4)
                0x20000948                _end = .
LOAD ..\obj\stm32f4xx_usart.o
LOAD ..\obj\startup_stm32f4xx.o
LOAD ..\obj\main.o
LOAD ..\obj\stm32f4xx_rcc.o
LOAD ..\obj\stm32f4xx_gpio.o
LOAD ..\obj\system_stm32f4xx.o
LOAD ..\obj\stm32f4xx_dma.o
LOAD ..\obj\misc.o
START GROUP
LOAD c:/program files (x86)/gnu tools arm embedded/4.7 2012q4/bin/../lib/gcc/arm-none-eabi/4.7.3/armv7e-m\libgcc.a
LOAD c:/program files (x86)/gnu tools arm embedded/4.7 2012q4/bin/../lib/gcc/arm-none-eabi/4.7.3/../../../../arm-none-eabi/lib/armv7e-m\libg.a
LOAD c:/program files (x86)/gnu tools arm embedded/4.7 2012q4/bin/../lib/gcc/arm-none-eabi/4.7.3/../../../../arm-none-eabi/lib/armv7e-m\libc.a
END GROUP
OUTPUT(Usart_testing_2.elf elf32-littlearm)

.debug_info     0x00000000     0x4062
 .debug_info    0x00000000      0xa65 ..\obj\stm32f4xx_usart.o
 .debug_info    0x00000a65      0x103 ..\obj\startup_stm32f4xx.o
 .debug_info    0x00000b68      0xe3b ..\obj\main.o
 .debug_info    0x000019a3      0xd49 ..\obj\stm32f4xx_rcc.o
 .debug_info    0x000026ec      0x640 ..\obj\stm32f4xx_gpio.o
 .debug_info    0x00002d2c      0x5f5 ..\obj\system_stm32f4xx.o
 .debug_info    0x00003321      0x7af ..\obj\stm32f4xx_dma.o
 .debug_info    0x00003ad0      0x592 ..\obj\misc.o

.debug_abbrev   0x00000000      0xb7c
 .debug_abbrev  0x00000000      0x157 ..\obj\stm32f4xx_usart.o
 .debug_abbrev  0x00000157       0xb2 ..\obj\startup_stm32f4xx.o
 .debug_abbrev  0x00000209      0x231 ..\obj\main.o
 .debug_abbrev  0x0000043a      0x1e5 ..\obj\stm32f4xx_rcc.o
 .debug_abbrev  0x0000061f      0x1a5 ..\obj\stm32f4xx_gpio.o
 .debug_abbrev  0x000007c4      0x138 ..\obj\system_stm32f4xx.o
 .debug_abbrev  0x000008fc      0x157 ..\obj\stm32f4xx_dma.o
 .debug_abbrev  0x00000a53      0x129 ..\obj\misc.o

.debug_loc      0x00000000     0x1be6
 .debug_loc     0x00000000      0x658 ..\obj\stm32f4xx_usart.o
 .debug_loc     0x00000658       0x64 ..\obj\startup_stm32f4xx.o
 .debug_loc     0x000006bc      0x2c2 ..\obj\main.o
 .debug_loc     0x0000097e      0x97c ..\obj\stm32f4xx_rcc.o
 .debug_loc     0x000012fa      0x310 ..\obj\stm32f4xx_gpio.o
 .debug_loc     0x0000160a       0x9c ..\obj\system_stm32f4xx.o
 .debug_loc     0x000016a6      0x428 ..\obj\stm32f4xx_dma.o
 .debug_loc     0x00001ace      0x118 ..\obj\misc.o

.debug_aranges  0x00000000      0x4c8
 .debug_aranges
                0x00000000      0x100 ..\obj\stm32f4xx_usart.o
 .debug_aranges
                0x00000100       0x28 ..\obj\startup_stm32f4xx.o
 .debug_aranges
                0x00000128       0x80 ..\obj\main.o
 .debug_aranges
                0x000001a8      0x178 ..\obj\stm32f4xx_rcc.o
 .debug_aranges
                0x00000320       0x88 ..\obj\stm32f4xx_gpio.o
 .debug_aranges
                0x000003a8       0x30 ..\obj\system_stm32f4xx.o
 .debug_aranges
                0x000003d8       0xb0 ..\obj\stm32f4xx_dma.o
 .debug_aranges
                0x00000488       0x40 ..\obj\misc.o

.debug_ranges   0x00000000      0x448
 .debug_ranges  0x00000000       0xf0 ..\obj\stm32f4xx_usart.o
 .debug_ranges  0x000000f0       0x18 ..\obj\startup_stm32f4xx.o
 .debug_ranges  0x00000108       0x70 ..\obj\main.o
 .debug_ranges  0x00000178      0x168 ..\obj\stm32f4xx_rcc.o
 .debug_ranges  0x000002e0       0x78 ..\obj\stm32f4xx_gpio.o
 .debug_ranges  0x00000358       0x20 ..\obj\system_stm32f4xx.o
 .debug_ranges  0x00000378       0xa0 ..\obj\stm32f4xx_dma.o
 .debug_ranges  0x00000418       0x30 ..\obj\misc.o

.debug_line     0x00000000     0x1a50
 .debug_line    0x00000000      0x497 ..\obj\stm32f4xx_usart.o
 .debug_line    0x00000497       0xa9 ..\obj\startup_stm32f4xx.o
 .debug_line    0x00000540      0x47d ..\obj\main.o
 .debug_line    0x000009bd      0x58e ..\obj\stm32f4xx_rcc.o
 .debug_line    0x00000f4b      0x332 ..\obj\stm32f4xx_gpio.o
 .debug_line    0x0000127d      0x1cc ..\obj\system_stm32f4xx.o
 .debug_line    0x00001449      0x3cf ..\obj\stm32f4xx_dma.o
 .debug_line    0x00001818      0x238 ..\obj\misc.o

.debug_str      0x00000000     0x1e92
 .debug_str     0x00000000      0x5d9 ..\obj\stm32f4xx_usart.o
                                0x63a (size before relaxing)
 .debug_str     0x000005d9       0xb8 ..\obj\startup_stm32f4xx.o
                                0x11c (size before relaxing)
 .debug_str     0x00000691      0xb86 ..\obj\main.o
                                0xda1 (size before relaxing)
 .debug_str     0x00001217      0x5eb ..\obj\stm32f4xx_rcc.o
                                0x7fb (size before relaxing)
 .debug_str     0x00001802      0x19b ..\obj\stm32f4xx_gpio.o
                                0x44e (size before relaxing)
 .debug_str     0x0000199d      0x120 ..\obj\system_stm32f4xx.o
                                0x355 (size before relaxing)
 .debug_str     0x00001abd      0x27c ..\obj\stm32f4xx_dma.o
                                0x4f7 (size before relaxing)
 .debug_str     0x00001d39      0x159 ..\obj\misc.o
                                0x384 (size before relaxing)

.comment        0x00000000       0x70
 .comment       0x00000000       0x70 ..\obj\stm32f4xx_usart.o
                                 0x71 (size before relaxing)
 .comment       0x00000000       0x71 ..\obj\startup_stm32f4xx.o
 .comment       0x00000000       0x71 ..\obj\main.o
 .comment       0x00000000       0x71 ..\obj\stm32f4xx_rcc.o
 .comment       0x00000000       0x71 ..\obj\stm32f4xx_gpio.o
 .comment       0x00000000       0x71 ..\obj\system_stm32f4xx.o
 .comment       0x00000000       0x71 ..\obj\stm32f4xx_dma.o
 .comment       0x00000000       0x71 ..\obj\misc.o

.ARM.attributes
                0x00000000       0x33
 .ARM.attributes
                0x00000000       0x33 ..\obj\stm32f4xx_usart.o
 .ARM.attributes
                0x00000033       0x33 ..\obj\startup_stm32f4xx.o
 .ARM.attributes
                0x00000066       0x33 ..\obj\main.o
 .ARM.attributes
                0x00000099       0x33 ..\obj\stm32f4xx_rcc.o
 .ARM.attributes
                0x000000cc       0x33 ..\obj\stm32f4xx_gpio.o
 .ARM.attributes
                0x000000ff       0x33 ..\obj\system_stm32f4xx.o
 .ARM.attributes
                0x00000132       0x33 ..\obj\stm32f4xx_dma.o
 .ARM.attributes
                0x00000165       0x33 ..\obj\misc.o
 .ARM.attributes
                0x00000198       0x1e c:/program files (x86)/gnu tools arm embedded/4.7 2012q4/bin/../lib/gcc/arm-none-eabi/4.7.3/armv7e-m\libgcc.a(_arm_addsubdf3.o)
 .ARM.attributes
                0x000001b6       0x1e c:/program files (x86)/gnu tools arm embedded/4.7 2012q4/bin/../lib/gcc/arm-none-eabi/4.7.3/armv7e-m\libgcc.a(_arm_cmpdf2.o)
 .ARM.attributes
                0x000001d4       0x1e c:/program files (x86)/gnu tools arm embedded/4.7 2012q4/bin/../lib/gcc/arm-none-eabi/4.7.3/armv7e-m\libgcc.a(_arm_cmpsf2.o)

.debug_frame    0x00000000      0xec8
 .debug_frame   0x00000000      0x344 ..\obj\stm32f4xx_usart.o
 .debug_frame   0x00000344       0x48 ..\obj\startup_stm32f4xx.o
 .debug_frame   0x0000038c      0x1a4 ..\obj\main.o
 .debug_frame   0x00000530      0x4d8 ..\obj\stm32f4xx_rcc.o
 .debug_frame   0x00000a08      0x19c ..\obj\stm32f4xx_gpio.o
 .debug_frame   0x00000ba4       0x64 ..\obj\system_stm32f4xx.o
 .debug_frame   0x00000c08      0x224 ..\obj\stm32f4xx_dma.o
 .debug_frame   0x00000e2c       0x9c ..\obj\misc.o
