
Allocating common symbols
Common symbol       size              file

Helios_val          0x30              ..\obj\main.o
helios_stop         0x4               ..\obj\main.o
old_phi_y_soll      0x4               ..\obj\main.o
old_phi_dot_y_soll  0x4               ..\obj\main.o
phi_dot             0x28              ..\obj\main.o
Sensor_val          0x78              ..\obj\main.o
i                   0x4               ..\obj\main.o
Control_Mode        0x1               ..\obj\main.o
old_theta_z_soll    0x4               ..\obj\main.o
old_phi_x_soll      0x4               ..\obj\main.o
old_phi_dot_x_soll  0x4               ..\obj\main.o
DMA_InitStructure   0x3c              ..\obj\main.o
cmd                 0x1               ..\obj\main.o

Discarded input sections

 .text          0x00000000        0x0 ..\obj\stm32f4xx_usart.o
 .data          0x00000000        0x0 ..\obj\stm32f4xx_usart.o
 .bss           0x00000000        0x0 ..\obj\stm32f4xx_usart.o
 .text.USART_DeInit
                0x00000000      0x100 ..\obj\stm32f4xx_usart.o
 .text.USART_StructInit
                0x00000000       0x44 ..\obj\stm32f4xx_usart.o
 .text.USART_ClockInit
                0x00000000       0x54 ..\obj\stm32f4xx_usart.o
 .text.USART_ClockStructInit
                0x00000000       0x34 ..\obj\stm32f4xx_usart.o
 .text.USART_SetPrescaler
                0x00000000       0x38 ..\obj\stm32f4xx_usart.o
 .text.USART_OverSampling8Cmd
                0x00000000       0x48 ..\obj\stm32f4xx_usart.o
 .text.USART_OneBitMethodCmd
                0x00000000       0x40 ..\obj\stm32f4xx_usart.o
 .text.USART_SendData
                0x00000000       0x28 ..\obj\stm32f4xx_usart.o
 .text.USART_ReceiveData
                0x00000000       0x24 ..\obj\stm32f4xx_usart.o
 .text.USART_SetAddress
                0x00000000       0x38 ..\obj\stm32f4xx_usart.o
 .text.USART_ReceiverWakeUpCmd
                0x00000000       0x40 ..\obj\stm32f4xx_usart.o
 .text.USART_WakeUpConfig
                0x00000000       0x38 ..\obj\stm32f4xx_usart.o
 .text.USART_LINBreakDetectLengthConfig
                0x00000000       0x38 ..\obj\stm32f4xx_usart.o
 .text.USART_LINCmd
                0x00000000       0x40 ..\obj\stm32f4xx_usart.o
 .text.USART_SendBreak
                0x00000000       0x24 ..\obj\stm32f4xx_usart.o
 .text.USART_HalfDuplexCmd
                0x00000000       0x40 ..\obj\stm32f4xx_usart.o
 .text.USART_SetGuardTime
                0x00000000       0x3c ..\obj\stm32f4xx_usart.o
 .text.USART_SmartCardCmd
                0x00000000       0x40 ..\obj\stm32f4xx_usart.o
 .text.USART_SmartCardNACKCmd
                0x00000000       0x40 ..\obj\stm32f4xx_usart.o
 .text.USART_IrDAConfig
                0x00000000       0x38 ..\obj\stm32f4xx_usart.o
 .text.USART_IrDACmd
                0x00000000       0x40 ..\obj\stm32f4xx_usart.o
 .text.USART_GetITStatus
                0x00000000       0xc4 ..\obj\stm32f4xx_usart.o
 .text          0x00000000        0x0 ..\obj\startup_stm32f4xx.o
 .data          0x00000000        0x0 ..\obj\startup_stm32f4xx.o
 .bss           0x00000000        0x0 ..\obj\startup_stm32f4xx.o
 .text          0x00000000        0x0 ..\obj\main.o
 .text.calcCRC  0x00000000       0x98 ..\obj\main.o
 .text.Delay    0x00000000       0x2c ..\obj\main.o
 .text          0x00000000        0x0 ..\obj\stm32f4xx_rcc.o
 .bss           0x00000000        0x0 ..\obj\stm32f4xx_rcc.o
 .text.RCC_DeInit
                0x00000000       0x84 ..\obj\stm32f4xx_rcc.o
 .text.RCC_HSEConfig
                0x00000000       0x30 ..\obj\stm32f4xx_rcc.o
 .text.RCC_WaitForHSEStartUp
                0x00000000       0x64 ..\obj\stm32f4xx_rcc.o
 .text.RCC_AdjustHSICalibrationValue
                0x00000000       0x48 ..\obj\stm32f4xx_rcc.o
 .text.RCC_HSICmd
                0x00000000       0x20 ..\obj\stm32f4xx_rcc.o
 .text.RCC_LSEConfig
                0x00000000       0x60 ..\obj\stm32f4xx_rcc.o
 .text.RCC_LSICmd
                0x00000000       0x20 ..\obj\stm32f4xx_rcc.o
 .text.RCC_PLLConfig
                0x00000000       0x48 ..\obj\stm32f4xx_rcc.o
 .text.RCC_PLLCmd
                0x00000000       0x20 ..\obj\stm32f4xx_rcc.o
 .text.RCC_PLLI2SConfig
                0x00000000       0x30 ..\obj\stm32f4xx_rcc.o
 .text.RCC_PLLI2SCmd
                0x00000000       0x20 ..\obj\stm32f4xx_rcc.o
 .text.RCC_ClockSecuritySystemCmd
                0x00000000       0x20 ..\obj\stm32f4xx_rcc.o
 .text.RCC_MCO1Config
                0x00000000       0x48 ..\obj\stm32f4xx_rcc.o
 .text.RCC_MCO2Config
                0x00000000       0x48 ..\obj\stm32f4xx_rcc.o
 .text.RCC_SYSCLKConfig
                0x00000000       0x40 ..\obj\stm32f4xx_rcc.o
 .text.RCC_HCLKConfig
                0x00000000       0x40 ..\obj\stm32f4xx_rcc.o
 .text.RCC_PCLK1Config
                0x00000000       0x40 ..\obj\stm32f4xx_rcc.o
 .text.RCC_PCLK2Config
                0x00000000       0x44 ..\obj\stm32f4xx_rcc.o
 .text.RCC_RTCCLKConfig
                0x00000000       0x74 ..\obj\stm32f4xx_rcc.o
 .text.RCC_RTCCLKCmd
                0x00000000       0x20 ..\obj\stm32f4xx_rcc.o
 .text.RCC_BackupResetCmd
                0x00000000       0x20 ..\obj\stm32f4xx_rcc.o
 .text.RCC_I2SCLKConfig
                0x00000000       0x20 ..\obj\stm32f4xx_rcc.o
 .text.RCC_AHB2PeriphClockCmd
                0x00000000       0x54 ..\obj\stm32f4xx_rcc.o
 .text.RCC_AHB3PeriphClockCmd
                0x00000000       0x54 ..\obj\stm32f4xx_rcc.o
 .text.RCC_APB1PeriphClockCmd
                0x00000000       0x54 ..\obj\stm32f4xx_rcc.o
 .text.RCC_AHB1PeriphResetCmd
                0x00000000       0x54 ..\obj\stm32f4xx_rcc.o
 .text.RCC_AHB2PeriphResetCmd
                0x00000000       0x54 ..\obj\stm32f4xx_rcc.o
 .text.RCC_AHB3PeriphResetCmd
                0x00000000       0x54 ..\obj\stm32f4xx_rcc.o
 .text.RCC_APB1PeriphResetCmd
                0x00000000       0x54 ..\obj\stm32f4xx_rcc.o
 .text.RCC_APB2PeriphResetCmd
                0x00000000       0x54 ..\obj\stm32f4xx_rcc.o
 .text.RCC_AHB1PeriphClockLPModeCmd
                0x00000000       0x54 ..\obj\stm32f4xx_rcc.o
 .text.RCC_AHB2PeriphClockLPModeCmd
                0x00000000       0x54 ..\obj\stm32f4xx_rcc.o
 .text.RCC_AHB3PeriphClockLPModeCmd
                0x00000000       0x54 ..\obj\stm32f4xx_rcc.o
 .text.RCC_APB1PeriphClockLPModeCmd
                0x00000000       0x54 ..\obj\stm32f4xx_rcc.o
 .text.RCC_APB2PeriphClockLPModeCmd
                0x00000000       0x54 ..\obj\stm32f4xx_rcc.o
 .text.RCC_ITConfig
                0x00000000       0x60 ..\obj\stm32f4xx_rcc.o
 .text.RCC_GetFlagStatus
                0x00000000       0x90 ..\obj\stm32f4xx_rcc.o
 .text.RCC_ClearFlag
                0x00000000       0x24 ..\obj\stm32f4xx_rcc.o
 .text.RCC_GetITStatus
                0x00000000       0x40 ..\obj\stm32f4xx_rcc.o
 .text.RCC_ClearITPendingBit
                0x00000000       0x20 ..\obj\stm32f4xx_rcc.o
 .text          0x00000000        0x0 ..\obj\stm32f4xx_gpio.o
 .data          0x00000000        0x0 ..\obj\stm32f4xx_gpio.o
 .bss           0x00000000        0x0 ..\obj\stm32f4xx_gpio.o
 .text.GPIO_DeInit
                0x00000000      0x178 ..\obj\stm32f4xx_gpio.o
 .text.GPIO_StructInit
                0x00000000       0x3c ..\obj\stm32f4xx_gpio.o
 .text.GPIO_PinLockConfig
                0x00000000       0x44 ..\obj\stm32f4xx_gpio.o
 .text.GPIO_ReadInputDataBit
                0x00000000       0x3c ..\obj\stm32f4xx_gpio.o
 .text.GPIO_ReadInputData
                0x00000000       0x1c ..\obj\stm32f4xx_gpio.o
 .text.GPIO_ReadOutputDataBit
                0x00000000       0x3c ..\obj\stm32f4xx_gpio.o
 .text.GPIO_ReadOutputData
                0x00000000       0x1c ..\obj\stm32f4xx_gpio.o
 .text.GPIO_WriteBit
                0x00000000       0x30 ..\obj\stm32f4xx_gpio.o
 .text.GPIO_Write
                0x00000000       0x1c ..\obj\stm32f4xx_gpio.o
 .text          0x00000000        0x0 ..\obj\system_stm32f4xx.o
 .data          0x00000000       0x14 ..\obj\system_stm32f4xx.o
 .bss           0x00000000        0x0 ..\obj\system_stm32f4xx.o
 .text.SystemCoreClockUpdate
                0x00000000      0x170 ..\obj\system_stm32f4xx.o
 .text          0x00000000        0x0 ..\obj\stm32f4xx_dma.o
 .data          0x00000000        0x0 ..\obj\stm32f4xx_dma.o
 .bss           0x00000000        0x0 ..\obj\stm32f4xx_dma.o
 .text.DMA_DeInit
                0x00000000      0x244 ..\obj\stm32f4xx_dma.o
 .text.DMA_StructInit
                0x00000000       0x8c ..\obj\stm32f4xx_dma.o
 .text.DMA_PeriphIncOffsetSizeConfig
                0x00000000       0x34 ..\obj\stm32f4xx_dma.o
 .text.DMA_FlowControllerConfig
                0x00000000       0x34 ..\obj\stm32f4xx_dma.o
 .text.DMA_GetCurrDataCounter
                0x00000000       0x1c ..\obj\stm32f4xx_dma.o
 .text.DMA_DoubleBufferModeConfig
                0x00000000       0x3c ..\obj\stm32f4xx_dma.o
 .text.DMA_DoubleBufferModeCmd
                0x00000000       0x38 ..\obj\stm32f4xx_dma.o
 .text.DMA_MemoryTargetConfig
                0x00000000       0x2c ..\obj\stm32f4xx_dma.o
 .text.DMA_GetCurrentMemoryTarget
                0x00000000       0x38 ..\obj\stm32f4xx_dma.o
 .text.DMA_GetFIFOStatus
                0x00000000       0x28 ..\obj\stm32f4xx_dma.o
 .text.DMA_ITConfig
                0x00000000       0x74 ..\obj\stm32f4xx_dma.o
 .text.DMA_GetITStatus
                0x00000000       0xc0 ..\obj\stm32f4xx_dma.o
 .text.DMA_ClearITPendingBit
                0x00000000       0x60 ..\obj\stm32f4xx_dma.o
 .text          0x00000000        0x0 ..\obj\misc.o
 .data          0x00000000        0x0 ..\obj\misc.o
 .bss           0x00000000        0x0 ..\obj\misc.o
 .text.NVIC_PriorityGroupConfig
                0x00000000       0x28 ..\obj\misc.o
 .text.NVIC_SetVectorTable
                0x00000000       0x2c ..\obj\misc.o
 .text.NVIC_SystemLPConfig
                0x00000000       0x54 ..\obj\misc.o
 .text.SysTick_CLKSourceConfig
                0x00000000       0x4c ..\obj\misc.o

Memory Configuration

Name             Origin             Length             Attributes
rom              0x08000000         0x00100000         xr
ram              0x20000000         0x00020000         xrw
ram1             0x10000000         0x00010000         xrw
*default*        0x00000000         0xffffffff

Linker script and memory map

                0x20020000                _eram = 0x20020000

.text           0x08000000     0x15e4
 *(.isr_vector .isr_vector.*)
 .isr_vector    0x08000000      0x188 ..\obj\startup_stm32f4xx.o
                0x08000000                g_pfnVectors
 *(.text .text.* .gnu.linkonce.t.*)
 .text.USART_Init
                0x08000188      0x1ac ..\obj\stm32f4xx_usart.o
                0x08000188                USART_Init
 .text.USART_Cmd
                0x08000334       0x40 ..\obj\stm32f4xx_usart.o
                0x08000334                USART_Cmd
 .text.USART_DMACmd
                0x08000374       0x48 ..\obj\stm32f4xx_usart.o
                0x08000374                USART_DMACmd
 .text.USART_ITConfig
                0x080003bc       0xa4 ..\obj\stm32f4xx_usart.o
                0x080003bc                USART_ITConfig
 .text.USART_GetFlagStatus
                0x08000460       0x40 ..\obj\stm32f4xx_usart.o
                0x08000460                USART_GetFlagStatus
 .text.USART_ClearFlag
                0x080004a0       0x24 ..\obj\stm32f4xx_usart.o
                0x080004a0                USART_ClearFlag
 .text.USART_ClearITPendingBit
                0x080004c4       0x44 ..\obj\stm32f4xx_usart.o
                0x080004c4                USART_ClearITPendingBit
 .text.Default_Reset_Handler
                0x08000508       0x6c ..\obj\startup_stm32f4xx.o
                0x08000508                Default_Reset_Handler
                0x08000508                Reset_Handler
 .text.Default_Handler
                0x08000574        0x8 ..\obj\startup_stm32f4xx.o
                0x08000574                RTC_Alarm_IRQHandler
                0x08000574                HASH_RNG_IRQHandler
                0x08000574                EXTI2_IRQHandler
                0x08000574                TIM8_CC_IRQHandler
                0x08000574                DebugMon_Handler
                0x08000574                TIM1_CC_IRQHandler
                0x08000574                DMA2_Stream5_IRQHandler
                0x08000574                HardFault_Handler
                0x08000574                DMA1_Stream5_IRQHandler
                0x08000574                SysTick_Handler
                0x08000574                PVD_IRQHandler
                0x08000574                SDIO_IRQHandler
                0x08000574                TAMP_STAMP_IRQHandler
                0x08000574                PendSV_Handler
                0x08000574                NMI_Handler
                0x08000574                CAN2_RX1_IRQHandler
                0x08000574                EXTI3_IRQHandler
                0x08000574                TIM8_TRG_COM_TIM14_IRQHandler
                0x08000574                TIM1_UP_TIM10_IRQHandler
                0x08000574                TIM8_UP_TIM13_IRQHandler
                0x08000574                I2C3_ER_IRQHandler
                0x08000574                EXTI0_IRQHandler
                0x08000574                I2C2_EV_IRQHandler
                0x08000574                DMA1_Stream2_IRQHandler
                0x08000574                CAN1_RX0_IRQHandler
                0x08000574                FPU_IRQHandler
                0x08000574                OTG_HS_WKUP_IRQHandler
                0x08000574                UsageFault_Handler
                0x08000574                CAN2_SCE_IRQHandler
                0x08000574                DMA2_Stream2_IRQHandler
                0x08000574                SPI1_IRQHandler
                0x08000574                TIM6_DAC_IRQHandler
                0x08000574                TIM1_BRK_TIM9_IRQHandler
                0x08000574                DCMI_IRQHandler
                0x08000574                CAN2_RX0_IRQHandler
                0x08000574                DMA2_Stream3_IRQHandler
                0x08000574                USART3_IRQHandler
                0x08000574                CRYP_IRQHandler
                0x08000574                CAN1_RX1_IRQHandler
                0x08000574                UART5_IRQHandler
                0x08000574                DMA2_Stream0_IRQHandler
                0x08000574                TIM4_IRQHandler
                0x08000574                I2C1_EV_IRQHandler
                0x08000574                DMA1_Stream6_IRQHandler
                0x08000574                DMA1_Stream1_IRQHandler
                0x08000574                UART4_IRQHandler
                0x08000574                TIM3_IRQHandler
                0x08000574                RCC_IRQHandler
                0x08000574                TIM8_BRK_TIM12_IRQHandler
                0x08000574                EXTI15_10_IRQHandler
                0x08000574                ADC_IRQHandler
                0x08000574                DMA1_Stream7_IRQHandler
                0x08000574                TIM7_IRQHandler
                0x08000574                CAN2_TX_IRQHandler
                0x08000574                TIM5_IRQHandler
                0x08000574                DMA2_Stream7_IRQHandler
                0x08000574                I2C3_EV_IRQHandler
                0x08000574                EXTI9_5_IRQHandler
                0x08000574                RTC_WKUP_IRQHandler
                0x08000574                ETH_WKUP_IRQHandler
                0x08000574                SPI2_IRQHandler
                0x08000574                OTG_HS_EP1_IN_IRQHandler
                0x08000574                MemManage_Handler
                0x08000574                DMA1_Stream0_IRQHandler
                0x08000574                CAN1_TX_IRQHandler
                0x08000574                SVC_Handler
                0x08000574                EXTI4_IRQHandler
                0x08000574                FSMC_IRQHandler
                0x08000574                ETH_IRQHandler
                0x08000574                OTG_HS_EP1_OUT_IRQHandler
                0x08000574                WWDG_IRQHandler
                0x08000574                TIM2_IRQHandler
                0x08000574                OTG_FS_WKUP_IRQHandler
                0x08000574                TIM1_TRG_COM_TIM11_IRQHandler
                0x08000574                OTG_HS_IRQHandler
                0x08000574                EXTI1_IRQHandler
                0x08000574                USART2_IRQHandler
                0x08000574                I2C2_ER_IRQHandler
                0x08000574                DMA2_Stream1_IRQHandler
                0x08000574                CAN1_SCE_IRQHandler
                0x08000574                FLASH_IRQHandler
                0x08000574                DMA2_Stream4_IRQHandler
                0x08000574                BusFault_Handler
                0x08000574                USART1_IRQHandler
                0x08000574                OTG_FS_IRQHandler
                0x08000574                SPI3_IRQHandler
                0x08000574                DMA1_Stream4_IRQHandler
                0x08000574                I2C1_ER_IRQHandler
                0x08000574                DMA2_Stream6_IRQHandler
                0x08000574                DMA1_Stream3_IRQHandler
 .text.main     0x0800057c       0x4c ..\obj\main.o
                0x0800057c                main
 .text.USART_Config
                0x080005c8      0x27c ..\obj\main.o
 .text.SendMsg  0x08000844      0x108 ..\obj\main.o
                0x08000844                SendMsg
 .text.Start_Continious_Mode
                0x0800094c       0x18 ..\obj\main.o
                0x0800094c                Start_Continious_Mode
 .text.USART6_IRQHandler
                0x08000964       0x48 ..\obj\main.o
                0x08000964                USART6_IRQHandler
 .text.led_init
                0x080009ac       0xf8 ..\obj\main.o
                0x080009ac                led_init
 .text.led_on   0x08000aa4       0x6c ..\obj\main.o
                0x08000aa4                led_on
 .text.led_off  0x08000b10       0x6c ..\obj\main.o
                0x08000b10                led_off
 .text.toggle_led
                0x08000b7c       0x6c ..\obj\main.o
                0x08000b7c                toggle_led
 .text.RCC_GetSYSCLKSource
                0x08000be8       0x20 ..\obj\stm32f4xx_rcc.o
                0x08000be8                RCC_GetSYSCLKSource
 .text.RCC_GetClocksFreq
                0x08000c08      0x1cc ..\obj\stm32f4xx_rcc.o
                0x08000c08                RCC_GetClocksFreq
 .text.RCC_AHB1PeriphClockCmd
                0x08000dd4       0x54 ..\obj\stm32f4xx_rcc.o
                0x08000dd4                RCC_AHB1PeriphClockCmd
 .text.RCC_APB2PeriphClockCmd
                0x08000e28       0x54 ..\obj\stm32f4xx_rcc.o
                0x08000e28                RCC_APB2PeriphClockCmd
 .text.GPIO_Init
                0x08000e7c      0x144 ..\obj\stm32f4xx_gpio.o
                0x08000e7c                GPIO_Init
 .text.GPIO_SetBits
                0x08000fc0       0x1c ..\obj\stm32f4xx_gpio.o
                0x08000fc0                GPIO_SetBits
 .text.GPIO_ResetBits
                0x08000fdc       0x1c ..\obj\stm32f4xx_gpio.o
                0x08000fdc                GPIO_ResetBits
 .text.GPIO_ToggleBits
                0x08000ff8       0x24 ..\obj\stm32f4xx_gpio.o
                0x08000ff8                GPIO_ToggleBits
 .text.GPIO_PinAFConfig
                0x0800101c       0xa8 ..\obj\stm32f4xx_gpio.o
                0x0800101c                GPIO_PinAFConfig
 .text.SystemInit
                0x080010c4       0x94 ..\obj\system_stm32f4xx.o
                0x080010c4                SystemInit
 .text.SetSysClock
                0x08001158      0x188 ..\obj\system_stm32f4xx.o
 .text.DMA_Init
                0x080012e0       0xb0 ..\obj\stm32f4xx_dma.o
                0x080012e0                DMA_Init
 .text.DMA_Cmd  0x08001390       0x38 ..\obj\stm32f4xx_dma.o
                0x08001390                DMA_Cmd
 .text.DMA_SetCurrDataCounter
                0x080013c8       0x1c ..\obj\stm32f4xx_dma.o
                0x080013c8                DMA_SetCurrDataCounter
 .text.DMA_GetCmdStatus
                0x080013e4       0x38 ..\obj\stm32f4xx_dma.o
                0x080013e4                DMA_GetCmdStatus
 .text.DMA_GetFlagStatus
                0x0800141c       0x84 ..\obj\stm32f4xx_dma.o
                0x0800141c                DMA_GetFlagStatus
 .text.DMA_ClearFlag
                0x080014a0       0x60 ..\obj\stm32f4xx_dma.o
                0x080014a0                DMA_ClearFlag
 .text.NVIC_Init
                0x08001500       0xe4 ..\obj\misc.o
                0x08001500                NVIC_Init
 *(.glue_7t)
 .glue_7t       0x00000000        0x0 linker stubs
 *(.glue_7)
 .glue_7        0x00000000        0x0 linker stubs
 *(.rodata .rodata* .gnu.linkonce.r.*)

.vfp11_veneer   0x080015e4        0x0
 .vfp11_veneer  0x00000000        0x0 linker stubs

.v4_bx          0x080015e4        0x0
 .v4_bx         0x00000000        0x0 linker stubs

.iplt           0x080015e4        0x0
 .iplt          0x00000000        0x0 ..\obj\stm32f4xx_usart.o

.rel.dyn        0x080015e4        0x0
 .rel.iplt      0x00000000        0x0 ..\obj\stm32f4xx_usart.o

.ARM.extab
 *(.ARM.extab* .gnu.linkonce.armextab.*)
                0x080015e4                __exidx_start = .

.ARM.exidx
 *(.ARM.exidx* .gnu.linkonce.armexidx.*)
                0x080015e4                __exidx_end = .
                0x080015e4                . = ALIGN (0x4)
                0x080015e4                _etext = .
                0x080015e4                _sidata = .

.data           0x20000000       0x4c load address 0x080015e4
                0x20000000                _sdata = .
 *(.data .data.*)
 .data          0x20000000       0x3c ..\obj\main.o
                0x20000000                TxMessageIMU
 .data          0x2000003c       0x10 ..\obj\stm32f4xx_rcc.o
                0x2000004c                . = ALIGN (0x4)
                0x2000004c                _edata = .

.igot.plt       0x2000004c        0x0 load address 0x08001630
 .igot.plt      0x00000000        0x0 ..\obj\stm32f4xx_usart.o

.bss            0x2000004c      0x144 load address 0x08001630
                0x2000004c                _sbss = .
 *(.bss .bss.*)
 .bss           0x2000004c       0x14 ..\obj\main.o
                0x2000004c                RxMessageHELIOS
 *(COMMON)
 COMMON         0x20000060      0x12d ..\obj\main.o
                0x20000060                Helios_val
                0x20000090                helios_stop
                0x20000094                old_phi_y_soll
                0x20000098                old_phi_dot_y_soll
                0x2000009c                phi_dot
                0x200000c4                Sensor_val
                0x2000013c                i
                0x20000140                Control_Mode
                0x20000144                old_theta_z_soll
                0x20000148                old_phi_x_soll
                0x2000014c                old_phi_dot_x_soll
                0x20000150                DMA_InitStructure
                0x2000018c                cmd
                0x20000190                . = ALIGN (0x4)
 *fill*         0x2000018d        0x3 00
                0x20000190                _ebss = .

.co_stack       0x20000190      0x800 load address 0x08001774
                0x20000190                . = ALIGN (0x8)
 *(.co_stack .co_stack.*)
 .co_stack      0x20000190      0x800 ..\obj\startup_stm32f4xx.o
                0x20000190                pulStack
                0x20000990                . = ALIGN (0x4)
                0x20000990                _end = .
LOAD ..\obj\stm32f4xx_usart.o
LOAD ..\obj\startup_stm32f4xx.o
LOAD ..\obj\main.o
LOAD ..\obj\stm32f4xx_rcc.o
LOAD ..\obj\stm32f4xx_gpio.o
LOAD ..\obj\system_stm32f4xx.o
LOAD ..\obj\stm32f4xx_dma.o
LOAD ..\obj\misc.o
START GROUP
LOAD c:/program files (x86)/gnu tools arm embedded/4.7 2012q4/bin/../lib/gcc/arm-none-eabi/4.7.3/armv7e-m\libgcc.a
LOAD c:/program files (x86)/gnu tools arm embedded/4.7 2012q4/bin/../lib/gcc/arm-none-eabi/4.7.3/../../../../arm-none-eabi/lib/armv7e-m\libg.a
LOAD c:/program files (x86)/gnu tools arm embedded/4.7 2012q4/bin/../lib/gcc/arm-none-eabi/4.7.3/../../../../arm-none-eabi/lib/armv7e-m\libc.a
END GROUP
OUTPUT(DMA_usart6_test_example.elf elf32-littlearm)

.debug_info     0x00000000     0x4130
 .debug_info    0x00000000      0xa65 ..\obj\stm32f4xx_usart.o
 .debug_info    0x00000a65      0x103 ..\obj\startup_stm32f4xx.o
 .debug_info    0x00000b68      0xf09 ..\obj\main.o
 .debug_info    0x00001a71      0xd49 ..\obj\stm32f4xx_rcc.o
 .debug_info    0x000027ba      0x640 ..\obj\stm32f4xx_gpio.o
 .debug_info    0x00002dfa      0x5f5 ..\obj\system_stm32f4xx.o
 .debug_info    0x000033ef      0x7af ..\obj\stm32f4xx_dma.o
 .debug_info    0x00003b9e      0x592 ..\obj\misc.o

.debug_abbrev   0x00000000      0xb6b
 .debug_abbrev  0x00000000      0x157 ..\obj\stm32f4xx_usart.o
 .debug_abbrev  0x00000157       0xb2 ..\obj\startup_stm32f4xx.o
 .debug_abbrev  0x00000209      0x220 ..\obj\main.o
 .debug_abbrev  0x00000429      0x1e5 ..\obj\stm32f4xx_rcc.o
 .debug_abbrev  0x0000060e      0x1a5 ..\obj\stm32f4xx_gpio.o
 .debug_abbrev  0x000007b3      0x138 ..\obj\system_stm32f4xx.o
 .debug_abbrev  0x000008eb      0x157 ..\obj\stm32f4xx_dma.o
 .debug_abbrev  0x00000a42      0x129 ..\obj\misc.o

.debug_loc      0x00000000     0x1b74
 .debug_loc     0x00000000      0x658 ..\obj\stm32f4xx_usart.o
 .debug_loc     0x00000658       0x64 ..\obj\startup_stm32f4xx.o
 .debug_loc     0x000006bc      0x250 ..\obj\main.o
 .debug_loc     0x0000090c      0x97c ..\obj\stm32f4xx_rcc.o
 .debug_loc     0x00001288      0x310 ..\obj\stm32f4xx_gpio.o
 .debug_loc     0x00001598       0x9c ..\obj\system_stm32f4xx.o
 .debug_loc     0x00001634      0x428 ..\obj\stm32f4xx_dma.o
 .debug_loc     0x00001a5c      0x118 ..\obj\misc.o

.debug_aranges  0x00000000      0x4b8
 .debug_aranges
                0x00000000      0x100 ..\obj\stm32f4xx_usart.o
 .debug_aranges
                0x00000100       0x28 ..\obj\startup_stm32f4xx.o
 .debug_aranges
                0x00000128       0x70 ..\obj\main.o
 .debug_aranges
                0x00000198      0x178 ..\obj\stm32f4xx_rcc.o
 .debug_aranges
                0x00000310       0x88 ..\obj\stm32f4xx_gpio.o
 .debug_aranges
                0x00000398       0x30 ..\obj\system_stm32f4xx.o
 .debug_aranges
                0x000003c8       0xb0 ..\obj\stm32f4xx_dma.o
 .debug_aranges
                0x00000478       0x40 ..\obj\misc.o

.debug_ranges   0x00000000      0x438
 .debug_ranges  0x00000000       0xf0 ..\obj\stm32f4xx_usart.o
 .debug_ranges  0x000000f0       0x18 ..\obj\startup_stm32f4xx.o
 .debug_ranges  0x00000108       0x60 ..\obj\main.o
 .debug_ranges  0x00000168      0x168 ..\obj\stm32f4xx_rcc.o
 .debug_ranges  0x000002d0       0x78 ..\obj\stm32f4xx_gpio.o
 .debug_ranges  0x00000348       0x20 ..\obj\system_stm32f4xx.o
 .debug_ranges  0x00000368       0xa0 ..\obj\stm32f4xx_dma.o
 .debug_ranges  0x00000408       0x30 ..\obj\misc.o

.debug_line     0x00000000     0x199d
 .debug_line    0x00000000      0x49f ..\obj\stm32f4xx_usart.o
 .debug_line    0x0000049f       0xab ..\obj\startup_stm32f4xx.o
 .debug_line    0x0000054a      0x39c ..\obj\main.o
 .debug_line    0x000008e6      0x596 ..\obj\stm32f4xx_rcc.o
 .debug_line    0x00000e7c      0x33a ..\obj\stm32f4xx_gpio.o
 .debug_line    0x000011b6      0x1d0 ..\obj\system_stm32f4xx.o
 .debug_line    0x00001386      0x3d7 ..\obj\stm32f4xx_dma.o
 .debug_line    0x0000175d      0x240 ..\obj\misc.o

.debug_str      0x00000000     0x2039
 .debug_str     0x00000000      0x5db ..\obj\stm32f4xx_usart.o
                                0x63c (size before relaxing)
 .debug_str     0x000005db       0xba ..\obj\startup_stm32f4xx.o
                                0x11e (size before relaxing)
 .debug_str     0x00000695      0xd1f ..\obj\main.o
                                0xf26 (size before relaxing)
 .debug_str     0x000013b4      0x5ed ..\obj\stm32f4xx_rcc.o
                                0x7fd (size before relaxing)
 .debug_str     0x000019a1      0x19d ..\obj\stm32f4xx_gpio.o
                                0x450 (size before relaxing)
 .debug_str     0x00001b3e      0x122 ..\obj\system_stm32f4xx.o
                                0x357 (size before relaxing)
 .debug_str     0x00001c60      0x27e ..\obj\stm32f4xx_dma.o
                                0x4f9 (size before relaxing)
 .debug_str     0x00001ede      0x15b ..\obj\misc.o
                                0x386 (size before relaxing)

.comment        0x00000000       0x70
 .comment       0x00000000       0x70 ..\obj\stm32f4xx_usart.o
                                 0x71 (size before relaxing)
 .comment       0x00000000       0x71 ..\obj\startup_stm32f4xx.o
 .comment       0x00000000       0x71 ..\obj\main.o
 .comment       0x00000000       0x71 ..\obj\stm32f4xx_rcc.o
 .comment       0x00000000       0x71 ..\obj\stm32f4xx_gpio.o
 .comment       0x00000000       0x71 ..\obj\system_stm32f4xx.o
 .comment       0x00000000       0x71 ..\obj\stm32f4xx_dma.o
 .comment       0x00000000       0x71 ..\obj\misc.o

.ARM.attributes
                0x00000000       0x33
 .ARM.attributes
                0x00000000       0x33 ..\obj\stm32f4xx_usart.o
 .ARM.attributes
                0x00000033       0x33 ..\obj\startup_stm32f4xx.o
 .ARM.attributes
                0x00000066       0x33 ..\obj\main.o
 .ARM.attributes
                0x00000099       0x33 ..\obj\stm32f4xx_rcc.o
 .ARM.attributes
                0x000000cc       0x33 ..\obj\stm32f4xx_gpio.o
 .ARM.attributes
                0x000000ff       0x33 ..\obj\system_stm32f4xx.o
 .ARM.attributes
                0x00000132       0x33 ..\obj\stm32f4xx_dma.o
 .ARM.attributes
                0x00000165       0x33 ..\obj\misc.o

.debug_frame    0x00000000      0xe84
 .debug_frame   0x00000000      0x344 ..\obj\stm32f4xx_usart.o
 .debug_frame   0x00000344       0x48 ..\obj\startup_stm32f4xx.o
 .debug_frame   0x0000038c      0x160 ..\obj\main.o
 .debug_frame   0x000004ec      0x4d8 ..\obj\stm32f4xx_rcc.o
 .debug_frame   0x000009c4      0x19c ..\obj\stm32f4xx_gpio.o
 .debug_frame   0x00000b60       0x64 ..\obj\system_stm32f4xx.o
 .debug_frame   0x00000bc4      0x224 ..\obj\stm32f4xx_dma.o
 .debug_frame   0x00000de8       0x9c ..\obj\misc.o
