
Allocating common symbols
Common symbol       size              file

Sensor_val          0x78              ..\obj\main.o
i                   0x4               ..\obj\main.o
NVIC_InitStruct     0x4               ..\obj\main.o
DMA_InitStructure   0x3c              ..\obj\main.o

Discarded input sections

 .text          0x00000000        0x0 ..\obj\stm32f4xx_usart.o
 .data          0x00000000        0x0 ..\obj\stm32f4xx_usart.o
 .bss           0x00000000        0x0 ..\obj\stm32f4xx_usart.o
 .text.USART_DeInit
                0x00000000      0x100 ..\obj\stm32f4xx_usart.o
 .text.USART_StructInit
                0x00000000       0x44 ..\obj\stm32f4xx_usart.o
 .text.USART_ClockInit
                0x00000000       0x54 ..\obj\stm32f4xx_usart.o
 .text.USART_ClockStructInit
                0x00000000       0x34 ..\obj\stm32f4xx_usart.o
 .text.USART_SetPrescaler
                0x00000000       0x38 ..\obj\stm32f4xx_usart.o
 .text.USART_OverSampling8Cmd
                0x00000000       0x48 ..\obj\stm32f4xx_usart.o
 .text.USART_OneBitMethodCmd
                0x00000000       0x40 ..\obj\stm32f4xx_usart.o
 .text.USART_SendData
                0x00000000       0x28 ..\obj\stm32f4xx_usart.o
 .text.USART_ReceiveData
                0x00000000       0x24 ..\obj\stm32f4xx_usart.o
 .text.USART_SetAddress
                0x00000000       0x38 ..\obj\stm32f4xx_usart.o
 .text.USART_ReceiverWakeUpCmd
                0x00000000       0x40 ..\obj\stm32f4xx_usart.o
 .text.USART_WakeUpConfig
                0x00000000       0x38 ..\obj\stm32f4xx_usart.o
 .text.USART_LINBreakDetectLengthConfig
                0x00000000       0x38 ..\obj\stm32f4xx_usart.o
 .text.USART_LINCmd
                0x00000000       0x40 ..\obj\stm32f4xx_usart.o
 .text.USART_SendBreak
                0x00000000       0x24 ..\obj\stm32f4xx_usart.o
 .text.USART_HalfDuplexCmd
                0x00000000       0x40 ..\obj\stm32f4xx_usart.o
 .text.USART_SetGuardTime
                0x00000000       0x3c ..\obj\stm32f4xx_usart.o
 .text.USART_SmartCardCmd
                0x00000000       0x40 ..\obj\stm32f4xx_usart.o
 .text.USART_SmartCardNACKCmd
                0x00000000       0x40 ..\obj\stm32f4xx_usart.o
 .text.USART_IrDAConfig
                0x00000000       0x38 ..\obj\stm32f4xx_usart.o
 .text.USART_IrDACmd
                0x00000000       0x40 ..\obj\stm32f4xx_usart.o
 .text.USART_GetITStatus
                0x00000000       0xc4 ..\obj\stm32f4xx_usart.o
 .text          0x00000000        0x0 ..\obj\startup_stm32f4xx.o
 .data          0x00000000        0x0 ..\obj\startup_stm32f4xx.o
 .bss           0x00000000        0x0 ..\obj\startup_stm32f4xx.o
 .text          0x00000000        0x0 ..\obj\stm32f4xx_crc.o
 .data          0x00000000        0x0 ..\obj\stm32f4xx_crc.o
 .bss           0x00000000        0x0 ..\obj\stm32f4xx_crc.o
 .text.CRC_ResetDR
                0x00000000       0x18 ..\obj\stm32f4xx_crc.o
 .text.CRC_CalcCRC
                0x00000000       0x2c ..\obj\stm32f4xx_crc.o
 .text.CRC_CalcBlockCRC
                0x00000000       0x54 ..\obj\stm32f4xx_crc.o
 .text.CRC_GetCRC
                0x00000000       0x18 ..\obj\stm32f4xx_crc.o
 .text.CRC_SetIDRegister
                0x00000000       0x20 ..\obj\stm32f4xx_crc.o
 .text.CRC_GetIDRegister
                0x00000000       0x18 ..\obj\stm32f4xx_crc.o
 .debug_info    0x00000000      0x20a ..\obj\stm32f4xx_crc.o
 .debug_abbrev  0x00000000      0x116 ..\obj\stm32f4xx_crc.o
 .debug_loc     0x00000000      0x12c ..\obj\stm32f4xx_crc.o
 .debug_aranges
                0x00000000       0x48 ..\obj\stm32f4xx_crc.o
 .debug_ranges  0x00000000       0x38 ..\obj\stm32f4xx_crc.o
 .debug_line    0x00000000      0x1f8 ..\obj\stm32f4xx_crc.o
 .debug_str     0x00000000      0x1f1 ..\obj\stm32f4xx_crc.o
 .comment       0x00000000       0x71 ..\obj\stm32f4xx_crc.o
 .ARM.attributes
                0x00000000       0x33 ..\obj\stm32f4xx_crc.o
 .debug_frame   0x00000000       0xac ..\obj\stm32f4xx_crc.o
 .text          0x00000000        0x0 ..\obj\main.o
 .data          0x00000000        0x0 ..\obj\main.o
 .text.Delay    0x00000000       0x2c ..\obj\main.o
 .text          0x00000000        0x0 ..\obj\stm32f4xx_rcc.o
 .bss           0x00000000        0x0 ..\obj\stm32f4xx_rcc.o
 .text.RCC_DeInit
                0x00000000       0x84 ..\obj\stm32f4xx_rcc.o
 .text.RCC_HSEConfig
                0x00000000       0x30 ..\obj\stm32f4xx_rcc.o
 .text.RCC_WaitForHSEStartUp
                0x00000000       0x64 ..\obj\stm32f4xx_rcc.o
 .text.RCC_AdjustHSICalibrationValue
                0x00000000       0x48 ..\obj\stm32f4xx_rcc.o
 .text.RCC_HSICmd
                0x00000000       0x20 ..\obj\stm32f4xx_rcc.o
 .text.RCC_LSEConfig
                0x00000000       0x60 ..\obj\stm32f4xx_rcc.o
 .text.RCC_LSICmd
                0x00000000       0x20 ..\obj\stm32f4xx_rcc.o
 .text.RCC_PLLConfig
                0x00000000       0x48 ..\obj\stm32f4xx_rcc.o
 .text.RCC_PLLCmd
                0x00000000       0x20 ..\obj\stm32f4xx_rcc.o
 .text.RCC_PLLI2SConfig
                0x00000000       0x30 ..\obj\stm32f4xx_rcc.o
 .text.RCC_PLLI2SCmd
                0x00000000       0x20 ..\obj\stm32f4xx_rcc.o
 .text.RCC_ClockSecuritySystemCmd
                0x00000000       0x20 ..\obj\stm32f4xx_rcc.o
 .text.RCC_MCO1Config
                0x00000000       0x48 ..\obj\stm32f4xx_rcc.o
 .text.RCC_MCO2Config
                0x00000000       0x48 ..\obj\stm32f4xx_rcc.o
 .text.RCC_SYSCLKConfig
                0x00000000       0x40 ..\obj\stm32f4xx_rcc.o
 .text.RCC_HCLKConfig
                0x00000000       0x40 ..\obj\stm32f4xx_rcc.o
 .text.RCC_PCLK1Config
                0x00000000       0x40 ..\obj\stm32f4xx_rcc.o
 .text.RCC_PCLK2Config
                0x00000000       0x44 ..\obj\stm32f4xx_rcc.o
 .text.RCC_RTCCLKConfig
                0x00000000       0x74 ..\obj\stm32f4xx_rcc.o
 .text.RCC_RTCCLKCmd
                0x00000000       0x20 ..\obj\stm32f4xx_rcc.o
 .text.RCC_BackupResetCmd
                0x00000000       0x20 ..\obj\stm32f4xx_rcc.o
 .text.RCC_I2SCLKConfig
                0x00000000       0x20 ..\obj\stm32f4xx_rcc.o
 .text.RCC_AHB2PeriphClockCmd
                0x00000000       0x54 ..\obj\stm32f4xx_rcc.o
 .text.RCC_AHB3PeriphClockCmd
                0x00000000       0x54 ..\obj\stm32f4xx_rcc.o
 .text.RCC_APB2PeriphClockCmd
                0x00000000       0x54 ..\obj\stm32f4xx_rcc.o
 .text.RCC_AHB1PeriphResetCmd
                0x00000000       0x54 ..\obj\stm32f4xx_rcc.o
 .text.RCC_AHB2PeriphResetCmd
                0x00000000       0x54 ..\obj\stm32f4xx_rcc.o
 .text.RCC_AHB3PeriphResetCmd
                0x00000000       0x54 ..\obj\stm32f4xx_rcc.o
 .text.RCC_APB1PeriphResetCmd
                0x00000000       0x54 ..\obj\stm32f4xx_rcc.o
 .text.RCC_APB2PeriphResetCmd
                0x00000000       0x54 ..\obj\stm32f4xx_rcc.o
 .text.RCC_AHB1PeriphClockLPModeCmd
                0x00000000       0x54 ..\obj\stm32f4xx_rcc.o
 .text.RCC_AHB2PeriphClockLPModeCmd
                0x00000000       0x54 ..\obj\stm32f4xx_rcc.o
 .text.RCC_AHB3PeriphClockLPModeCmd
                0x00000000       0x54 ..\obj\stm32f4xx_rcc.o
 .text.RCC_APB1PeriphClockLPModeCmd
                0x00000000       0x54 ..\obj\stm32f4xx_rcc.o
 .text.RCC_APB2PeriphClockLPModeCmd
                0x00000000       0x54 ..\obj\stm32f4xx_rcc.o
 .text.RCC_ITConfig
                0x00000000       0x60 ..\obj\stm32f4xx_rcc.o
 .text.RCC_GetFlagStatus
                0x00000000       0x90 ..\obj\stm32f4xx_rcc.o
 .text.RCC_ClearFlag
                0x00000000       0x24 ..\obj\stm32f4xx_rcc.o
 .text.RCC_GetITStatus
                0x00000000       0x40 ..\obj\stm32f4xx_rcc.o
 .text.RCC_ClearITPendingBit
                0x00000000       0x20 ..\obj\stm32f4xx_rcc.o
 .text          0x00000000        0x0 ..\obj\stm32f4xx_gpio.o
 .data          0x00000000        0x0 ..\obj\stm32f4xx_gpio.o
 .bss           0x00000000        0x0 ..\obj\stm32f4xx_gpio.o
 .text.GPIO_DeInit
                0x00000000      0x178 ..\obj\stm32f4xx_gpio.o
 .text.GPIO_StructInit
                0x00000000       0x3c ..\obj\stm32f4xx_gpio.o
 .text.GPIO_PinLockConfig
                0x00000000       0x44 ..\obj\stm32f4xx_gpio.o
 .text.GPIO_ReadInputDataBit
                0x00000000       0x3c ..\obj\stm32f4xx_gpio.o
 .text.GPIO_ReadInputData
                0x00000000       0x1c ..\obj\stm32f4xx_gpio.o
 .text.GPIO_ReadOutputDataBit
                0x00000000       0x3c ..\obj\stm32f4xx_gpio.o
 .text.GPIO_ReadOutputData
                0x00000000       0x1c ..\obj\stm32f4xx_gpio.o
 .text.GPIO_WriteBit
                0x00000000       0x30 ..\obj\stm32f4xx_gpio.o
 .text.GPIO_Write
                0x00000000       0x1c ..\obj\stm32f4xx_gpio.o
 .text          0x00000000        0x0 ..\obj\system_stm32f4xx.o
 .data          0x00000000       0x14 ..\obj\system_stm32f4xx.o
 .bss           0x00000000        0x0 ..\obj\system_stm32f4xx.o
 .text.SystemCoreClockUpdate
                0x00000000      0x170 ..\obj\system_stm32f4xx.o
 .text          0x00000000        0x0 ..\obj\stm32f4xx_dma.o
 .data          0x00000000        0x0 ..\obj\stm32f4xx_dma.o
 .bss           0x00000000        0x0 ..\obj\stm32f4xx_dma.o
 .text.DMA_DeInit
                0x00000000      0x244 ..\obj\stm32f4xx_dma.o
 .text.DMA_StructInit
                0x00000000       0x8c ..\obj\stm32f4xx_dma.o
 .text.DMA_PeriphIncOffsetSizeConfig
                0x00000000       0x34 ..\obj\stm32f4xx_dma.o
 .text.DMA_FlowControllerConfig
                0x00000000       0x34 ..\obj\stm32f4xx_dma.o
 .text.DMA_GetCurrDataCounter
                0x00000000       0x1c ..\obj\stm32f4xx_dma.o
 .text.DMA_DoubleBufferModeConfig
                0x00000000       0x3c ..\obj\stm32f4xx_dma.o
 .text.DMA_DoubleBufferModeCmd
                0x00000000       0x38 ..\obj\stm32f4xx_dma.o
 .text.DMA_MemoryTargetConfig
                0x00000000       0x2c ..\obj\stm32f4xx_dma.o
 .text.DMA_GetCurrentMemoryTarget
                0x00000000       0x38 ..\obj\stm32f4xx_dma.o
 .text.DMA_GetFIFOStatus
                0x00000000       0x28 ..\obj\stm32f4xx_dma.o
 .text.DMA_ITConfig
                0x00000000       0x74 ..\obj\stm32f4xx_dma.o
 .text.DMA_GetITStatus
                0x00000000       0xc0 ..\obj\stm32f4xx_dma.o
 .text.DMA_ClearITPendingBit
                0x00000000       0x60 ..\obj\stm32f4xx_dma.o
 .text          0x00000000        0x0 ..\obj\misc.o
 .data          0x00000000        0x0 ..\obj\misc.o
 .bss           0x00000000        0x0 ..\obj\misc.o
 .text.NVIC_PriorityGroupConfig
                0x00000000       0x28 ..\obj\misc.o
 .text.NVIC_SetVectorTable
                0x00000000       0x2c ..\obj\misc.o
 .text.NVIC_SystemLPConfig
                0x00000000       0x54 ..\obj\misc.o
 .text.SysTick_CLKSourceConfig
                0x00000000       0x4c ..\obj\misc.o

Memory Configuration

Name             Origin             Length             Attributes
rom              0x08000000         0x00100000         xr
ram              0x20000000         0x00020000         xrw
ram1             0x10000000         0x00010000         xrw
*default*        0x00000000         0xffffffff

Linker script and memory map

                0x20020000                _eram = 0x20020000

.text           0x08000000     0x1730
 *(.isr_vector .isr_vector.*)
 .isr_vector    0x08000000      0x188 ..\obj\startup_stm32f4xx.o
                0x08000000                g_pfnVectors
 *(.text .text.* .gnu.linkonce.t.*)
 .text.USART_Init
                0x08000188      0x1ac ..\obj\stm32f4xx_usart.o
                0x08000188                USART_Init
 .text.USART_Cmd
                0x08000334       0x40 ..\obj\stm32f4xx_usart.o
                0x08000334                USART_Cmd
 .text.USART_DMACmd
                0x08000374       0x48 ..\obj\stm32f4xx_usart.o
                0x08000374                USART_DMACmd
 .text.USART_ITConfig
                0x080003bc       0xa4 ..\obj\stm32f4xx_usart.o
                0x080003bc                USART_ITConfig
 .text.USART_GetFlagStatus
                0x08000460       0x40 ..\obj\stm32f4xx_usart.o
                0x08000460                USART_GetFlagStatus
 .text.USART_ClearFlag
                0x080004a0       0x24 ..\obj\stm32f4xx_usart.o
                0x080004a0                USART_ClearFlag
 .text.USART_ClearITPendingBit
                0x080004c4       0x44 ..\obj\stm32f4xx_usart.o
                0x080004c4                USART_ClearITPendingBit
 .text.Default_Reset_Handler
                0x08000508       0x6c ..\obj\startup_stm32f4xx.o
                0x08000508                Default_Reset_Handler
                0x08000508                Reset_Handler
 .text.Default_Handler
                0x08000574        0x8 ..\obj\startup_stm32f4xx.o
                0x08000574                RTC_Alarm_IRQHandler
                0x08000574                HASH_RNG_IRQHandler
                0x08000574                EXTI2_IRQHandler
                0x08000574                TIM8_CC_IRQHandler
                0x08000574                DebugMon_Handler
                0x08000574                TIM1_CC_IRQHandler
                0x08000574                DMA2_Stream5_IRQHandler
                0x08000574                HardFault_Handler
                0x08000574                DMA1_Stream5_IRQHandler
                0x08000574                SysTick_Handler
                0x08000574                PVD_IRQHandler
                0x08000574                SDIO_IRQHandler
                0x08000574                TAMP_STAMP_IRQHandler
                0x08000574                PendSV_Handler
                0x08000574                NMI_Handler
                0x08000574                CAN2_RX1_IRQHandler
                0x08000574                EXTI3_IRQHandler
                0x08000574                TIM8_TRG_COM_TIM14_IRQHandler
                0x08000574                TIM1_UP_TIM10_IRQHandler
                0x08000574                TIM8_UP_TIM13_IRQHandler
                0x08000574                I2C3_ER_IRQHandler
                0x08000574                EXTI0_IRQHandler
                0x08000574                I2C2_EV_IRQHandler
                0x08000574                DMA1_Stream2_IRQHandler
                0x08000574                CAN1_RX0_IRQHandler
                0x08000574                FPU_IRQHandler
                0x08000574                OTG_HS_WKUP_IRQHandler
                0x08000574                UsageFault_Handler
                0x08000574                CAN2_SCE_IRQHandler
                0x08000574                DMA2_Stream2_IRQHandler
                0x08000574                SPI1_IRQHandler
                0x08000574                TIM6_DAC_IRQHandler
                0x08000574                TIM1_BRK_TIM9_IRQHandler
                0x08000574                DCMI_IRQHandler
                0x08000574                CAN2_RX0_IRQHandler
                0x08000574                DMA2_Stream3_IRQHandler
                0x08000574                USART6_IRQHandler
                0x08000574                CRYP_IRQHandler
                0x08000574                CAN1_RX1_IRQHandler
                0x08000574                UART5_IRQHandler
                0x08000574                DMA2_Stream0_IRQHandler
                0x08000574                TIM4_IRQHandler
                0x08000574                I2C1_EV_IRQHandler
                0x08000574                DMA1_Stream6_IRQHandler
                0x08000574                DMA1_Stream1_IRQHandler
                0x08000574                UART4_IRQHandler
                0x08000574                TIM3_IRQHandler
                0x08000574                RCC_IRQHandler
                0x08000574                TIM8_BRK_TIM12_IRQHandler
                0x08000574                EXTI15_10_IRQHandler
                0x08000574                ADC_IRQHandler
                0x08000574                DMA1_Stream7_IRQHandler
                0x08000574                TIM7_IRQHandler
                0x08000574                CAN2_TX_IRQHandler
                0x08000574                TIM5_IRQHandler
                0x08000574                DMA2_Stream7_IRQHandler
                0x08000574                I2C3_EV_IRQHandler
                0x08000574                EXTI9_5_IRQHandler
                0x08000574                RTC_WKUP_IRQHandler
                0x08000574                ETH_WKUP_IRQHandler
                0x08000574                SPI2_IRQHandler
                0x08000574                OTG_HS_EP1_IN_IRQHandler
                0x08000574                MemManage_Handler
                0x08000574                DMA1_Stream0_IRQHandler
                0x08000574                CAN1_TX_IRQHandler
                0x08000574                SVC_Handler
                0x08000574                EXTI4_IRQHandler
                0x08000574                FSMC_IRQHandler
                0x08000574                ETH_IRQHandler
                0x08000574                OTG_HS_EP1_OUT_IRQHandler
                0x08000574                WWDG_IRQHandler
                0x08000574                TIM2_IRQHandler
                0x08000574                OTG_FS_WKUP_IRQHandler
                0x08000574                TIM1_TRG_COM_TIM11_IRQHandler
                0x08000574                OTG_HS_IRQHandler
                0x08000574                EXTI1_IRQHandler
                0x08000574                USART2_IRQHandler
                0x08000574                I2C2_ER_IRQHandler
                0x08000574                DMA2_Stream1_IRQHandler
                0x08000574                CAN1_SCE_IRQHandler
                0x08000574                FLASH_IRQHandler
                0x08000574                DMA2_Stream4_IRQHandler
                0x08000574                BusFault_Handler
                0x08000574                USART1_IRQHandler
                0x08000574                OTG_FS_IRQHandler
                0x08000574                SPI3_IRQHandler
                0x08000574                DMA1_Stream4_IRQHandler
                0x08000574                I2C1_ER_IRQHandler
                0x08000574                DMA2_Stream6_IRQHandler
                0x08000574                DMA1_Stream3_IRQHandler
 .text.main     0x0800057c       0x40 ..\obj\main.o
                0x0800057c                main
 .text.USART_Config
                0x080005bc      0x288 ..\obj\main.o
 .text.SendMsgIMU
                0x08000844      0x1bc ..\obj\main.o
                0x08000844                SendMsgIMU
 .text.Start_Continious_Mode
                0x08000a00       0x50 ..\obj\main.o
                0x08000a00                Start_Continious_Mode
 .text.calcCRC  0x08000a50       0x98 ..\obj\main.o
                0x08000a50                calcCRC
 .text.USART3_IRQHandler
                0x08000ae8       0x10 ..\obj\main.o
                0x08000ae8                USART3_IRQHandler
 .text.led_init
                0x08000af8       0xf8 ..\obj\main.o
                0x08000af8                led_init
 .text.led_on   0x08000bf0       0x6c ..\obj\main.o
                0x08000bf0                led_on
 .text.led_off  0x08000c5c       0x6c ..\obj\main.o
                0x08000c5c                led_off
 .text.toggle_led
                0x08000cc8       0x6c ..\obj\main.o
                0x08000cc8                toggle_led
 .text.RCC_GetSYSCLKSource
                0x08000d34       0x20 ..\obj\stm32f4xx_rcc.o
                0x08000d34                RCC_GetSYSCLKSource
 .text.RCC_GetClocksFreq
                0x08000d54      0x1cc ..\obj\stm32f4xx_rcc.o
                0x08000d54                RCC_GetClocksFreq
 .text.RCC_AHB1PeriphClockCmd
                0x08000f20       0x54 ..\obj\stm32f4xx_rcc.o
                0x08000f20                RCC_AHB1PeriphClockCmd
 .text.RCC_APB1PeriphClockCmd
                0x08000f74       0x54 ..\obj\stm32f4xx_rcc.o
                0x08000f74                RCC_APB1PeriphClockCmd
 .text.GPIO_Init
                0x08000fc8      0x144 ..\obj\stm32f4xx_gpio.o
                0x08000fc8                GPIO_Init
 .text.GPIO_SetBits
                0x0800110c       0x1c ..\obj\stm32f4xx_gpio.o
                0x0800110c                GPIO_SetBits
 .text.GPIO_ResetBits
                0x08001128       0x1c ..\obj\stm32f4xx_gpio.o
                0x08001128                GPIO_ResetBits
 .text.GPIO_ToggleBits
                0x08001144       0x24 ..\obj\stm32f4xx_gpio.o
                0x08001144                GPIO_ToggleBits
 .text.GPIO_PinAFConfig
                0x08001168       0xa8 ..\obj\stm32f4xx_gpio.o
                0x08001168                GPIO_PinAFConfig
 .text.SystemInit
                0x08001210       0x94 ..\obj\system_stm32f4xx.o
                0x08001210                SystemInit
 .text.SetSysClock
                0x080012a4      0x188 ..\obj\system_stm32f4xx.o
 .text.DMA_Init
                0x0800142c       0xb0 ..\obj\stm32f4xx_dma.o
                0x0800142c                DMA_Init
 .text.DMA_Cmd  0x080014dc       0x38 ..\obj\stm32f4xx_dma.o
                0x080014dc                DMA_Cmd
 .text.DMA_SetCurrDataCounter
                0x08001514       0x1c ..\obj\stm32f4xx_dma.o
                0x08001514                DMA_SetCurrDataCounter
 .text.DMA_GetCmdStatus
                0x08001530       0x38 ..\obj\stm32f4xx_dma.o
                0x08001530                DMA_GetCmdStatus
 .text.DMA_GetFlagStatus
                0x08001568       0x84 ..\obj\stm32f4xx_dma.o
                0x08001568                DMA_GetFlagStatus
 .text.DMA_ClearFlag
                0x080015ec       0x60 ..\obj\stm32f4xx_dma.o
                0x080015ec                DMA_ClearFlag
 .text.NVIC_Init
                0x0800164c       0xe4 ..\obj\misc.o
                0x0800164c                NVIC_Init
 *(.glue_7t)
 .glue_7t       0x00000000        0x0 linker stubs
 *(.glue_7)
 .glue_7        0x00000000        0x0 linker stubs
 *(.rodata .rodata* .gnu.linkonce.r.*)

.vfp11_veneer   0x08001730        0x0
 .vfp11_veneer  0x00000000        0x0 linker stubs

.v4_bx          0x08001730        0x0
 .v4_bx         0x00000000        0x0 linker stubs

.iplt           0x08001730        0x0
 .iplt          0x00000000        0x0 ..\obj\stm32f4xx_usart.o

.rel.dyn        0x08001730        0x0
 .rel.iplt      0x00000000        0x0 ..\obj\stm32f4xx_usart.o

.ARM.extab
 *(.ARM.extab* .gnu.linkonce.armextab.*)
                0x08001730                __exidx_start = .

.ARM.exidx
 *(.ARM.exidx* .gnu.linkonce.armexidx.*)
                0x08001730                __exidx_end = .
                0x08001730                . = ALIGN (0x4)
                0x08001730                _etext = .
                0x08001730                _sidata = .

.data           0x20000000       0x10 load address 0x08001730
                0x20000000                _sdata = .
 *(.data .data.*)
 .data          0x20000000       0x10 ..\obj\stm32f4xx_rcc.o
                0x20000010                . = ALIGN (0x4)
                0x20000010                _edata = .

.igot.plt       0x20000010        0x0 load address 0x08001740
 .igot.plt      0x00000000        0x0 ..\obj\stm32f4xx_usart.o

.bss            0x20000010      0x12c load address 0x08001740
                0x20000010                _sbss = .
 *(.bss .bss.*)
 .bss           0x20000010       0x70 ..\obj\main.o
                0x20000010                counter
                0x20000014                TxMessageIMU
                0x20000044                RxMessageIMU
 *(COMMON)
 COMMON         0x20000080       0xbc ..\obj\main.o
                0x20000080                Sensor_val
                0x200000f8                i
                0x200000fc                NVIC_InitStruct
                0x20000100                DMA_InitStructure
                0x2000013c                . = ALIGN (0x4)
                0x2000013c                _ebss = .

.co_stack       0x2000013c      0x804 load address 0x0800186c
                0x20000140                . = ALIGN (0x8)
 *fill*         0x2000013c        0x4 00
 *(.co_stack .co_stack.*)
 .co_stack      0x20000140      0x800 ..\obj\startup_stm32f4xx.o
                0x20000140                pulStack
                0x20000940                . = ALIGN (0x4)
                0x20000940                _end = .
LOAD ..\obj\stm32f4xx_usart.o
LOAD ..\obj\startup_stm32f4xx.o
LOAD ..\obj\stm32f4xx_crc.o
LOAD ..\obj\main.o
LOAD ..\obj\stm32f4xx_rcc.o
LOAD ..\obj\stm32f4xx_gpio.o
LOAD ..\obj\system_stm32f4xx.o
LOAD ..\obj\stm32f4xx_dma.o
LOAD ..\obj\misc.o
START GROUP
LOAD c:/program files (x86)/gnu tools arm embedded/4.7 2012q4/bin/../lib/gcc/arm-none-eabi/4.7.3/armv7e-m\libgcc.a
LOAD c:/program files (x86)/gnu tools arm embedded/4.7 2012q4/bin/../lib/gcc/arm-none-eabi/4.7.3/../../../../arm-none-eabi/lib/armv7e-m\libg.a
LOAD c:/program files (x86)/gnu tools arm embedded/4.7 2012q4/bin/../lib/gcc/arm-none-eabi/4.7.3/../../../../arm-none-eabi/lib/armv7e-m\libc.a
END GROUP
OUTPUT(DMA_test_example.elf elf32-littlearm)

.debug_info     0x00000000     0x3edb
 .debug_info    0x00000000      0xa65 ..\obj\stm32f4xx_usart.o
 .debug_info    0x00000a65      0x103 ..\obj\startup_stm32f4xx.o
 .debug_info    0x00000b68      0xcb4 ..\obj\main.o
 .debug_info    0x0000181c      0xd49 ..\obj\stm32f4xx_rcc.o
 .debug_info    0x00002565      0x640 ..\obj\stm32f4xx_gpio.o
 .debug_info    0x00002ba5      0x5f5 ..\obj\system_stm32f4xx.o
 .debug_info    0x0000319a      0x7af ..\obj\stm32f4xx_dma.o
 .debug_info    0x00003949      0x592 ..\obj\misc.o

.debug_abbrev   0x00000000      0xb94
 .debug_abbrev  0x00000000      0x157 ..\obj\stm32f4xx_usart.o
 .debug_abbrev  0x00000157       0xb2 ..\obj\startup_stm32f4xx.o
 .debug_abbrev  0x00000209      0x249 ..\obj\main.o
 .debug_abbrev  0x00000452      0x1e5 ..\obj\stm32f4xx_rcc.o
 .debug_abbrev  0x00000637      0x1a5 ..\obj\stm32f4xx_gpio.o
 .debug_abbrev  0x000007dc      0x138 ..\obj\system_stm32f4xx.o
 .debug_abbrev  0x00000914      0x157 ..\obj\stm32f4xx_dma.o
 .debug_abbrev  0x00000a6b      0x129 ..\obj\misc.o

.debug_loc      0x00000000     0x1b74
 .debug_loc     0x00000000      0x658 ..\obj\stm32f4xx_usart.o
 .debug_loc     0x00000658       0x64 ..\obj\startup_stm32f4xx.o
 .debug_loc     0x000006bc      0x250 ..\obj\main.o
 .debug_loc     0x0000090c      0x97c ..\obj\stm32f4xx_rcc.o
 .debug_loc     0x00001288      0x310 ..\obj\stm32f4xx_gpio.o
 .debug_loc     0x00001598       0x9c ..\obj\system_stm32f4xx.o
 .debug_loc     0x00001634      0x428 ..\obj\stm32f4xx_dma.o
 .debug_loc     0x00001a5c      0x118 ..\obj\misc.o

.debug_aranges  0x00000000      0x4b8
 .debug_aranges
                0x00000000      0x100 ..\obj\stm32f4xx_usart.o
 .debug_aranges
                0x00000100       0x28 ..\obj\startup_stm32f4xx.o
 .debug_aranges
                0x00000128       0x70 ..\obj\main.o
 .debug_aranges
                0x00000198      0x178 ..\obj\stm32f4xx_rcc.o
 .debug_aranges
                0x00000310       0x88 ..\obj\stm32f4xx_gpio.o
 .debug_aranges
                0x00000398       0x30 ..\obj\system_stm32f4xx.o
 .debug_aranges
                0x000003c8       0xb0 ..\obj\stm32f4xx_dma.o
 .debug_aranges
                0x00000478       0x40 ..\obj\misc.o

.debug_ranges   0x00000000      0x438
 .debug_ranges  0x00000000       0xf0 ..\obj\stm32f4xx_usart.o
 .debug_ranges  0x000000f0       0x18 ..\obj\startup_stm32f4xx.o
 .debug_ranges  0x00000108       0x60 ..\obj\main.o
 .debug_ranges  0x00000168      0x168 ..\obj\stm32f4xx_rcc.o
 .debug_ranges  0x000002d0       0x78 ..\obj\stm32f4xx_gpio.o
 .debug_ranges  0x00000348       0x20 ..\obj\system_stm32f4xx.o
 .debug_ranges  0x00000368       0xa0 ..\obj\stm32f4xx_dma.o
 .debug_ranges  0x00000408       0x30 ..\obj\misc.o

.debug_line     0x00000000     0x18dd
 .debug_line    0x00000000      0x483 ..\obj\stm32f4xx_usart.o
 .debug_line    0x00000483       0xa4 ..\obj\startup_stm32f4xx.o
 .debug_line    0x00000527      0x37d ..\obj\main.o
 .debug_line    0x000008a4      0x57a ..\obj\stm32f4xx_rcc.o
 .debug_line    0x00000e1e      0x31e ..\obj\stm32f4xx_gpio.o
 .debug_line    0x0000113c      0x1c2 ..\obj\system_stm32f4xx.o
 .debug_line    0x000012fe      0x3bb ..\obj\stm32f4xx_dma.o
 .debug_line    0x000016b9      0x224 ..\obj\misc.o

.debug_str      0x00000000     0x1dca
 .debug_str     0x00000000      0x5d4 ..\obj\stm32f4xx_usart.o
                                0x635 (size before relaxing)
 .debug_str     0x000005d4       0xb3 ..\obj\startup_stm32f4xx.o
                                0x117 (size before relaxing)
 .debug_str     0x00000687      0xae1 ..\obj\main.o
                                0xceb (size before relaxing)
 .debug_str     0x00001168      0x5e6 ..\obj\stm32f4xx_rcc.o
                                0x7f6 (size before relaxing)
 .debug_str     0x0000174e      0x196 ..\obj\stm32f4xx_gpio.o
                                0x449 (size before relaxing)
 .debug_str     0x000018e4      0x11b ..\obj\system_stm32f4xx.o
                                0x350 (size before relaxing)
 .debug_str     0x000019ff      0x277 ..\obj\stm32f4xx_dma.o
                                0x4f2 (size before relaxing)
 .debug_str     0x00001c76      0x154 ..\obj\misc.o
                                0x37f (size before relaxing)

.comment        0x00000000       0x70
 .comment       0x00000000       0x70 ..\obj\stm32f4xx_usart.o
                                 0x71 (size before relaxing)
 .comment       0x00000000       0x71 ..\obj\startup_stm32f4xx.o
 .comment       0x00000000       0x71 ..\obj\main.o
 .comment       0x00000000       0x71 ..\obj\stm32f4xx_rcc.o
 .comment       0x00000000       0x71 ..\obj\stm32f4xx_gpio.o
 .comment       0x00000000       0x71 ..\obj\system_stm32f4xx.o
 .comment       0x00000000       0x71 ..\obj\stm32f4xx_dma.o
 .comment       0x00000000       0x71 ..\obj\misc.o

.ARM.attributes
                0x00000000       0x33
 .ARM.attributes
                0x00000000       0x33 ..\obj\stm32f4xx_usart.o
 .ARM.attributes
                0x00000033       0x33 ..\obj\startup_stm32f4xx.o
 .ARM.attributes
                0x00000066       0x33 ..\obj\main.o
 .ARM.attributes
                0x00000099       0x33 ..\obj\stm32f4xx_rcc.o
 .ARM.attributes
                0x000000cc       0x33 ..\obj\stm32f4xx_gpio.o
 .ARM.attributes
                0x000000ff       0x33 ..\obj\system_stm32f4xx.o
 .ARM.attributes
                0x00000132       0x33 ..\obj\stm32f4xx_dma.o
 .ARM.attributes
                0x00000165       0x33 ..\obj\misc.o

.debug_frame    0x00000000      0xe84
 .debug_frame   0x00000000      0x344 ..\obj\stm32f4xx_usart.o
 .debug_frame   0x00000344       0x48 ..\obj\startup_stm32f4xx.o
 .debug_frame   0x0000038c      0x160 ..\obj\main.o
 .debug_frame   0x000004ec      0x4d8 ..\obj\stm32f4xx_rcc.o
 .debug_frame   0x000009c4      0x19c ..\obj\stm32f4xx_gpio.o
 .debug_frame   0x00000b60       0x64 ..\obj\system_stm32f4xx.o
 .debug_frame   0x00000bc4      0x224 ..\obj\stm32f4xx_dma.o
 .debug_frame   0x00000de8       0x9c ..\obj\misc.o
