
Allocating common symbols
Common symbol       size              file

i                   0x4               ..\obj\main.o
aRxBuffer           0x64              ..\obj\main.o
DMA_InitStructure   0x3c              ..\obj\main.o

Discarded input sections

 .text          0x00000000        0x0 ..\obj\stm32f4xx_usart.o
 .data          0x00000000        0x0 ..\obj\stm32f4xx_usart.o
 .bss           0x00000000        0x0 ..\obj\stm32f4xx_usart.o
 .text.USART_DeInit
                0x00000000      0x100 ..\obj\stm32f4xx_usart.o
 .text.USART_StructInit
                0x00000000       0x44 ..\obj\stm32f4xx_usart.o
 .text.USART_ClockInit
                0x00000000       0x54 ..\obj\stm32f4xx_usart.o
 .text.USART_ClockStructInit
                0x00000000       0x34 ..\obj\stm32f4xx_usart.o
 .text.USART_SetPrescaler
                0x00000000       0x38 ..\obj\stm32f4xx_usart.o
 .text.USART_OverSampling8Cmd
                0x00000000       0x48 ..\obj\stm32f4xx_usart.o
 .text.USART_OneBitMethodCmd
                0x00000000       0x40 ..\obj\stm32f4xx_usart.o
 .text.USART_SendData
                0x00000000       0x28 ..\obj\stm32f4xx_usart.o
 .text.USART_ReceiveData
                0x00000000       0x24 ..\obj\stm32f4xx_usart.o
 .text.USART_SetAddress
                0x00000000       0x38 ..\obj\stm32f4xx_usart.o
 .text.USART_ReceiverWakeUpCmd
                0x00000000       0x40 ..\obj\stm32f4xx_usart.o
 .text.USART_WakeUpConfig
                0x00000000       0x38 ..\obj\stm32f4xx_usart.o
 .text.USART_LINBreakDetectLengthConfig
                0x00000000       0x38 ..\obj\stm32f4xx_usart.o
 .text.USART_LINCmd
                0x00000000       0x40 ..\obj\stm32f4xx_usart.o
 .text.USART_SendBreak
                0x00000000       0x24 ..\obj\stm32f4xx_usart.o
 .text.USART_HalfDuplexCmd
                0x00000000       0x40 ..\obj\stm32f4xx_usart.o
 .text.USART_SetGuardTime
                0x00000000       0x3c ..\obj\stm32f4xx_usart.o
 .text.USART_SmartCardCmd
                0x00000000       0x40 ..\obj\stm32f4xx_usart.o
 .text.USART_SmartCardNACKCmd
                0x00000000       0x40 ..\obj\stm32f4xx_usart.o
 .text.USART_IrDAConfig
                0x00000000       0x38 ..\obj\stm32f4xx_usart.o
 .text.USART_IrDACmd
                0x00000000       0x40 ..\obj\stm32f4xx_usart.o
 .text.USART_ITConfig
                0x00000000       0xa4 ..\obj\stm32f4xx_usart.o
 .text.USART_GetITStatus
                0x00000000       0xc4 ..\obj\stm32f4xx_usart.o
 .text.USART_ClearITPendingBit
                0x00000000       0x44 ..\obj\stm32f4xx_usart.o
 .text          0x00000000        0x0 ..\obj\startup_stm32f4xx.o
 .data          0x00000000        0x0 ..\obj\startup_stm32f4xx.o
 .bss           0x00000000        0x0 ..\obj\startup_stm32f4xx.o
 .text          0x00000000        0x0 ..\obj\main.o
 .bss           0x00000000        0x4 ..\obj\main.o
 .text          0x00000000        0x0 ..\obj\stm32f4xx_rcc.o
 .bss           0x00000000        0x0 ..\obj\stm32f4xx_rcc.o
 .text.RCC_DeInit
                0x00000000       0x84 ..\obj\stm32f4xx_rcc.o
 .text.RCC_HSEConfig
                0x00000000       0x30 ..\obj\stm32f4xx_rcc.o
 .text.RCC_WaitForHSEStartUp
                0x00000000       0x64 ..\obj\stm32f4xx_rcc.o
 .text.RCC_AdjustHSICalibrationValue
                0x00000000       0x48 ..\obj\stm32f4xx_rcc.o
 .text.RCC_HSICmd
                0x00000000       0x20 ..\obj\stm32f4xx_rcc.o
 .text.RCC_LSEConfig
                0x00000000       0x60 ..\obj\stm32f4xx_rcc.o
 .text.RCC_LSICmd
                0x00000000       0x20 ..\obj\stm32f4xx_rcc.o
 .text.RCC_PLLConfig
                0x00000000       0x48 ..\obj\stm32f4xx_rcc.o
 .text.RCC_PLLCmd
                0x00000000       0x20 ..\obj\stm32f4xx_rcc.o
 .text.RCC_PLLI2SConfig
                0x00000000       0x30 ..\obj\stm32f4xx_rcc.o
 .text.RCC_PLLI2SCmd
                0x00000000       0x20 ..\obj\stm32f4xx_rcc.o
 .text.RCC_ClockSecuritySystemCmd
                0x00000000       0x20 ..\obj\stm32f4xx_rcc.o
 .text.RCC_MCO1Config
                0x00000000       0x48 ..\obj\stm32f4xx_rcc.o
 .text.RCC_MCO2Config
                0x00000000       0x48 ..\obj\stm32f4xx_rcc.o
 .text.RCC_SYSCLKConfig
                0x00000000       0x40 ..\obj\stm32f4xx_rcc.o
 .text.RCC_HCLKConfig
                0x00000000       0x40 ..\obj\stm32f4xx_rcc.o
 .text.RCC_PCLK1Config
                0x00000000       0x40 ..\obj\stm32f4xx_rcc.o
 .text.RCC_PCLK2Config
                0x00000000       0x44 ..\obj\stm32f4xx_rcc.o
 .text.RCC_RTCCLKConfig
                0x00000000       0x74 ..\obj\stm32f4xx_rcc.o
 .text.RCC_RTCCLKCmd
                0x00000000       0x20 ..\obj\stm32f4xx_rcc.o
 .text.RCC_BackupResetCmd
                0x00000000       0x20 ..\obj\stm32f4xx_rcc.o
 .text.RCC_I2SCLKConfig
                0x00000000       0x20 ..\obj\stm32f4xx_rcc.o
 .text.RCC_AHB2PeriphClockCmd
                0x00000000       0x54 ..\obj\stm32f4xx_rcc.o
 .text.RCC_AHB3PeriphClockCmd
                0x00000000       0x54 ..\obj\stm32f4xx_rcc.o
 .text.RCC_APB2PeriphClockCmd
                0x00000000       0x54 ..\obj\stm32f4xx_rcc.o
 .text.RCC_AHB1PeriphResetCmd
                0x00000000       0x54 ..\obj\stm32f4xx_rcc.o
 .text.RCC_AHB2PeriphResetCmd
                0x00000000       0x54 ..\obj\stm32f4xx_rcc.o
 .text.RCC_AHB3PeriphResetCmd
                0x00000000       0x54 ..\obj\stm32f4xx_rcc.o
 .text.RCC_APB1PeriphResetCmd
                0x00000000       0x54 ..\obj\stm32f4xx_rcc.o
 .text.RCC_APB2PeriphResetCmd
                0x00000000       0x54 ..\obj\stm32f4xx_rcc.o
 .text.RCC_AHB1PeriphClockLPModeCmd
                0x00000000       0x54 ..\obj\stm32f4xx_rcc.o
 .text.RCC_AHB2PeriphClockLPModeCmd
                0x00000000       0x54 ..\obj\stm32f4xx_rcc.o
 .text.RCC_AHB3PeriphClockLPModeCmd
                0x00000000       0x54 ..\obj\stm32f4xx_rcc.o
 .text.RCC_APB1PeriphClockLPModeCmd
                0x00000000       0x54 ..\obj\stm32f4xx_rcc.o
 .text.RCC_APB2PeriphClockLPModeCmd
                0x00000000       0x54 ..\obj\stm32f4xx_rcc.o
 .text.RCC_ITConfig
                0x00000000       0x60 ..\obj\stm32f4xx_rcc.o
 .text.RCC_GetFlagStatus
                0x00000000       0x90 ..\obj\stm32f4xx_rcc.o
 .text.RCC_ClearFlag
                0x00000000       0x24 ..\obj\stm32f4xx_rcc.o
 .text.RCC_GetITStatus
                0x00000000       0x40 ..\obj\stm32f4xx_rcc.o
 .text.RCC_ClearITPendingBit
                0x00000000       0x20 ..\obj\stm32f4xx_rcc.o
 .text          0x00000000        0x0 ..\obj\stm32f4xx_gpio.o
 .data          0x00000000        0x0 ..\obj\stm32f4xx_gpio.o
 .bss           0x00000000        0x0 ..\obj\stm32f4xx_gpio.o
 .text.GPIO_DeInit
                0x00000000      0x178 ..\obj\stm32f4xx_gpio.o
 .text.GPIO_StructInit
                0x00000000       0x3c ..\obj\stm32f4xx_gpio.o
 .text.GPIO_PinLockConfig
                0x00000000       0x44 ..\obj\stm32f4xx_gpio.o
 .text.GPIO_ReadInputDataBit
                0x00000000       0x3c ..\obj\stm32f4xx_gpio.o
 .text.GPIO_ReadInputData
                0x00000000       0x1c ..\obj\stm32f4xx_gpio.o
 .text.GPIO_ReadOutputDataBit
                0x00000000       0x3c ..\obj\stm32f4xx_gpio.o
 .text.GPIO_ReadOutputData
                0x00000000       0x1c ..\obj\stm32f4xx_gpio.o
 .text.GPIO_WriteBit
                0x00000000       0x30 ..\obj\stm32f4xx_gpio.o
 .text.GPIO_Write
                0x00000000       0x1c ..\obj\stm32f4xx_gpio.o
 .text          0x00000000        0x0 ..\obj\system_stm32f4xx.o
 .data          0x00000000       0x14 ..\obj\system_stm32f4xx.o
 .bss           0x00000000        0x0 ..\obj\system_stm32f4xx.o
 .text.SystemCoreClockUpdate
                0x00000000      0x170 ..\obj\system_stm32f4xx.o
 .text          0x00000000        0x0 ..\obj\stm32f4xx_dma.o
 .data          0x00000000        0x0 ..\obj\stm32f4xx_dma.o
 .bss           0x00000000        0x0 ..\obj\stm32f4xx_dma.o
 .text.DMA_DeInit
                0x00000000      0x244 ..\obj\stm32f4xx_dma.o
 .text.DMA_StructInit
                0x00000000       0x8c ..\obj\stm32f4xx_dma.o
 .text.DMA_PeriphIncOffsetSizeConfig
                0x00000000       0x34 ..\obj\stm32f4xx_dma.o
 .text.DMA_FlowControllerConfig
                0x00000000       0x34 ..\obj\stm32f4xx_dma.o
 .text.DMA_SetCurrDataCounter
                0x00000000       0x1c ..\obj\stm32f4xx_dma.o
 .text.DMA_DoubleBufferModeConfig
                0x00000000       0x3c ..\obj\stm32f4xx_dma.o
 .text.DMA_DoubleBufferModeCmd
                0x00000000       0x38 ..\obj\stm32f4xx_dma.o
 .text.DMA_MemoryTargetConfig
                0x00000000       0x2c ..\obj\stm32f4xx_dma.o
 .text.DMA_GetCurrentMemoryTarget
                0x00000000       0x38 ..\obj\stm32f4xx_dma.o
 .text.DMA_GetCmdStatus
                0x00000000       0x38 ..\obj\stm32f4xx_dma.o
 .text.DMA_GetFIFOStatus
                0x00000000       0x28 ..\obj\stm32f4xx_dma.o
 .text.DMA_ITConfig
                0x00000000       0x74 ..\obj\stm32f4xx_dma.o
 .text.DMA_GetITStatus
                0x00000000       0xc0 ..\obj\stm32f4xx_dma.o
 .text.DMA_ClearITPendingBit
                0x00000000       0x60 ..\obj\stm32f4xx_dma.o

Memory Configuration

Name             Origin             Length             Attributes
rom              0x08000000         0x00100000         xr
ram              0x20000000         0x00020000         xrw
ram1             0x10000000         0x00010000         xrw
*default*        0x00000000         0xffffffff

Linker script and memory map

                0x20020000                _eram = 0x20020000

.text           0x08000000     0x12ac
 *(.isr_vector .isr_vector.*)
 .isr_vector    0x08000000      0x188 ..\obj\startup_stm32f4xx.o
                0x08000000                g_pfnVectors
 *(.text .text.* .gnu.linkonce.t.*)
 .text.USART_Init
                0x08000188      0x1ac ..\obj\stm32f4xx_usart.o
                0x08000188                USART_Init
 .text.USART_Cmd
                0x08000334       0x40 ..\obj\stm32f4xx_usart.o
                0x08000334                USART_Cmd
 .text.USART_DMACmd
                0x08000374       0x48 ..\obj\stm32f4xx_usart.o
                0x08000374                USART_DMACmd
 .text.USART_GetFlagStatus
                0x080003bc       0x40 ..\obj\stm32f4xx_usart.o
                0x080003bc                USART_GetFlagStatus
 .text.USART_ClearFlag
                0x080003fc       0x24 ..\obj\stm32f4xx_usart.o
                0x080003fc                USART_ClearFlag
 .text.Default_Reset_Handler
                0x08000420       0x6c ..\obj\startup_stm32f4xx.o
                0x08000420                Default_Reset_Handler
                0x08000420                Reset_Handler
 .text.Default_Handler
                0x0800048c        0x8 ..\obj\startup_stm32f4xx.o
                0x0800048c                RTC_Alarm_IRQHandler
                0x0800048c                HASH_RNG_IRQHandler
                0x0800048c                EXTI2_IRQHandler
                0x0800048c                TIM8_CC_IRQHandler
                0x0800048c                DebugMon_Handler
                0x0800048c                TIM1_CC_IRQHandler
                0x0800048c                DMA2_Stream5_IRQHandler
                0x0800048c                HardFault_Handler
                0x0800048c                DMA1_Stream5_IRQHandler
                0x0800048c                SysTick_Handler
                0x0800048c                PVD_IRQHandler
                0x0800048c                SDIO_IRQHandler
                0x0800048c                TAMP_STAMP_IRQHandler
                0x0800048c                PendSV_Handler
                0x0800048c                NMI_Handler
                0x0800048c                CAN2_RX1_IRQHandler
                0x0800048c                EXTI3_IRQHandler
                0x0800048c                TIM8_TRG_COM_TIM14_IRQHandler
                0x0800048c                TIM1_UP_TIM10_IRQHandler
                0x0800048c                TIM8_UP_TIM13_IRQHandler
                0x0800048c                I2C3_ER_IRQHandler
                0x0800048c                EXTI0_IRQHandler
                0x0800048c                I2C2_EV_IRQHandler
                0x0800048c                DMA1_Stream2_IRQHandler
                0x0800048c                CAN1_RX0_IRQHandler
                0x0800048c                FPU_IRQHandler
                0x0800048c                OTG_HS_WKUP_IRQHandler
                0x0800048c                UsageFault_Handler
                0x0800048c                CAN2_SCE_IRQHandler
                0x0800048c                DMA2_Stream2_IRQHandler
                0x0800048c                SPI1_IRQHandler
                0x0800048c                TIM6_DAC_IRQHandler
                0x0800048c                TIM1_BRK_TIM9_IRQHandler
                0x0800048c                DCMI_IRQHandler
                0x0800048c                CAN2_RX0_IRQHandler
                0x0800048c                DMA2_Stream3_IRQHandler
                0x0800048c                USART6_IRQHandler
                0x0800048c                USART3_IRQHandler
                0x0800048c                CRYP_IRQHandler
                0x0800048c                CAN1_RX1_IRQHandler
                0x0800048c                UART5_IRQHandler
                0x0800048c                DMA2_Stream0_IRQHandler
                0x0800048c                TIM4_IRQHandler
                0x0800048c                I2C1_EV_IRQHandler
                0x0800048c                DMA1_Stream6_IRQHandler
                0x0800048c                DMA1_Stream1_IRQHandler
                0x0800048c                UART4_IRQHandler
                0x0800048c                TIM3_IRQHandler
                0x0800048c                RCC_IRQHandler
                0x0800048c                TIM8_BRK_TIM12_IRQHandler
                0x0800048c                EXTI15_10_IRQHandler
                0x0800048c                ADC_IRQHandler
                0x0800048c                DMA1_Stream7_IRQHandler
                0x0800048c                TIM7_IRQHandler
                0x0800048c                CAN2_TX_IRQHandler
                0x0800048c                TIM5_IRQHandler
                0x0800048c                DMA2_Stream7_IRQHandler
                0x0800048c                I2C3_EV_IRQHandler
                0x0800048c                EXTI9_5_IRQHandler
                0x0800048c                RTC_WKUP_IRQHandler
                0x0800048c                ETH_WKUP_IRQHandler
                0x0800048c                SPI2_IRQHandler
                0x0800048c                OTG_HS_EP1_IN_IRQHandler
                0x0800048c                MemManage_Handler
                0x0800048c                DMA1_Stream0_IRQHandler
                0x0800048c                CAN1_TX_IRQHandler
                0x0800048c                SVC_Handler
                0x0800048c                EXTI4_IRQHandler
                0x0800048c                FSMC_IRQHandler
                0x0800048c                ETH_IRQHandler
                0x0800048c                OTG_HS_EP1_OUT_IRQHandler
                0x0800048c                WWDG_IRQHandler
                0x0800048c                TIM2_IRQHandler
                0x0800048c                OTG_FS_WKUP_IRQHandler
                0x0800048c                TIM1_TRG_COM_TIM11_IRQHandler
                0x0800048c                OTG_HS_IRQHandler
                0x0800048c                EXTI1_IRQHandler
                0x0800048c                USART2_IRQHandler
                0x0800048c                I2C2_ER_IRQHandler
                0x0800048c                DMA2_Stream1_IRQHandler
                0x0800048c                CAN1_SCE_IRQHandler
                0x0800048c                FLASH_IRQHandler
                0x0800048c                DMA2_Stream4_IRQHandler
                0x0800048c                BusFault_Handler
                0x0800048c                USART1_IRQHandler
                0x0800048c                OTG_FS_IRQHandler
                0x0800048c                SPI3_IRQHandler
                0x0800048c                DMA1_Stream4_IRQHandler
                0x0800048c                I2C1_ER_IRQHandler
                0x0800048c                DMA2_Stream6_IRQHandler
                0x0800048c                DMA1_Stream3_IRQHandler
 .text.main     0x08000494       0xec ..\obj\main.o
                0x08000494                main
 .text.USART_Config
                0x08000580      0x210 ..\obj\main.o
 .text.led_init
                0x08000790       0xf8 ..\obj\main.o
                0x08000790                led_init
 .text.led_on   0x08000888       0x6c ..\obj\main.o
                0x08000888                led_on
 .text.led_off  0x080008f4       0x6c ..\obj\main.o
                0x080008f4                led_off
 .text.toggle_led
                0x08000960       0x6c ..\obj\main.o
                0x08000960                toggle_led
 .text.RCC_GetSYSCLKSource
                0x080009cc       0x20 ..\obj\stm32f4xx_rcc.o
                0x080009cc                RCC_GetSYSCLKSource
 .text.RCC_GetClocksFreq
                0x080009ec      0x1cc ..\obj\stm32f4xx_rcc.o
                0x080009ec                RCC_GetClocksFreq
 .text.RCC_AHB1PeriphClockCmd
                0x08000bb8       0x54 ..\obj\stm32f4xx_rcc.o
                0x08000bb8                RCC_AHB1PeriphClockCmd
 .text.RCC_APB1PeriphClockCmd
                0x08000c0c       0x54 ..\obj\stm32f4xx_rcc.o
                0x08000c0c                RCC_APB1PeriphClockCmd
 .text.GPIO_Init
                0x08000c60      0x144 ..\obj\stm32f4xx_gpio.o
                0x08000c60                GPIO_Init
 .text.GPIO_SetBits
                0x08000da4       0x1c ..\obj\stm32f4xx_gpio.o
                0x08000da4                GPIO_SetBits
 .text.GPIO_ResetBits
                0x08000dc0       0x1c ..\obj\stm32f4xx_gpio.o
                0x08000dc0                GPIO_ResetBits
 .text.GPIO_ToggleBits
                0x08000ddc       0x24 ..\obj\stm32f4xx_gpio.o
                0x08000ddc                GPIO_ToggleBits
 .text.GPIO_PinAFConfig
                0x08000e00       0xa8 ..\obj\stm32f4xx_gpio.o
                0x08000e00                GPIO_PinAFConfig
 .text.SystemInit
                0x08000ea8       0x94 ..\obj\system_stm32f4xx.o
                0x08000ea8                SystemInit
 .text.SetSysClock
                0x08000f3c      0x188 ..\obj\system_stm32f4xx.o
 .text.DMA_Init
                0x080010c4       0xb0 ..\obj\stm32f4xx_dma.o
                0x080010c4                DMA_Init
 .text.DMA_Cmd  0x08001174       0x38 ..\obj\stm32f4xx_dma.o
                0x08001174                DMA_Cmd
 .text.DMA_GetCurrDataCounter
                0x080011ac       0x1c ..\obj\stm32f4xx_dma.o
                0x080011ac                DMA_GetCurrDataCounter
 .text.DMA_GetFlagStatus
                0x080011c8       0x84 ..\obj\stm32f4xx_dma.o
                0x080011c8                DMA_GetFlagStatus
 .text.DMA_ClearFlag
                0x0800124c       0x60 ..\obj\stm32f4xx_dma.o
                0x0800124c                DMA_ClearFlag
 *(.glue_7t)
 .glue_7t       0x00000000        0x0 linker stubs
 *(.glue_7)
 .glue_7        0x00000000        0x0 linker stubs
 *(.rodata .rodata* .gnu.linkonce.r.*)

.vfp11_veneer   0x080012ac        0x0
 .vfp11_veneer  0x00000000        0x0 linker stubs

.v4_bx          0x080012ac        0x0
 .v4_bx         0x00000000        0x0 linker stubs

.iplt           0x080012ac        0x0
 .iplt          0x00000000        0x0 ..\obj\stm32f4xx_usart.o

.rel.dyn        0x080012ac        0x0
 .rel.iplt      0x00000000        0x0 ..\obj\stm32f4xx_usart.o

.ARM.extab
 *(.ARM.extab* .gnu.linkonce.armextab.*)
                0x080012ac                __exidx_start = .

.ARM.exidx
 *(.ARM.exidx* .gnu.linkonce.armexidx.*)
                0x080012ac                __exidx_end = .
                0x080012ac                . = ALIGN (0x4)
                0x080012ac                _etext = .
                0x080012ac                _sidata = .

.data           0x20000000       0x74 load address 0x080012ac
                0x20000000                _sdata = .
 *(.data .data.*)
 .data          0x20000000       0x64 ..\obj\main.o
                0x20000000                aTxBuffer
 .data          0x20000064       0x10 ..\obj\stm32f4xx_rcc.o
                0x20000074                . = ALIGN (0x4)
                0x20000074                _edata = .

.igot.plt       0x20000074        0x0 load address 0x08001320
 .igot.plt      0x00000000        0x0 ..\obj\stm32f4xx_usart.o

.bss            0x20000074       0xa4 load address 0x08001320
                0x20000074                _sbss = .
 *(.bss .bss.*)
 *(COMMON)
 COMMON         0x20000074       0xa4 ..\obj\main.o
                0x20000074                i
                0x20000078                aRxBuffer
                0x200000dc                DMA_InitStructure
                0x20000118                . = ALIGN (0x4)
                0x20000118                _ebss = .

.co_stack       0x20000118      0x800 load address 0x080013c4
                0x20000118                . = ALIGN (0x8)
 *(.co_stack .co_stack.*)
 .co_stack      0x20000118      0x800 ..\obj\startup_stm32f4xx.o
                0x20000118                pulStack
                0x20000918                . = ALIGN (0x4)
                0x20000918                _end = .
LOAD ..\obj\stm32f4xx_usart.o
LOAD ..\obj\startup_stm32f4xx.o
LOAD ..\obj\main.o
LOAD ..\obj\stm32f4xx_rcc.o
LOAD ..\obj\stm32f4xx_gpio.o
LOAD ..\obj\system_stm32f4xx.o
LOAD ..\obj\stm32f4xx_dma.o
START GROUP
LOAD c:/program files (x86)/gnu tools arm embedded/4.7 2012q4/bin/../lib/gcc/arm-none-eabi/4.7.3/armv7e-m\libgcc.a
LOAD c:/program files (x86)/gnu tools arm embedded/4.7 2012q4/bin/../lib/gcc/arm-none-eabi/4.7.3/../../../../arm-none-eabi/lib/armv7e-m\libg.a
LOAD c:/program files (x86)/gnu tools arm embedded/4.7 2012q4/bin/../lib/gcc/arm-none-eabi/4.7.3/../../../../arm-none-eabi/lib/armv7e-m\libc.a
END GROUP
OUTPUT(DMA_test_example.elf elf32-littlearm)

.debug_info     0x00000000     0x338f
 .debug_info    0x00000000      0xa65 ..\obj\stm32f4xx_usart.o
 .debug_info    0x00000a65      0x103 ..\obj\startup_stm32f4xx.o
 .debug_info    0x00000b68      0x6fa ..\obj\main.o
 .debug_info    0x00001262      0xd49 ..\obj\stm32f4xx_rcc.o
 .debug_info    0x00001fab      0x640 ..\obj\stm32f4xx_gpio.o
 .debug_info    0x000025eb      0x5f5 ..\obj\system_stm32f4xx.o
 .debug_info    0x00002be0      0x7af ..\obj\stm32f4xx_dma.o

.debug_abbrev   0x00000000      0x9b8
 .debug_abbrev  0x00000000      0x157 ..\obj\stm32f4xx_usart.o
 .debug_abbrev  0x00000157       0xb2 ..\obj\startup_stm32f4xx.o
 .debug_abbrev  0x00000209      0x196 ..\obj\main.o
 .debug_abbrev  0x0000039f      0x1e5 ..\obj\stm32f4xx_rcc.o
 .debug_abbrev  0x00000584      0x1a5 ..\obj\stm32f4xx_gpio.o
 .debug_abbrev  0x00000729      0x138 ..\obj\system_stm32f4xx.o
 .debug_abbrev  0x00000861      0x157 ..\obj\stm32f4xx_dma.o

.debug_loc      0x00000000     0x195c
 .debug_loc     0x00000000      0x658 ..\obj\stm32f4xx_usart.o
 .debug_loc     0x00000658       0x64 ..\obj\startup_stm32f4xx.o
 .debug_loc     0x000006bc      0x150 ..\obj\main.o
 .debug_loc     0x0000080c      0x97c ..\obj\stm32f4xx_rcc.o
 .debug_loc     0x00001188      0x310 ..\obj\stm32f4xx_gpio.o
 .debug_loc     0x00001498       0x9c ..\obj\system_stm32f4xx.o
 .debug_loc     0x00001534      0x428 ..\obj\stm32f4xx_dma.o

.debug_aranges  0x00000000      0x450
 .debug_aranges
                0x00000000      0x100 ..\obj\stm32f4xx_usart.o
 .debug_aranges
                0x00000100       0x28 ..\obj\startup_stm32f4xx.o
 .debug_aranges
                0x00000128       0x48 ..\obj\main.o
 .debug_aranges
                0x00000170      0x178 ..\obj\stm32f4xx_rcc.o
 .debug_aranges
                0x000002e8       0x88 ..\obj\stm32f4xx_gpio.o
 .debug_aranges
                0x00000370       0x30 ..\obj\system_stm32f4xx.o
 .debug_aranges
                0x000003a0       0xb0 ..\obj\stm32f4xx_dma.o

.debug_ranges   0x00000000      0x3e0
 .debug_ranges  0x00000000       0xf0 ..\obj\stm32f4xx_usart.o
 .debug_ranges  0x000000f0       0x18 ..\obj\startup_stm32f4xx.o
 .debug_ranges  0x00000108       0x38 ..\obj\main.o
 .debug_ranges  0x00000140      0x168 ..\obj\stm32f4xx_rcc.o
 .debug_ranges  0x000002a8       0x78 ..\obj\stm32f4xx_gpio.o
 .debug_ranges  0x00000320       0x20 ..\obj\system_stm32f4xx.o
 .debug_ranges  0x00000340       0xa0 ..\obj\stm32f4xx_dma.o

.debug_line     0x00000000     0x1618
 .debug_line    0x00000000      0x483 ..\obj\stm32f4xx_usart.o
 .debug_line    0x00000483       0xa4 ..\obj\startup_stm32f4xx.o
 .debug_line    0x00000527      0x2dc ..\obj\main.o
 .debug_line    0x00000803      0x57a ..\obj\stm32f4xx_rcc.o
 .debug_line    0x00000d7d      0x31e ..\obj\stm32f4xx_gpio.o
 .debug_line    0x0000109b      0x1c2 ..\obj\system_stm32f4xx.o
 .debug_line    0x0000125d      0x3bb ..\obj\stm32f4xx_dma.o

.debug_str      0x00000000     0x152a
 .debug_str     0x00000000      0x5d4 ..\obj\stm32f4xx_usart.o
                                0x635 (size before relaxing)
 .debug_str     0x000005d4       0xb3 ..\obj\startup_stm32f4xx.o
                                0x117 (size before relaxing)
 .debug_str     0x00000687      0x395 ..\obj\main.o
                                0x582 (size before relaxing)
 .debug_str     0x00000a1c      0x5e6 ..\obj\stm32f4xx_rcc.o
                                0x7f6 (size before relaxing)
 .debug_str     0x00001002      0x196 ..\obj\stm32f4xx_gpio.o
                                0x449 (size before relaxing)
 .debug_str     0x00001198      0x11b ..\obj\system_stm32f4xx.o
                                0x350 (size before relaxing)
 .debug_str     0x000012b3      0x277 ..\obj\stm32f4xx_dma.o
                                0x4f2 (size before relaxing)

.comment        0x00000000       0x70
 .comment       0x00000000       0x70 ..\obj\stm32f4xx_usart.o
                                 0x71 (size before relaxing)
 .comment       0x00000000       0x71 ..\obj\startup_stm32f4xx.o
 .comment       0x00000000       0x71 ..\obj\main.o
 .comment       0x00000000       0x71 ..\obj\stm32f4xx_rcc.o
 .comment       0x00000000       0x71 ..\obj\stm32f4xx_gpio.o
 .comment       0x00000000       0x71 ..\obj\system_stm32f4xx.o
 .comment       0x00000000       0x71 ..\obj\stm32f4xx_dma.o

.ARM.attributes
                0x00000000       0x33
 .ARM.attributes
                0x00000000       0x33 ..\obj\stm32f4xx_usart.o
 .ARM.attributes
                0x00000033       0x33 ..\obj\startup_stm32f4xx.o
 .ARM.attributes
                0x00000066       0x33 ..\obj\main.o
 .ARM.attributes
                0x00000099       0x33 ..\obj\stm32f4xx_rcc.o
 .ARM.attributes
                0x000000cc       0x33 ..\obj\stm32f4xx_gpio.o
 .ARM.attributes
                0x000000ff       0x33 ..\obj\system_stm32f4xx.o
 .ARM.attributes
                0x00000132       0x33 ..\obj\stm32f4xx_dma.o

.debug_frame    0x00000000      0xd58
 .debug_frame   0x00000000      0x344 ..\obj\stm32f4xx_usart.o
 .debug_frame   0x00000344       0x48 ..\obj\startup_stm32f4xx.o
 .debug_frame   0x0000038c       0xd0 ..\obj\main.o
 .debug_frame   0x0000045c      0x4d8 ..\obj\stm32f4xx_rcc.o
 .debug_frame   0x00000934      0x19c ..\obj\stm32f4xx_gpio.o
 .debug_frame   0x00000ad0       0x64 ..\obj\system_stm32f4xx.o
 .debug_frame   0x00000b34      0x224 ..\obj\stm32f4xx_dma.o
