Archive member included because of file (symbol)

..\..\..\..\..\..\..\Program Files (x86)\GNU Tools ARM Embedded\4.7 2012q4\arm-none-eabi\lib\armv7e-m\fpu\libm.a(lib_a-sf_cos.o)
                              ..\obj\state_feedback_control.o (cosf)
..\..\..\..\..\..\..\Program Files (x86)\GNU Tools ARM Embedded\4.7 2012q4\arm-none-eabi\lib\armv7e-m\fpu\libm.a(lib_a-sf_sin.o)
                              ..\obj\state_feedback_control.o (sinf)
..\..\..\..\..\..\..\Program Files (x86)\GNU Tools ARM Embedded\4.7 2012q4\arm-none-eabi\lib\armv7e-m\fpu\libm.a(lib_a-sf_tan.o)
                              ..\obj\odometry.o (tanf)
..\..\..\..\..\..\..\Program Files (x86)\GNU Tools ARM Embedded\4.7 2012q4\arm-none-eabi\lib\armv7e-m\fpu\libm.a(lib_a-ef_rem_pio2.o)
                              ..\..\..\..\..\..\..\Program Files (x86)\GNU Tools ARM Embedded\4.7 2012q4\arm-none-eabi\lib\armv7e-m\fpu\libm.a(lib_a-sf_cos.o) (__ieee754_rem_pio2f)
..\..\..\..\..\..\..\Program Files (x86)\GNU Tools ARM Embedded\4.7 2012q4\arm-none-eabi\lib\armv7e-m\fpu\libm.a(lib_a-kf_cos.o)
                              ..\..\..\..\..\..\..\Program Files (x86)\GNU Tools ARM Embedded\4.7 2012q4\arm-none-eabi\lib\armv7e-m\fpu\libm.a(lib_a-sf_cos.o) (__kernel_cosf)
..\..\..\..\..\..\..\Program Files (x86)\GNU Tools ARM Embedded\4.7 2012q4\arm-none-eabi\lib\armv7e-m\fpu\libm.a(lib_a-kf_rem_pio2.o)
                              ..\..\..\..\..\..\..\Program Files (x86)\GNU Tools ARM Embedded\4.7 2012q4\arm-none-eabi\lib\armv7e-m\fpu\libm.a(lib_a-ef_rem_pio2.o) (__kernel_rem_pio2f)
..\..\..\..\..\..\..\Program Files (x86)\GNU Tools ARM Embedded\4.7 2012q4\arm-none-eabi\lib\armv7e-m\fpu\libm.a(lib_a-kf_sin.o)
                              ..\..\..\..\..\..\..\Program Files (x86)\GNU Tools ARM Embedded\4.7 2012q4\arm-none-eabi\lib\armv7e-m\fpu\libm.a(lib_a-sf_cos.o) (__kernel_sinf)
..\..\..\..\..\..\..\Program Files (x86)\GNU Tools ARM Embedded\4.7 2012q4\arm-none-eabi\lib\armv7e-m\fpu\libm.a(lib_a-kf_tan.o)
                              ..\..\..\..\..\..\..\Program Files (x86)\GNU Tools ARM Embedded\4.7 2012q4\arm-none-eabi\lib\armv7e-m\fpu\libm.a(lib_a-sf_tan.o) (__kernel_tanf)
..\..\..\..\..\..\..\Program Files (x86)\GNU Tools ARM Embedded\4.7 2012q4\arm-none-eabi\lib\armv7e-m\fpu\libm.a(lib_a-sf_fabs.o)
                              ..\..\..\..\..\..\..\Program Files (x86)\GNU Tools ARM Embedded\4.7 2012q4\arm-none-eabi\lib\armv7e-m\fpu\libm.a(lib_a-ef_rem_pio2.o) (fabsf)
..\..\..\..\..\..\..\Program Files (x86)\GNU Tools ARM Embedded\4.7 2012q4\arm-none-eabi\lib\armv7e-m\fpu\libm.a(lib_a-sf_floor.o)
                              ..\..\..\..\..\..\..\Program Files (x86)\GNU Tools ARM Embedded\4.7 2012q4\arm-none-eabi\lib\armv7e-m\fpu\libm.a(lib_a-kf_rem_pio2.o) (floorf)
..\..\..\..\..\..\..\Program Files (x86)\GNU Tools ARM Embedded\4.7 2012q4\arm-none-eabi\lib\armv7e-m\fpu\libm.a(lib_a-sf_scalbn.o)
                              ..\..\..\..\..\..\..\Program Files (x86)\GNU Tools ARM Embedded\4.7 2012q4\arm-none-eabi\lib\armv7e-m\fpu\libm.a(lib_a-kf_rem_pio2.o) (scalbnf)
..\..\..\..\..\..\..\Program Files (x86)\GNU Tools ARM Embedded\4.7 2012q4\arm-none-eabi\lib\armv7e-m\fpu\libm.a(lib_a-sf_copysign.o)
                              ..\..\..\..\..\..\..\Program Files (x86)\GNU Tools ARM Embedded\4.7 2012q4\arm-none-eabi\lib\armv7e-m\fpu\libm.a(lib_a-sf_scalbn.o) (copysignf)
c:/program files (x86)/gnu tools arm embedded/4.7 2012q4/bin/../lib/gcc/arm-none-eabi/4.7.3/armv7e-m\libgcc.a(_arm_addsubdf3.o)
                              ..\obj\state_feedback_control.o (__aeabi_dsub)
c:/program files (x86)/gnu tools arm embedded/4.7 2012q4/bin/../lib/gcc/arm-none-eabi/4.7.3/armv7e-m\libgcc.a(_arm_muldivdf3.o)
                              ..\obj\setpoint_filter.o (__aeabi_dmul)
c:/program files (x86)/gnu tools arm embedded/4.7 2012q4/bin/../lib/gcc/arm-none-eabi/4.7.3/armv7e-m\libgcc.a(_arm_cmpdf2.o)
                              ..\obj\setpoint_filter.o (__aeabi_dcmplt)
c:/program files (x86)/gnu tools arm embedded/4.7 2012q4/bin/../lib/gcc/arm-none-eabi/4.7.3/armv7e-m\libgcc.a(_arm_truncdfsf2.o)
                              ..\obj\setpoint_filter.o (__aeabi_d2f)

Allocating common symbols
Common symbol       size              file

data_check_counter  0x4               ..\obj\main.o
Helios_val          0x30              ..\obj\main.o
Ballbot_stats       0x1               ..\obj\main.o
theta_z_tmp         0x4               ..\obj\main.o
helios_stop         0x4               ..\obj\main.o
RxMsg3              0x14              ..\obj\Can.o
p41                 0x4               ..\obj\main.o
thetaxk             0x4               ..\obj\main.o
thetayk             0x4               ..\obj\main.o
p22                 0x4               ..\obj\main.o
xold4_1             0x4               ..\obj\main.o
TxMessageHELIOS     0xc8              ..\obj\Serials.o
p24                 0x4               ..\obj\main.o
phixk               0x4               ..\obj\main.o
xold4_2             0x4               ..\obj\main.o
xold2_2             0x4               ..\obj\main.o
p31                 0x4               ..\obj\main.o
count_jump          0x4               ..\obj\main.o
old_phi_y_soll      0x4               ..\obj\main.o
old_phi_dot_y_soll  0x4               ..\obj\main.o
RxMessageHELIOS     0x14              ..\obj\Serials.o
xold1_3             0x4               ..\obj\main.o
phi_dot             0x28              ..\obj\main.o
old_phi_dot_y       0x4               ..\obj\main.o
timer_parking_up    0x4               ..\obj\main.o
xold1_1             0x4               ..\obj\main.o
Motor_current_real  0xc               ..\obj\main.o
led_value           0x1               ..\obj\main.o
p42                 0x4               ..\obj\main.o
timer_frequenzy     0x4               ..\obj\main.o
first_time          0x4               ..\obj\main.o
Sensor_val          0x78              ..\obj\main.o
p14                 0x4               ..\obj\main.o
p21                 0x4               ..\obj\main.o
Control_Mode        0x1               ..\obj\main.o
hull_position       0x1               ..\obj\main.o
old_theta_z_soll    0x4               ..\obj\main.o
p34                 0x4               ..\obj\main.o
old_phi_dot_z       0x4               ..\obj\main.o
esum                0x4               ..\obj\main.o
xold3_1             0x4               ..\obj\main.o
phiyk               0x4               ..\obj\main.o
old_phi_x_soll      0x4               ..\obj\main.o
p33                 0x4               ..\obj\main.o
p13                 0x4               ..\obj\main.o
old_phi_dot_x_soll  0x4               ..\obj\main.o
error_detection     0x1               ..\obj\main.o
phidxk              0x4               ..\obj\main.o
temp_count          0x4               ..\obj\main.o
p12                 0x4               ..\obj\main.o
Read_EPOS           0x1               ..\obj\main.o
NVIC_InitStruct     0x4               ..\obj\Serials.o
mode_frequenzy      0x1               ..\obj\main.o
timer_parking_down  0x4               ..\obj\main.o
p11                 0x4               ..\obj\main.o
xold2_3             0x4               ..\obj\main.o
Motor_torque_xyz    0xc               ..\obj\main.o
xold3_3             0x4               ..\obj\main.o
p44                 0x4               ..\obj\main.o
change_way          0x1               ..\obj\main.o
old_phi_dot_x       0x4               ..\obj\main.o
DMA_InitStructure   0x3c              ..\obj\Serials.o
p32                 0x4               ..\obj\main.o
old_pos_x_dot       0x4               ..\obj\main.o
xold1_2             0x4               ..\obj\main.o
xold3_2             0x4               ..\obj\main.o
p43                 0x4               ..\obj\main.o
old_pos_y_dot       0x4               ..\obj\main.o
offset_z            0x4               ..\obj\main.o
available_data      0xc               ..\obj\main.o
EPOS_sent_data      0xc               ..\obj\main.o
p23                 0x4               ..\obj\main.o
xold2_1             0x4               ..\obj\main.o
ealt                0x4               ..\obj\main.o
phidyk              0x4               ..\obj\main.o
cmd                 0x1               ..\obj\Serials.o
xold4_3             0x4               ..\obj\main.o

Discarded input sections

 .text          0x00000000        0x0 ..\obj\setpoint_filter.o
 .data          0x00000000        0x0 ..\obj\setpoint_filter.o
 .bss           0x00000000        0x0 ..\obj\setpoint_filter.o
 .text.setpoint_filter
                0x00000000      0x310 ..\obj\setpoint_filter.o
 .text.sign     0x00000000       0x14 ..\obj\setpoint_filter.o
 .debug_info    0x00000000      0x55b ..\obj\setpoint_filter.o
 .debug_abbrev  0x00000000      0x100 ..\obj\setpoint_filter.o
 .debug_loc     0x00000000       0x7c ..\obj\setpoint_filter.o
 .debug_aranges
                0x00000000       0x28 ..\obj\setpoint_filter.o
 .debug_ranges  0x00000000       0x90 ..\obj\setpoint_filter.o
 .debug_line    0x00000000      0x120 ..\obj\setpoint_filter.o
 .debug_str     0x00000000      0x4ae ..\obj\setpoint_filter.o
 .comment       0x00000000       0x71 ..\obj\setpoint_filter.o
 .ARM.attributes
                0x00000000       0x3b ..\obj\setpoint_filter.o
 .debug_frame   0x00000000       0x4c ..\obj\setpoint_filter.o
 .text          0x00000000        0x0 ..\obj\state_feedback_control.o
 .data          0x00000000        0x0 ..\obj\state_feedback_control.o
 .bss           0x00000000        0x0 ..\obj\state_feedback_control.o
 .text.non_linear_control
                0x00000000     0x2878 ..\obj\state_feedback_control.o
 .text.planar_control
                0x00000000      0x6d0 ..\obj\state_feedback_control.o
 .rodata        0x00000000       0x34 ..\obj\state_feedback_control.o
 .text          0x00000000        0x0 ..\obj\EPOS.o
 .data          0x00000000        0x0 ..\obj\EPOS.o
 .bss           0x00000000        0x0 ..\obj\EPOS.o
 .text.Set_Operational_NMT_State
                0x00000000       0x28 ..\obj\EPOS.o
 .text.EPOS_disable
                0x00000000       0x48 ..\obj\EPOS.o
 .text.EPOS_enable
                0x00000000       0x48 ..\obj\EPOS.o
 .text.EPOS_stop
                0x00000000       0x48 ..\obj\EPOS.o
 .text._delay_ms
                0x00000000        0x4 ..\obj\EPOS.o
 .text.EPOS_set_speed_SDO
                0x00000000       0x54 ..\obj\EPOS.o
 .text.EPOS_set_position_SDO
                0x00000000       0x54 ..\obj\EPOS.o
 .text.EPOS_set_current_PDO
                0x00000000       0x28 ..\obj\EPOS.o
 .text.EPOS_set_velocity_PDO
                0x00000000       0x48 ..\obj\EPOS.o
 .text.EPOS_set_position_PDO
                0x00000000       0x38 ..\obj\EPOS.o
 .text.EPOS_get_position_SDO
                0x00000000       0x3c ..\obj\EPOS.o
 .text.EPOS_get_current_SDO
                0x00000000       0x3c ..\obj\EPOS.o
 .text.EPOS_Reset_Home_Position
                0x00000000       0x3c ..\obj\EPOS.o
 .text          0x00000000        0x0 ..\obj\Can.o
 .data          0x00000000        0x0 ..\obj\Can.o
 .bss           0x00000000        0x0 ..\obj\Can.o
 .text.can_set_send_PDO_mb
                0x00000000        0x4 ..\obj\Can.o
 .text.can_send_PDO
                0x00000000       0x4c ..\obj\Can.o
 .text          0x00000000        0x0 ..\obj\stm32f4xx_usart.o
 .data          0x00000000        0x0 ..\obj\stm32f4xx_usart.o
 .bss           0x00000000        0x0 ..\obj\stm32f4xx_usart.o
 .text.USART_DeInit
                0x00000000       0xd4 ..\obj\stm32f4xx_usart.o
 .text.USART_StructInit
                0x00000000       0x18 ..\obj\stm32f4xx_usart.o
 .text.USART_ClockInit
                0x00000000       0x28 ..\obj\stm32f4xx_usart.o
 .text.USART_ClockStructInit
                0x00000000        0xc ..\obj\stm32f4xx_usart.o
 .text.USART_SetPrescaler
                0x00000000       0x14 ..\obj\stm32f4xx_usart.o
 .text.USART_OverSampling8Cmd
                0x00000000       0x1c ..\obj\stm32f4xx_usart.o
 .text.USART_OneBitMethodCmd
                0x00000000       0x1c ..\obj\stm32f4xx_usart.o
 .text.USART_SendData
                0x00000000        0x8 ..\obj\stm32f4xx_usart.o
 .text.USART_ReceiveData
                0x00000000        0x8 ..\obj\stm32f4xx_usart.o
 .text.USART_SetAddress
                0x00000000       0x18 ..\obj\stm32f4xx_usart.o
 .text.USART_ReceiverWakeUpCmd
                0x00000000       0x1c ..\obj\stm32f4xx_usart.o
 .text.USART_WakeUpConfig
                0x00000000       0x18 ..\obj\stm32f4xx_usart.o
 .text.USART_LINBreakDetectLengthConfig
                0x00000000       0x18 ..\obj\stm32f4xx_usart.o
 .text.USART_LINCmd
                0x00000000       0x1c ..\obj\stm32f4xx_usart.o
 .text.USART_SendBreak
                0x00000000        0xc ..\obj\stm32f4xx_usart.o
 .text.USART_HalfDuplexCmd
                0x00000000       0x1c ..\obj\stm32f4xx_usart.o
 .text.USART_SetGuardTime
                0x00000000       0x14 ..\obj\stm32f4xx_usart.o
 .text.USART_SmartCardCmd
                0x00000000       0x1c ..\obj\stm32f4xx_usart.o
 .text.USART_SmartCardNACKCmd
                0x00000000       0x1c ..\obj\stm32f4xx_usart.o
 .text.USART_IrDAConfig
                0x00000000       0x18 ..\obj\stm32f4xx_usart.o
 .text.USART_IrDACmd
                0x00000000       0x1c ..\obj\stm32f4xx_usart.o
 .text.USART_ITConfig
                0x00000000       0x38 ..\obj\stm32f4xx_usart.o
 .text.USART_GetFlagStatus
                0x00000000        0xc ..\obj\stm32f4xx_usart.o
 .text.USART_ClearFlag
                0x00000000        0x8 ..\obj\stm32f4xx_usart.o
 .text.USART_GetITStatus
                0x00000000       0x48 ..\obj\stm32f4xx_usart.o
 .text          0x00000000        0x0 ..\obj\stm32f4xx_can.o
 .data          0x00000000        0x0 ..\obj\stm32f4xx_can.o
 .bss           0x00000000        0x0 ..\obj\stm32f4xx_can.o
 .text.CAN_DeInit
                0x00000000       0x40 ..\obj\stm32f4xx_can.o
 .text.CAN_StructInit
                0x00000000       0x20 ..\obj\stm32f4xx_can.o
 .text.CAN_SlaveStartBank
                0x00000000       0x40 ..\obj\stm32f4xx_can.o
 .text.CAN_DBGFreeze
                0x00000000       0x14 ..\obj\stm32f4xx_can.o
 .text.CAN_TTComModeCmd
                0x00000000       0x5c ..\obj\stm32f4xx_can.o
 .text.CAN_TransmitStatus
                0x00000000       0x60 ..\obj\stm32f4xx_can.o
 .text.CAN_CancelTransmit
                0x00000000       0x28 ..\obj\stm32f4xx_can.o
 .text.CAN_FIFORelease
                0x00000000       0x18 ..\obj\stm32f4xx_can.o
 .text.CAN_MessagePending
                0x00000000       0x1c ..\obj\stm32f4xx_can.o
 .text.CAN_OperatingModeRequest
                0x00000000       0xe8 ..\obj\stm32f4xx_can.o
 .text.CAN_Sleep
                0x00000000       0x1c ..\obj\stm32f4xx_can.o
 .text.CAN_WakeUp
                0x00000000       0x38 ..\obj\stm32f4xx_can.o
 .text.CAN_GetReceiveErrorCounter
                0x00000000        0x8 ..\obj\stm32f4xx_can.o
 .text.CAN_GetLSBTransmitErrorCounter
                0x00000000        0x8 ..\obj\stm32f4xx_can.o
 .text.CAN_GetITStatus
                0x00000000       0xe4 ..\obj\stm32f4xx_can.o
 .text.CAN_ClearITPendingBit
                0x00000000       0x80 ..\obj\stm32f4xx_can.o
 .text          0x00000000        0x0 ..\obj\startup_stm32f4xx.o
 .data          0x00000000        0x0 ..\obj\startup_stm32f4xx.o
 .bss           0x00000000        0x0 ..\obj\startup_stm32f4xx.o
 .text          0x00000000        0x0 ..\obj\main.o
 .text.Safety_first
                0x00000000       0x98 ..\obj\main.o
 .text.init_controller
                0x00000000      0x294 ..\obj\main.o
 .text.stop_controller
                0x00000000       0x4c ..\obj\main.o
 .text          0x00000000        0x0 ..\obj\stm32f4xx_rcc.o
 .bss           0x00000000        0x0 ..\obj\stm32f4xx_rcc.o
 .text.RCC_DeInit
                0x00000000       0x38 ..\obj\stm32f4xx_rcc.o
 .text.RCC_HSEConfig
                0x00000000       0x10 ..\obj\stm32f4xx_rcc.o
 .text.RCC_WaitForHSEStartUp
                0x00000000       0x40 ..\obj\stm32f4xx_rcc.o
 .text.RCC_AdjustHSICalibrationValue
                0x00000000       0x18 ..\obj\stm32f4xx_rcc.o
 .text.RCC_HSICmd
                0x00000000        0xc ..\obj\stm32f4xx_rcc.o
 .text.RCC_LSEConfig
                0x00000000       0x20 ..\obj\stm32f4xx_rcc.o
 .text.RCC_LSICmd
                0x00000000        0xc ..\obj\stm32f4xx_rcc.o
 .text.RCC_PLLConfig
                0x00000000       0x24 ..\obj\stm32f4xx_rcc.o
 .text.RCC_PLLCmd
                0x00000000        0xc ..\obj\stm32f4xx_rcc.o
 .text.RCC_PLLI2SConfig
                0x00000000       0x14 ..\obj\stm32f4xx_rcc.o
 .text.RCC_PLLI2SCmd
                0x00000000        0xc ..\obj\stm32f4xx_rcc.o
 .text.RCC_ClockSecuritySystemCmd
                0x00000000        0xc ..\obj\stm32f4xx_rcc.o
 .text.RCC_MCO1Config
                0x00000000       0x18 ..\obj\stm32f4xx_rcc.o
 .text.RCC_MCO2Config
                0x00000000       0x18 ..\obj\stm32f4xx_rcc.o
 .text.RCC_SYSCLKConfig
                0x00000000       0x14 ..\obj\stm32f4xx_rcc.o
 .text.RCC_HCLKConfig
                0x00000000       0x14 ..\obj\stm32f4xx_rcc.o
 .text.RCC_PCLK1Config
                0x00000000       0x14 ..\obj\stm32f4xx_rcc.o
 .text.RCC_PCLK2Config
                0x00000000       0x18 ..\obj\stm32f4xx_rcc.o
 .text.RCC_RTCCLKConfig
                0x00000000       0x38 ..\obj\stm32f4xx_rcc.o
 .text.RCC_RTCCLKCmd
                0x00000000        0xc ..\obj\stm32f4xx_rcc.o
 .text.RCC_BackupResetCmd
                0x00000000        0xc ..\obj\stm32f4xx_rcc.o
 .text.RCC_I2SCLKConfig
                0x00000000        0xc ..\obj\stm32f4xx_rcc.o
 .text.RCC_AHB2PeriphClockCmd
                0x00000000       0x1c ..\obj\stm32f4xx_rcc.o
 .text.RCC_AHB3PeriphClockCmd
                0x00000000       0x1c ..\obj\stm32f4xx_rcc.o
 .text.RCC_AHB1PeriphResetCmd
                0x00000000       0x1c ..\obj\stm32f4xx_rcc.o
 .text.RCC_AHB2PeriphResetCmd
                0x00000000       0x1c ..\obj\stm32f4xx_rcc.o
 .text.RCC_AHB3PeriphResetCmd
                0x00000000       0x1c ..\obj\stm32f4xx_rcc.o
 .text.RCC_APB1PeriphResetCmd
                0x00000000       0x1c ..\obj\stm32f4xx_rcc.o
 .text.RCC_APB2PeriphResetCmd
                0x00000000       0x1c ..\obj\stm32f4xx_rcc.o
 .text.RCC_AHB1PeriphClockLPModeCmd
                0x00000000       0x1c ..\obj\stm32f4xx_rcc.o
 .text.RCC_AHB2PeriphClockLPModeCmd
                0x00000000       0x1c ..\obj\stm32f4xx_rcc.o
 .text.RCC_AHB3PeriphClockLPModeCmd
                0x00000000       0x1c ..\obj\stm32f4xx_rcc.o
 .text.RCC_APB1PeriphClockLPModeCmd
                0x00000000       0x1c ..\obj\stm32f4xx_rcc.o
 .text.RCC_APB2PeriphClockLPModeCmd
                0x00000000       0x1c ..\obj\stm32f4xx_rcc.o
 .text.RCC_ITConfig
                0x00000000       0x1c ..\obj\stm32f4xx_rcc.o
 .text.RCC_GetFlagStatus
                0x00000000       0x30 ..\obj\stm32f4xx_rcc.o
 .text.RCC_ClearFlag
                0x00000000       0x14 ..\obj\stm32f4xx_rcc.o
 .text.RCC_GetITStatus
                0x00000000       0x14 ..\obj\stm32f4xx_rcc.o
 .text.RCC_ClearITPendingBit
                0x00000000        0xc ..\obj\stm32f4xx_rcc.o
 .text          0x00000000        0x0 ..\obj\odometry.o
 .data          0x00000000        0x0 ..\obj\odometry.o
 .bss           0x00000000        0x0 ..\obj\odometry.o
 .text          0x00000000        0x0 ..\obj\Other.o
 .data          0x00000000        0x0 ..\obj\Other.o
 .bss           0x00000000        0x0 ..\obj\Other.o
 .text.toggle_led
                0x00000000       0x4c ..\obj\Other.o
 .text          0x00000000        0x0 ..\obj\stm32f4xx_gpio.o
 .data          0x00000000        0x0 ..\obj\stm32f4xx_gpio.o
 .bss           0x00000000        0x0 ..\obj\stm32f4xx_gpio.o
 .text.GPIO_DeInit
                0x00000000      0x128 ..\obj\stm32f4xx_gpio.o
 .text.GPIO_PinLockConfig
                0x00000000       0x28 ..\obj\stm32f4xx_gpio.o
 .text.GPIO_ReadInputDataBit
                0x00000000        0xc ..\obj\stm32f4xx_gpio.o
 .text.GPIO_ReadInputData
                0x00000000        0x8 ..\obj\stm32f4xx_gpio.o
 .text.GPIO_ReadOutputDataBit
                0x00000000        0xc ..\obj\stm32f4xx_gpio.o
 .text.GPIO_ReadOutputData
                0x00000000        0x8 ..\obj\stm32f4xx_gpio.o
 .text.GPIO_WriteBit
                0x00000000        0xc ..\obj\stm32f4xx_gpio.o
 .text.GPIO_Write
                0x00000000        0x4 ..\obj\stm32f4xx_gpio.o
 .text.GPIO_ToggleBits
                0x00000000        0x8 ..\obj\stm32f4xx_gpio.o
 .text          0x00000000        0x0 ..\obj\system_stm32f4xx.o
 .data          0x00000000       0x14 ..\obj\system_stm32f4xx.o
 .bss           0x00000000        0x0 ..\obj\system_stm32f4xx.o
 .text.SystemCoreClockUpdate
                0x00000000       0x8c ..\obj\system_stm32f4xx.o
 .text          0x00000000        0x0 ..\obj\stm32f4xx_dma.o
 .data          0x00000000        0x0 ..\obj\stm32f4xx_dma.o
 .bss           0x00000000        0x0 ..\obj\stm32f4xx_dma.o
 .text.DMA_DeInit
                0x00000000      0x1ec ..\obj\stm32f4xx_dma.o
 .text.DMA_StructInit
                0x00000000       0x24 ..\obj\stm32f4xx_dma.o
 .text.DMA_PeriphIncOffsetSizeConfig
                0x00000000       0x14 ..\obj\stm32f4xx_dma.o
 .text.DMA_FlowControllerConfig
                0x00000000       0x14 ..\obj\stm32f4xx_dma.o
 .text.DMA_GetCurrDataCounter
                0x00000000        0x8 ..\obj\stm32f4xx_dma.o
 .text.DMA_DoubleBufferModeConfig
                0x00000000       0x18 ..\obj\stm32f4xx_dma.o
 .text.DMA_DoubleBufferModeCmd
                0x00000000       0x14 ..\obj\stm32f4xx_dma.o
 .text.DMA_MemoryTargetConfig
                0x00000000        0xc ..\obj\stm32f4xx_dma.o
 .text.DMA_GetCurrentMemoryTarget
                0x00000000        0x8 ..\obj\stm32f4xx_dma.o
 .text.DMA_GetFIFOStatus
                0x00000000        0x8 ..\obj\stm32f4xx_dma.o
 .text.DMA_GetFlagStatus
                0x00000000       0x40 ..\obj\stm32f4xx_dma.o
 .text.DMA_GetITStatus
                0x00000000       0x58 ..\obj\stm32f4xx_dma.o
 .text          0x00000000        0x0 ..\obj\misc(1).o
 .data          0x00000000        0x0 ..\obj\misc(1).o
 .bss           0x00000000        0x0 ..\obj\misc(1).o
 .text.NVIC_SetVectorTable
                0x00000000       0x18 ..\obj\misc(1).o
 .text.NVIC_SystemLPConfig
                0x00000000       0x1c ..\obj\misc(1).o
 .text.SysTick_CLKSourceConfig
                0x00000000       0x1c ..\obj\misc(1).o
 .text          0x00000000        0x0 ..\obj\stm32f4xx_tim.o
 .data          0x00000000        0x0 ..\obj\stm32f4xx_tim.o
 .bss           0x00000000        0x0 ..\obj\stm32f4xx_tim.o
 .text.TIM_DeInit
                0x00000000      0x1d4 ..\obj\stm32f4xx_tim.o
 .text.TIM_TimeBaseStructInit
                0x00000000       0x14 ..\obj\stm32f4xx_tim.o
 .text.TIM_PrescalerConfig
                0x00000000        0x8 ..\obj\stm32f4xx_tim.o
 .text.TIM_CounterModeConfig
                0x00000000       0x10 ..\obj\stm32f4xx_tim.o
 .text.TIM_SetAutoreload
                0x00000000        0x4 ..\obj\stm32f4xx_tim.o
 .text.TIM_GetPrescaler
                0x00000000        0x8 ..\obj\stm32f4xx_tim.o
 .text.TIM_UpdateDisableConfig
                0x00000000       0x1c ..\obj\stm32f4xx_tim.o
 .text.TIM_UpdateRequestConfig
                0x00000000       0x1c ..\obj\stm32f4xx_tim.o
 .text.TIM_ARRPreloadConfig
                0x00000000       0x1c ..\obj\stm32f4xx_tim.o
 .text.TIM_SelectOnePulseMode
                0x00000000       0x18 ..\obj\stm32f4xx_tim.o
 .text.TIM_SetClockDivision
                0x00000000       0x18 ..\obj\stm32f4xx_tim.o
 .text.TIM_OC1Init
                0x00000000       0x94 ..\obj\stm32f4xx_tim.o
 .text.TIM_OC2Init
                0x00000000       0x9c ..\obj\stm32f4xx_tim.o
 .text.TIM_OC3Init
                0x00000000       0x98 ..\obj\stm32f4xx_tim.o
 .text.TIM_OC4Init
                0x00000000       0x74 ..\obj\stm32f4xx_tim.o
 .text.TIM_OCStructInit
                0x00000000       0x14 ..\obj\stm32f4xx_tim.o
 .text.TIM_SelectOCxM
                0x00000000       0x50 ..\obj\stm32f4xx_tim.o
 .text.TIM_SetCompare1
                0x00000000        0x4 ..\obj\stm32f4xx_tim.o
 .text.TIM_SetCompare2
                0x00000000        0x4 ..\obj\stm32f4xx_tim.o
 .text.TIM_SetCompare3
                0x00000000        0x4 ..\obj\stm32f4xx_tim.o
 .text.TIM_SetCompare4
                0x00000000        0x4 ..\obj\stm32f4xx_tim.o
 .text.TIM_ForcedOC1Config
                0x00000000       0x10 ..\obj\stm32f4xx_tim.o
 .text.TIM_ForcedOC2Config
                0x00000000       0x14 ..\obj\stm32f4xx_tim.o
 .text.TIM_ForcedOC3Config
                0x00000000       0x10 ..\obj\stm32f4xx_tim.o
 .text.TIM_ForcedOC4Config
                0x00000000       0x14 ..\obj\stm32f4xx_tim.o
 .text.TIM_OC1PreloadConfig
                0x00000000       0x10 ..\obj\stm32f4xx_tim.o
 .text.TIM_OC2PreloadConfig
                0x00000000       0x14 ..\obj\stm32f4xx_tim.o
 .text.TIM_OC3PreloadConfig
                0x00000000       0x10 ..\obj\stm32f4xx_tim.o
 .text.TIM_OC4PreloadConfig
                0x00000000       0x14 ..\obj\stm32f4xx_tim.o
 .text.TIM_OC1FastConfig
                0x00000000       0x10 ..\obj\stm32f4xx_tim.o
 .text.TIM_OC2FastConfig
                0x00000000       0x14 ..\obj\stm32f4xx_tim.o
 .text.TIM_OC3FastConfig
                0x00000000       0x10 ..\obj\stm32f4xx_tim.o
 .text.TIM_OC4FastConfig
                0x00000000       0x14 ..\obj\stm32f4xx_tim.o
 .text.TIM_ClearOC1Ref
                0x00000000       0x10 ..\obj\stm32f4xx_tim.o
 .text.TIM_ClearOC2Ref
                0x00000000       0x10 ..\obj\stm32f4xx_tim.o
 .text.TIM_ClearOC3Ref
                0x00000000       0x10 ..\obj\stm32f4xx_tim.o
 .text.TIM_ClearOC4Ref
                0x00000000       0x10 ..\obj\stm32f4xx_tim.o
 .text.TIM_OC1PolarityConfig
                0x00000000       0x10 ..\obj\stm32f4xx_tim.o
 .text.TIM_OC1NPolarityConfig
                0x00000000       0x10 ..\obj\stm32f4xx_tim.o
 .text.TIM_OC2PolarityConfig
                0x00000000       0x14 ..\obj\stm32f4xx_tim.o
 .text.TIM_OC2NPolarityConfig
                0x00000000       0x14 ..\obj\stm32f4xx_tim.o
 .text.TIM_OC3PolarityConfig
                0x00000000       0x14 ..\obj\stm32f4xx_tim.o
 .text.TIM_OC3NPolarityConfig
                0x00000000       0x14 ..\obj\stm32f4xx_tim.o
 .text.TIM_OC4PolarityConfig
                0x00000000       0x14 ..\obj\stm32f4xx_tim.o
 .text.TIM_CCxCmd
                0x00000000       0x24 ..\obj\stm32f4xx_tim.o
 .text.TIM_CCxNCmd
                0x00000000       0x24 ..\obj\stm32f4xx_tim.o
 .text.TIM_ICInit
                0x00000000      0x16c ..\obj\stm32f4xx_tim.o
 .text.TIM_ICStructInit
                0x00000000       0x10 ..\obj\stm32f4xx_tim.o
 .text.TIM_PWMIConfig
                0x00000000      0x170 ..\obj\stm32f4xx_tim.o
 .text.TIM_GetCapture1
                0x00000000        0x4 ..\obj\stm32f4xx_tim.o
 .text.TIM_GetCapture2
                0x00000000        0x4 ..\obj\stm32f4xx_tim.o
 .text.TIM_GetCapture3
                0x00000000        0x4 ..\obj\stm32f4xx_tim.o
 .text.TIM_GetCapture4
                0x00000000        0x4 ..\obj\stm32f4xx_tim.o
 .text.TIM_SetIC1Prescaler
                0x00000000       0x18 ..\obj\stm32f4xx_tim.o
 .text.TIM_SetIC2Prescaler
                0x00000000       0x1c ..\obj\stm32f4xx_tim.o
 .text.TIM_SetIC3Prescaler
                0x00000000       0x18 ..\obj\stm32f4xx_tim.o
 .text.TIM_SetIC4Prescaler
                0x00000000       0x1c ..\obj\stm32f4xx_tim.o
 .text.TIM_BDTRConfig
                0x00000000       0x2c ..\obj\stm32f4xx_tim.o
 .text.TIM_BDTRStructInit
                0x00000000       0x14 ..\obj\stm32f4xx_tim.o
 .text.TIM_CtrlPWMOutputs
                0x00000000       0x20 ..\obj\stm32f4xx_tim.o
 .text.TIM_SelectCOM
                0x00000000       0x1c ..\obj\stm32f4xx_tim.o
 .text.TIM_CCPreloadControl
                0x00000000       0x1c ..\obj\stm32f4xx_tim.o
 .text.TIM_ITConfig
                0x00000000       0x14 ..\obj\stm32f4xx_tim.o
 .text.TIM_GenerateEvent
                0x00000000        0x4 ..\obj\stm32f4xx_tim.o
 .text.TIM_GetFlagStatus
                0x00000000        0xc ..\obj\stm32f4xx_tim.o
 .text.TIM_ClearFlag
                0x00000000        0x8 ..\obj\stm32f4xx_tim.o
 .text.TIM_GetITStatus
                0x00000000       0x18 ..\obj\stm32f4xx_tim.o
 .text.TIM_ClearITPendingBit
                0x00000000        0x8 ..\obj\stm32f4xx_tim.o
 .text.TIM_DMAConfig
                0x00000000        0x8 ..\obj\stm32f4xx_tim.o
 .text.TIM_DMACmd
                0x00000000       0x14 ..\obj\stm32f4xx_tim.o
 .text.TIM_SelectCCDMA
                0x00000000       0x1c ..\obj\stm32f4xx_tim.o
 .text.TIM_InternalClockConfig
                0x00000000       0x10 ..\obj\stm32f4xx_tim.o
 .text.TIM_ITRxExternalClockConfig
                0x00000000       0x1c ..\obj\stm32f4xx_tim.o
 .text.TIM_TIxExternalClockConfig
                0x00000000       0x90 ..\obj\stm32f4xx_tim.o
 .text.TIM_ETRClockMode1Config
                0x00000000       0x28 ..\obj\stm32f4xx_tim.o
 .text.TIM_ETRClockMode2Config
                0x00000000       0x20 ..\obj\stm32f4xx_tim.o
 .text.TIM_SelectInputTrigger
                0x00000000       0x10 ..\obj\stm32f4xx_tim.o
 .text.TIM_SelectOutputTrigger
                0x00000000       0x18 ..\obj\stm32f4xx_tim.o
 .text.TIM_SelectSlaveMode
                0x00000000       0x18 ..\obj\stm32f4xx_tim.o
 .text.TIM_SelectMasterSlaveMode
                0x00000000       0x18 ..\obj\stm32f4xx_tim.o
 .text.TIM_ETRConfig
                0x00000000       0x18 ..\obj\stm32f4xx_tim.o
 .text.TIM_EncoderInterfaceConfig
                0x00000000       0x40 ..\obj\stm32f4xx_tim.o
 .text.TIM_SelectHallSensor
                0x00000000       0x1c ..\obj\stm32f4xx_tim.o
 .text.TIM_RemapConfig
                0x00000000        0x8 ..\obj\stm32f4xx_tim.o
 .text          0x00000000        0x0 ..\obj\Serials.o
 .data          0x00000000        0x0 ..\obj\Serials.o
 .text.Stop_Continious_Mode
                0x00000000       0x24 ..\obj\Serials.o
 .text.calcCRC  0x00000000       0xc4 ..\obj\Serials.o
 .text.SendMsgHELIOS
                0x00000000       0x94 ..\obj\Serials.o
 .text.Start_Continious_Mode_PC
                0x00000000       0x60 ..\obj\Serials.o
 .text.calcModulo256
                0x00000000       0x40 ..\obj\Serials.o
 .text          0x00000000        0x0 ..\..\..\..\..\..\..\Program Files (x86)\GNU Tools ARM Embedded\4.7 2012q4\arm-none-eabi\lib\armv7e-m\fpu\libm.a(lib_a-sf_cos.o)
 .data          0x00000000        0x0 ..\..\..\..\..\..\..\Program Files (x86)\GNU Tools ARM Embedded\4.7 2012q4\arm-none-eabi\lib\armv7e-m\fpu\libm.a(lib_a-sf_cos.o)
 .bss           0x00000000        0x0 ..\..\..\..\..\..\..\Program Files (x86)\GNU Tools ARM Embedded\4.7 2012q4\arm-none-eabi\lib\armv7e-m\fpu\libm.a(lib_a-sf_cos.o)
 .text          0x00000000        0x0 ..\..\..\..\..\..\..\Program Files (x86)\GNU Tools ARM Embedded\4.7 2012q4\arm-none-eabi\lib\armv7e-m\fpu\libm.a(lib_a-sf_sin.o)
 .data          0x00000000        0x0 ..\..\..\..\..\..\..\Program Files (x86)\GNU Tools ARM Embedded\4.7 2012q4\arm-none-eabi\lib\armv7e-m\fpu\libm.a(lib_a-sf_sin.o)
 .bss           0x00000000        0x0 ..\..\..\..\..\..\..\Program Files (x86)\GNU Tools ARM Embedded\4.7 2012q4\arm-none-eabi\lib\armv7e-m\fpu\libm.a(lib_a-sf_sin.o)
 .text          0x00000000        0x0 ..\..\..\..\..\..\..\Program Files (x86)\GNU Tools ARM Embedded\4.7 2012q4\arm-none-eabi\lib\armv7e-m\fpu\libm.a(lib_a-sf_tan.o)
 .data          0x00000000        0x0 ..\..\..\..\..\..\..\Program Files (x86)\GNU Tools ARM Embedded\4.7 2012q4\arm-none-eabi\lib\armv7e-m\fpu\libm.a(lib_a-sf_tan.o)
 .bss           0x00000000        0x0 ..\..\..\..\..\..\..\Program Files (x86)\GNU Tools ARM Embedded\4.7 2012q4\arm-none-eabi\lib\armv7e-m\fpu\libm.a(lib_a-sf_tan.o)
 .text          0x00000000        0x0 ..\..\..\..\..\..\..\Program Files (x86)\GNU Tools ARM Embedded\4.7 2012q4\arm-none-eabi\lib\armv7e-m\fpu\libm.a(lib_a-ef_rem_pio2.o)
 .data          0x00000000        0x0 ..\..\..\..\..\..\..\Program Files (x86)\GNU Tools ARM Embedded\4.7 2012q4\arm-none-eabi\lib\armv7e-m\fpu\libm.a(lib_a-ef_rem_pio2.o)
 .bss           0x00000000        0x0 ..\..\..\..\..\..\..\Program Files (x86)\GNU Tools ARM Embedded\4.7 2012q4\arm-none-eabi\lib\armv7e-m\fpu\libm.a(lib_a-ef_rem_pio2.o)
 .text          0x00000000        0x0 ..\..\..\..\..\..\..\Program Files (x86)\GNU Tools ARM Embedded\4.7 2012q4\arm-none-eabi\lib\armv7e-m\fpu\libm.a(lib_a-kf_cos.o)
 .data          0x00000000        0x0 ..\..\..\..\..\..\..\Program Files (x86)\GNU Tools ARM Embedded\4.7 2012q4\arm-none-eabi\lib\armv7e-m\fpu\libm.a(lib_a-kf_cos.o)
 .bss           0x00000000        0x0 ..\..\..\..\..\..\..\Program Files (x86)\GNU Tools ARM Embedded\4.7 2012q4\arm-none-eabi\lib\armv7e-m\fpu\libm.a(lib_a-kf_cos.o)
 .text          0x00000000        0x0 ..\..\..\..\..\..\..\Program Files (x86)\GNU Tools ARM Embedded\4.7 2012q4\arm-none-eabi\lib\armv7e-m\fpu\libm.a(lib_a-kf_rem_pio2.o)
 .data          0x00000000        0x0 ..\..\..\..\..\..\..\Program Files (x86)\GNU Tools ARM Embedded\4.7 2012q4\arm-none-eabi\lib\armv7e-m\fpu\libm.a(lib_a-kf_rem_pio2.o)
 .bss           0x00000000        0x0 ..\..\..\..\..\..\..\Program Files (x86)\GNU Tools ARM Embedded\4.7 2012q4\arm-none-eabi\lib\armv7e-m\fpu\libm.a(lib_a-kf_rem_pio2.o)
 .text          0x00000000        0x0 ..\..\..\..\..\..\..\Program Files (x86)\GNU Tools ARM Embedded\4.7 2012q4\arm-none-eabi\lib\armv7e-m\fpu\libm.a(lib_a-kf_sin.o)
 .data          0x00000000        0x0 ..\..\..\..\..\..\..\Program Files (x86)\GNU Tools ARM Embedded\4.7 2012q4\arm-none-eabi\lib\armv7e-m\fpu\libm.a(lib_a-kf_sin.o)
 .bss           0x00000000        0x0 ..\..\..\..\..\..\..\Program Files (x86)\GNU Tools ARM Embedded\4.7 2012q4\arm-none-eabi\lib\armv7e-m\fpu\libm.a(lib_a-kf_sin.o)
 .text          0x00000000        0x0 ..\..\..\..\..\..\..\Program Files (x86)\GNU Tools ARM Embedded\4.7 2012q4\arm-none-eabi\lib\armv7e-m\fpu\libm.a(lib_a-kf_tan.o)
 .data          0x00000000        0x0 ..\..\..\..\..\..\..\Program Files (x86)\GNU Tools ARM Embedded\4.7 2012q4\arm-none-eabi\lib\armv7e-m\fpu\libm.a(lib_a-kf_tan.o)
 .bss           0x00000000        0x0 ..\..\..\..\..\..\..\Program Files (x86)\GNU Tools ARM Embedded\4.7 2012q4\arm-none-eabi\lib\armv7e-m\fpu\libm.a(lib_a-kf_tan.o)
 .text          0x00000000        0x0 ..\..\..\..\..\..\..\Program Files (x86)\GNU Tools ARM Embedded\4.7 2012q4\arm-none-eabi\lib\armv7e-m\fpu\libm.a(lib_a-sf_fabs.o)
 .data          0x00000000        0x0 ..\..\..\..\..\..\..\Program Files (x86)\GNU Tools ARM Embedded\4.7 2012q4\arm-none-eabi\lib\armv7e-m\fpu\libm.a(lib_a-sf_fabs.o)
 .bss           0x00000000        0x0 ..\..\..\..\..\..\..\Program Files (x86)\GNU Tools ARM Embedded\4.7 2012q4\arm-none-eabi\lib\armv7e-m\fpu\libm.a(lib_a-sf_fabs.o)
 .text          0x00000000        0x0 ..\..\..\..\..\..\..\Program Files (x86)\GNU Tools ARM Embedded\4.7 2012q4\arm-none-eabi\lib\armv7e-m\fpu\libm.a(lib_a-sf_floor.o)
 .data          0x00000000        0x0 ..\..\..\..\..\..\..\Program Files (x86)\GNU Tools ARM Embedded\4.7 2012q4\arm-none-eabi\lib\armv7e-m\fpu\libm.a(lib_a-sf_floor.o)
 .bss           0x00000000        0x0 ..\..\..\..\..\..\..\Program Files (x86)\GNU Tools ARM Embedded\4.7 2012q4\arm-none-eabi\lib\armv7e-m\fpu\libm.a(lib_a-sf_floor.o)
 .text          0x00000000        0x0 ..\..\..\..\..\..\..\Program Files (x86)\GNU Tools ARM Embedded\4.7 2012q4\arm-none-eabi\lib\armv7e-m\fpu\libm.a(lib_a-sf_scalbn.o)
 .data          0x00000000        0x0 ..\..\..\..\..\..\..\Program Files (x86)\GNU Tools ARM Embedded\4.7 2012q4\arm-none-eabi\lib\armv7e-m\fpu\libm.a(lib_a-sf_scalbn.o)
 .bss           0x00000000        0x0 ..\..\..\..\..\..\..\Program Files (x86)\GNU Tools ARM Embedded\4.7 2012q4\arm-none-eabi\lib\armv7e-m\fpu\libm.a(lib_a-sf_scalbn.o)
 .text          0x00000000        0x0 ..\..\..\..\..\..\..\Program Files (x86)\GNU Tools ARM Embedded\4.7 2012q4\arm-none-eabi\lib\armv7e-m\fpu\libm.a(lib_a-sf_copysign.o)
 .data          0x00000000        0x0 ..\..\..\..\..\..\..\Program Files (x86)\GNU Tools ARM Embedded\4.7 2012q4\arm-none-eabi\lib\armv7e-m\fpu\libm.a(lib_a-sf_copysign.o)
 .bss           0x00000000        0x0 ..\..\..\..\..\..\..\Program Files (x86)\GNU Tools ARM Embedded\4.7 2012q4\arm-none-eabi\lib\armv7e-m\fpu\libm.a(lib_a-sf_copysign.o)
 .data          0x00000000        0x0 c:/program files (x86)/gnu tools arm embedded/4.7 2012q4/bin/../lib/gcc/arm-none-eabi/4.7.3/armv7e-m\libgcc.a(_arm_addsubdf3.o)
 .bss           0x00000000        0x0 c:/program files (x86)/gnu tools arm embedded/4.7 2012q4/bin/../lib/gcc/arm-none-eabi/4.7.3/armv7e-m\libgcc.a(_arm_addsubdf3.o)
 .data          0x00000000        0x0 c:/program files (x86)/gnu tools arm embedded/4.7 2012q4/bin/../lib/gcc/arm-none-eabi/4.7.3/armv7e-m\libgcc.a(_arm_muldivdf3.o)
 .bss           0x00000000        0x0 c:/program files (x86)/gnu tools arm embedded/4.7 2012q4/bin/../lib/gcc/arm-none-eabi/4.7.3/armv7e-m\libgcc.a(_arm_muldivdf3.o)
 .data          0x00000000        0x0 c:/program files (x86)/gnu tools arm embedded/4.7 2012q4/bin/../lib/gcc/arm-none-eabi/4.7.3/armv7e-m\libgcc.a(_arm_cmpdf2.o)
 .bss           0x00000000        0x0 c:/program files (x86)/gnu tools arm embedded/4.7 2012q4/bin/../lib/gcc/arm-none-eabi/4.7.3/armv7e-m\libgcc.a(_arm_cmpdf2.o)
 .data          0x00000000        0x0 c:/program files (x86)/gnu tools arm embedded/4.7 2012q4/bin/../lib/gcc/arm-none-eabi/4.7.3/armv7e-m\libgcc.a(_arm_truncdfsf2.o)
 .bss           0x00000000        0x0 c:/program files (x86)/gnu tools arm embedded/4.7 2012q4/bin/../lib/gcc/arm-none-eabi/4.7.3/armv7e-m\libgcc.a(_arm_truncdfsf2.o)

Memory Configuration

Name             Origin             Length             Attributes
rom              0x08000000         0x00100000         xr
ram              0x20000000         0x00020000         xrw
ram1             0x10000000         0x00010000         xrw
*default*        0x00000000         0xffffffff

Linker script and memory map

                0x20020000                _eram = 0x20020000

.text           0x08000000     0x73d4
 *(.isr_vector .isr_vector.*)
 .isr_vector    0x08000000      0x188 ..\obj\startup_stm32f4xx.o
                0x08000000                g_pfnVectors
 *(.text .text.* .gnu.linkonce.t.*)
 .text.state_feedback_control
                0x08000188     0x1a58 ..\obj\state_feedback_control.o
                0x08000188                state_feedback_control
 .text.Set_Pre_Operational_NMT_State
                0x08001be0       0x28 ..\obj\EPOS.o
                0x08001be0                Set_Pre_Operational_NMT_State
 .text.EPOS_reset_communicaton
                0x08001c08       0x28 ..\obj\EPOS.o
                0x08001c08                EPOS_reset_communicaton
 .text.EPOS_set_operation_mode
                0x08001c30       0x44 ..\obj\EPOS.o
                0x08001c30                EPOS_set_operation_mode
 .text.EPOS_fault_reset
                0x08001c74       0x84 ..\obj\EPOS.o
                0x08001c74                EPOS_fault_reset
 .text.EPOS_init
                0x08001cf8       0xbc ..\obj\EPOS.o
                0x08001cf8                EPOS_init
 .text.EPOS_set_current_SDO
                0x08001db4       0x40 ..\obj\EPOS.o
                0x08001db4                EPOS_set_current_SDO
 .text.EPOS_get_velocity_SDO
                0x08001df4       0x3c ..\obj\EPOS.o
                0x08001df4                EPOS_get_velocity_SDO
 .text.CAN1_RX0_IRQHandler
                0x08001e30      0x14c ..\obj\Can.o
                0x08001e30                CAN1_RX0_IRQHandler
 .text.CAN1_RX1_IRQHandler
                0x08001f7c       0xf4 ..\obj\Can.o
                0x08001f7c                CAN1_RX1_IRQHandler
 .text.init_CAN
                0x08002070      0x180 ..\obj\Can.o
                0x08002070                init_CAN
 .text.can_send_SDO
                0x080021f0       0x98 ..\obj\Can.o
                0x080021f0                can_send_SDO
 .text.USART_Init
                0x08002288       0xe0 ..\obj\stm32f4xx_usart.o
                0x08002288                USART_Init
 .text.USART_Cmd
                0x08002368       0x1c ..\obj\stm32f4xx_usart.o
                0x08002368                USART_Cmd
 .text.USART_DMACmd
                0x08002384       0x14 ..\obj\stm32f4xx_usart.o
                0x08002384                USART_DMACmd
 .text.USART_ClearITPendingBit
                0x08002398       0x10 ..\obj\stm32f4xx_usart.o
                0x08002398                USART_ClearITPendingBit
 .text.CAN_Init
                0x080023a8      0x104 ..\obj\stm32f4xx_can.o
                0x080023a8                CAN_Init
 .text.CAN_FilterInit
                0x080024ac      0x134 ..\obj\stm32f4xx_can.o
                0x080024ac                CAN_FilterInit
 .text.CAN_Transmit
                0x080025e0       0xd0 ..\obj\stm32f4xx_can.o
                0x080025e0                CAN_Transmit
 .text.CAN_Receive
                0x080026b0       0x98 ..\obj\stm32f4xx_can.o
                0x080026b0                CAN_Receive
 .text.CAN_GetLastErrorCode
                0x08002748        0x8 ..\obj\stm32f4xx_can.o
                0x08002748                CAN_GetLastErrorCode
 .text.CAN_ITConfig
                0x08002750       0x14 ..\obj\stm32f4xx_can.o
                0x08002750                CAN_ITConfig
 .text.CAN_GetFlagStatus
                0x08002764       0x64 ..\obj\stm32f4xx_can.o
                0x08002764                CAN_GetFlagStatus
 .text.CAN_ClearFlag
                0x080027c8       0x34 ..\obj\stm32f4xx_can.o
                0x080027c8                CAN_ClearFlag
 .text.Default_Handler
                0x080027fc        0x4 ..\obj\startup_stm32f4xx.o
                0x080027fc                RTC_Alarm_IRQHandler
                0x080027fc                HASH_RNG_IRQHandler
                0x080027fc                EXTI2_IRQHandler
                0x080027fc                TIM8_CC_IRQHandler
                0x080027fc                DebugMon_Handler
                0x080027fc                TIM1_CC_IRQHandler
                0x080027fc                DMA2_Stream5_IRQHandler
                0x080027fc                HardFault_Handler
                0x080027fc                DMA1_Stream5_IRQHandler
                0x080027fc                SysTick_Handler
                0x080027fc                PVD_IRQHandler
                0x080027fc                SDIO_IRQHandler
                0x080027fc                TAMP_STAMP_IRQHandler
                0x080027fc                PendSV_Handler
                0x080027fc                NMI_Handler
                0x080027fc                CAN2_RX1_IRQHandler
                0x080027fc                EXTI3_IRQHandler
                0x080027fc                TIM8_TRG_COM_TIM14_IRQHandler
                0x080027fc                TIM1_UP_TIM10_IRQHandler
                0x080027fc                TIM8_UP_TIM13_IRQHandler
                0x080027fc                I2C3_ER_IRQHandler
                0x080027fc                EXTI0_IRQHandler
                0x080027fc                I2C2_EV_IRQHandler
                0x080027fc                DMA1_Stream2_IRQHandler
                0x080027fc                FPU_IRQHandler
                0x080027fc                OTG_HS_WKUP_IRQHandler
                0x080027fc                UsageFault_Handler
                0x080027fc                CAN2_SCE_IRQHandler
                0x080027fc                DMA2_Stream2_IRQHandler
                0x080027fc                SPI1_IRQHandler
                0x080027fc                TIM6_DAC_IRQHandler
                0x080027fc                TIM1_BRK_TIM9_IRQHandler
                0x080027fc                DCMI_IRQHandler
                0x080027fc                CAN2_RX0_IRQHandler
                0x080027fc                DMA2_Stream3_IRQHandler
                0x080027fc                USART6_IRQHandler
                0x080027fc                USART3_IRQHandler
                0x080027fc                CRYP_IRQHandler
                0x080027fc                UART5_IRQHandler
                0x080027fc                DMA2_Stream0_IRQHandler
                0x080027fc                TIM4_IRQHandler
                0x080027fc                I2C1_EV_IRQHandler
                0x080027fc                DMA1_Stream6_IRQHandler
                0x080027fc                UART4_IRQHandler
                0x080027fc                TIM3_IRQHandler
                0x080027fc                RCC_IRQHandler
                0x080027fc                TIM8_BRK_TIM12_IRQHandler
                0x080027fc                EXTI15_10_IRQHandler
                0x080027fc                ADC_IRQHandler
                0x080027fc                DMA1_Stream7_IRQHandler
                0x080027fc                TIM7_IRQHandler
                0x080027fc                CAN2_TX_IRQHandler
                0x080027fc                TIM5_IRQHandler
                0x080027fc                DMA2_Stream7_IRQHandler
                0x080027fc                I2C3_EV_IRQHandler
                0x080027fc                EXTI9_5_IRQHandler
                0x080027fc                RTC_WKUP_IRQHandler
                0x080027fc                ETH_WKUP_IRQHandler
                0x080027fc                SPI2_IRQHandler
                0x080027fc                OTG_HS_EP1_IN_IRQHandler
                0x080027fc                MemManage_Handler
                0x080027fc                DMA1_Stream0_IRQHandler
                0x080027fc                CAN1_TX_IRQHandler
                0x080027fc                SVC_Handler
                0x080027fc                EXTI4_IRQHandler
                0x080027fc                FSMC_IRQHandler
                0x080027fc                ETH_IRQHandler
                0x080027fc                OTG_HS_EP1_OUT_IRQHandler
                0x080027fc                WWDG_IRQHandler
                0x080027fc                TIM2_IRQHandler
                0x080027fc                OTG_FS_WKUP_IRQHandler
                0x080027fc                TIM1_TRG_COM_TIM11_IRQHandler
                0x080027fc                OTG_HS_IRQHandler
                0x080027fc                EXTI1_IRQHandler
                0x080027fc                USART2_IRQHandler
                0x080027fc                I2C2_ER_IRQHandler
                0x080027fc                CAN1_SCE_IRQHandler
                0x080027fc                FLASH_IRQHandler
                0x080027fc                DMA2_Stream4_IRQHandler
                0x080027fc                BusFault_Handler
                0x080027fc                USART1_IRQHandler
                0x080027fc                OTG_FS_IRQHandler
                0x080027fc                SPI3_IRQHandler
                0x080027fc                DMA1_Stream4_IRQHandler
                0x080027fc                I2C1_ER_IRQHandler
 .text.Default_Reset_Handler
                0x08002800       0x80 ..\obj\startup_stm32f4xx.o
                0x08002800                Default_Reset_Handler
                0x08002800                Reset_Handler
 .text.System_Init
                0x08002880       0x24 ..\obj\main.o
                0x08002880                System_Init
 .text.TIM_config
                0x080028a4       0x9c ..\obj\main.o
                0x080028a4                TIM_config
 .text.startup.main
                0x08002940      0x540 ..\obj\main.o
                0x08002940                main
 .text.RCC_GetSYSCLKSource
                0x08002e80       0x10 ..\obj\stm32f4xx_rcc.o
                0x08002e80                RCC_GetSYSCLKSource
 .text.RCC_GetClocksFreq
                0x08002e90       0xb4 ..\obj\stm32f4xx_rcc.o
                0x08002e90                RCC_GetClocksFreq
 .text.RCC_AHB1PeriphClockCmd
                0x08002f44       0x1c ..\obj\stm32f4xx_rcc.o
                0x08002f44                RCC_AHB1PeriphClockCmd
 .text.RCC_APB1PeriphClockCmd
                0x08002f60       0x1c ..\obj\stm32f4xx_rcc.o
                0x08002f60                RCC_APB1PeriphClockCmd
 .text.RCC_APB2PeriphClockCmd
                0x08002f7c       0x1c ..\obj\stm32f4xx_rcc.o
                0x08002f7c                RCC_APB2PeriphClockCmd
 .text.odometry
                0x08002f98      0x620 ..\obj\odometry.o
                0x08002f98                odometry
 .text.Gyro_Values_to_Theta_dot
                0x080035b8       0x8c ..\obj\odometry.o
                0x080035b8                Gyro_Values_to_Theta_dot
 .text.led_init
                0x08003644       0x94 ..\obj\Other.o
                0x08003644                led_init
 .text.led_on   0x080036d8       0x4c ..\obj\Other.o
                0x080036d8                led_on
 .text.led_off  0x08003724       0x4c ..\obj\Other.o
                0x08003724                led_off
 .text.Delay_us
                0x08003770       0x28 ..\obj\Other.o
                0x08003770                Delay_us
 .text.GPIO_Init
                0x08003798      0x150 ..\obj\stm32f4xx_gpio.o
                0x08003798                GPIO_Init
 .text.GPIO_StructInit
                0x080038e8       0x14 ..\obj\stm32f4xx_gpio.o
                0x080038e8                GPIO_StructInit
 .text.GPIO_SetBits
                0x080038fc        0x4 ..\obj\stm32f4xx_gpio.o
                0x080038fc                GPIO_SetBits
 .text.GPIO_ResetBits
                0x08003900        0x4 ..\obj\stm32f4xx_gpio.o
                0x08003900                GPIO_ResetBits
 .text.GPIO_PinAFConfig
                0x08003904       0x30 ..\obj\stm32f4xx_gpio.o
                0x08003904                GPIO_PinAFConfig
 .text.SystemInit
                0x08003934      0x12c ..\obj\system_stm32f4xx.o
                0x08003934                SystemInit
 .text.DMA_Init
                0x08003a60       0x88 ..\obj\stm32f4xx_dma.o
                0x08003a60                DMA_Init
 .text.DMA_Cmd  0x08003ae8       0x14 ..\obj\stm32f4xx_dma.o
                0x08003ae8                DMA_Cmd
 .text.DMA_SetCurrDataCounter
                0x08003afc        0x4 ..\obj\stm32f4xx_dma.o
                0x08003afc                DMA_SetCurrDataCounter
 .text.DMA_GetCmdStatus
                0x08003b00        0x8 ..\obj\stm32f4xx_dma.o
                0x08003b00                DMA_GetCmdStatus
 .text.DMA_ClearFlag
                0x08003b08       0x38 ..\obj\stm32f4xx_dma.o
                0x08003b08                DMA_ClearFlag
 .text.DMA_ITConfig
                0x08003b40       0x40 ..\obj\stm32f4xx_dma.o
                0x08003b40                DMA_ITConfig
 .text.DMA_ClearITPendingBit
                0x08003b80       0x38 ..\obj\stm32f4xx_dma.o
                0x08003b80                DMA_ClearITPendingBit
 .text.NVIC_PriorityGroupConfig
                0x08003bb8       0x14 ..\obj\misc(1).o
                0x08003bb8                NVIC_PriorityGroupConfig
 .text.NVIC_Init
                0x08003bcc       0x80 ..\obj\misc(1).o
                0x08003bcc                NVIC_Init
 .text.TIM_TimeBaseInit
                0x08003c4c       0xb0 ..\obj\stm32f4xx_tim.o
                0x08003c4c                TIM_TimeBaseInit
 .text.TIM_SetCounter
                0x08003cfc        0x4 ..\obj\stm32f4xx_tim.o
                0x08003cfc                TIM_SetCounter
 .text.TIM_GetCounter
                0x08003d00        0x4 ..\obj\stm32f4xx_tim.o
                0x08003d00                TIM_GetCounter
 .text.TIM_Cmd  0x08003d04       0x1c ..\obj\stm32f4xx_tim.o
                0x08003d04                TIM_Cmd
 .text.USART_IMU_Config
                0x08003d20      0x1a8 ..\obj\Serials.o
                0x08003d20                USART_IMU_Config
 .text.SendMsgIMU
                0x08003ec8      0x168 ..\obj\Serials.o
                0x08003ec8                SendMsgIMU
 .text.Start_Continious_Mode_IMU
                0x08004030       0x24 ..\obj\Serials.o
                0x08004030                Start_Continious_Mode_IMU
 .text.DMA1_Stream3_IRQHandler
                0x08004054       0x44 ..\obj\Serials.o
                0x08004054                DMA1_Stream3_IRQHandler
 .text.Read_data_IMU
                0x08004098      0x41c ..\obj\Serials.o
                0x08004098                Read_data_IMU
 .text.DMA1_Stream1_IRQHandler
                0x080044b4      0x128 ..\obj\Serials.o
                0x080044b4                DMA1_Stream1_IRQHandler
 .text.USART_PC_Config
                0x080045dc      0x1c4 ..\obj\Serials.o
                0x080045dc                USART_PC_Config
 .text.DMA2_Stream6_IRQHandler
                0x080047a0       0x38 ..\obj\Serials.o
                0x080047a0                DMA2_Stream6_IRQHandler
 .text.Read_data_Helios
                0x080047d8      0x59c ..\obj\Serials.o
                0x080047d8                Read_data_Helios
 .text.DMA2_Stream1_IRQHandler
                0x08004d74       0xe8 ..\obj\Serials.o
                0x08004d74                DMA2_Stream1_IRQHandler
 .text.Send_Sensor_Values_to_HELIOS
                0x08004e5c      0x578 ..\obj\Serials.o
                0x08004e5c                Send_Sensor_Values_to_HELIOS
 .text.cosf     0x080053d4       0x74 ..\..\..\..\..\..\..\Program Files (x86)\GNU Tools ARM Embedded\4.7 2012q4\arm-none-eabi\lib\armv7e-m\fpu\libm.a(lib_a-sf_cos.o)
                0x080053d4                cosf
 .text.sinf     0x08005448       0x78 ..\..\..\..\..\..\..\Program Files (x86)\GNU Tools ARM Embedded\4.7 2012q4\arm-none-eabi\lib\armv7e-m\fpu\libm.a(lib_a-sf_sin.o)
                0x08005448                sinf
 .text.tanf     0x080054c0       0x54 ..\..\..\..\..\..\..\Program Files (x86)\GNU Tools ARM Embedded\4.7 2012q4\arm-none-eabi\lib\armv7e-m\fpu\libm.a(lib_a-sf_tan.o)
                0x080054c0                tanf
 .text.__ieee754_rem_pio2f
                0x08005514      0x28c ..\..\..\..\..\..\..\Program Files (x86)\GNU Tools ARM Embedded\4.7 2012q4\arm-none-eabi\lib\armv7e-m\fpu\libm.a(lib_a-ef_rem_pio2.o)
                0x08005514                __ieee754_rem_pio2f
 .text.__kernel_cosf
                0x080057a0      0x104 ..\..\..\..\..\..\..\Program Files (x86)\GNU Tools ARM Embedded\4.7 2012q4\arm-none-eabi\lib\armv7e-m\fpu\libm.a(lib_a-kf_cos.o)
                0x080057a0                __kernel_cosf
 .text.__kernel_rem_pio2f
                0x080058a4      0xa34 ..\..\..\..\..\..\..\Program Files (x86)\GNU Tools ARM Embedded\4.7 2012q4\arm-none-eabi\lib\armv7e-m\fpu\libm.a(lib_a-kf_rem_pio2.o)
                0x080058a4                __kernel_rem_pio2f
 .text.__kernel_sinf
                0x080062d8       0x8c ..\..\..\..\..\..\..\Program Files (x86)\GNU Tools ARM Embedded\4.7 2012q4\arm-none-eabi\lib\armv7e-m\fpu\libm.a(lib_a-kf_sin.o)
                0x080062d8                __kernel_sinf
 .text.__kernel_tanf
                0x08006364      0x1d8 ..\..\..\..\..\..\..\Program Files (x86)\GNU Tools ARM Embedded\4.7 2012q4\arm-none-eabi\lib\armv7e-m\fpu\libm.a(lib_a-kf_tan.o)
                0x08006364                __kernel_tanf
 .text.fabsf    0x0800653c       0x10 ..\..\..\..\..\..\..\Program Files (x86)\GNU Tools ARM Embedded\4.7 2012q4\arm-none-eabi\lib\armv7e-m\fpu\libm.a(lib_a-sf_fabs.o)
                0x0800653c                fabsf
 .text.floorf   0x0800654c       0x8c ..\..\..\..\..\..\..\Program Files (x86)\GNU Tools ARM Embedded\4.7 2012q4\arm-none-eabi\lib\armv7e-m\fpu\libm.a(lib_a-sf_floor.o)
                0x0800654c                floorf
 .text.scalbnf  0x080065d8       0xcc ..\..\..\..\..\..\..\Program Files (x86)\GNU Tools ARM Embedded\4.7 2012q4\arm-none-eabi\lib\armv7e-m\fpu\libm.a(lib_a-sf_scalbn.o)
                0x080065d8                scalbnf
 .text.copysignf
                0x080066a4       0x1c ..\..\..\..\..\..\..\Program Files (x86)\GNU Tools ARM Embedded\4.7 2012q4\arm-none-eabi\lib\armv7e-m\fpu\libm.a(lib_a-sf_copysign.o)
                0x080066a4                copysignf
 .text          0x080066c0      0x370 c:/program files (x86)/gnu tools arm embedded/4.7 2012q4/bin/../lib/gcc/arm-none-eabi/4.7.3/armv7e-m\libgcc.a(_arm_addsubdf3.o)
                0x080066c0                __aeabi_drsub
                0x080066c8                __aeabi_dsub
                0x080066c8                __subdf3
                0x080066cc                __aeabi_dadd
                0x080066cc                __adddf3
                0x08006944                __floatunsidf
                0x08006944                __aeabi_ui2d
                0x08006964                __floatsidf
                0x08006964                __aeabi_i2d
                0x08006988                __aeabi_f2d
                0x08006988                __extendsfdf2
                0x080069c4                __floatundidf
                0x080069c4                __aeabi_ul2d
                0x080069d4                __floatdidf
                0x080069d4                __aeabi_l2d
 .text          0x08006a30      0x424 c:/program files (x86)/gnu tools arm embedded/4.7 2012q4/bin/../lib/gcc/arm-none-eabi/4.7.3/armv7e-m\libgcc.a(_arm_muldivdf3.o)
                0x08006a30                __aeabi_dmul
                0x08006a30                __muldf3
                0x08006c84                __divdf3
                0x08006c84                __aeabi_ddiv
 .text          0x08006e54      0x110 c:/program files (x86)/gnu tools arm embedded/4.7 2012q4/bin/../lib/gcc/arm-none-eabi/4.7.3/armv7e-m\libgcc.a(_arm_cmpdf2.o)
                0x08006e54                __gtdf2
                0x08006e54                __gedf2
                0x08006e5c                __ltdf2
                0x08006e5c                __ledf2
                0x08006e64                __nedf2
                0x08006e64                __eqdf2
                0x08006e64                __cmpdf2
                0x08006ee0                __aeabi_cdrcmple
                0x08006ef0                __aeabi_cdcmpeq
                0x08006ef0                __aeabi_cdcmple
                0x08006f00                __aeabi_dcmpeq
                0x08006f14                __aeabi_dcmplt
                0x08006f28                __aeabi_dcmple
                0x08006f3c                __aeabi_dcmpge
                0x08006f50                __aeabi_dcmpgt
 .text          0x08006f64       0xa0 c:/program files (x86)/gnu tools arm embedded/4.7 2012q4/bin/../lib/gcc/arm-none-eabi/4.7.3/armv7e-m\libgcc.a(_arm_truncdfsf2.o)
                0x08006f64                __truncdfsf2
                0x08006f64                __aeabi_d2f
 *(.glue_7t)
 .glue_7t       0x00000000        0x0 linker stubs
 *(.glue_7)
 .glue_7        0x00000000        0x0 linker stubs
 *(.rodata .rodata* .gnu.linkonce.r.*)
 .rodata.npio2_hw
                0x08007004       0x80 ..\..\..\..\..\..\..\Program Files (x86)\GNU Tools ARM Embedded\4.7 2012q4\arm-none-eabi\lib\armv7e-m\fpu\libm.a(lib_a-ef_rem_pio2.o)
 .rodata.two_over_pi
                0x08007084      0x318 ..\..\..\..\..\..\..\Program Files (x86)\GNU Tools ARM Embedded\4.7 2012q4\arm-none-eabi\lib\armv7e-m\fpu\libm.a(lib_a-ef_rem_pio2.o)
 .rodata.init_jk
                0x0800739c        0xc ..\..\..\..\..\..\..\Program Files (x86)\GNU Tools ARM Embedded\4.7 2012q4\arm-none-eabi\lib\armv7e-m\fpu\libm.a(lib_a-kf_rem_pio2.o)
 .rodata.PIo2   0x080073a8       0x2c ..\..\..\..\..\..\..\Program Files (x86)\GNU Tools ARM Embedded\4.7 2012q4\arm-none-eabi\lib\armv7e-m\fpu\libm.a(lib_a-kf_rem_pio2.o)

.vfp11_veneer   0x080073d4        0x0
 .vfp11_veneer  0x00000000        0x0 linker stubs

.v4_bx          0x080073d4        0x0
 .v4_bx         0x00000000        0x0 linker stubs

.iplt           0x080073d4        0x0
 .iplt          0x00000000        0x0 ..\obj\setpoint_filter.o

.rel.dyn        0x080073d4        0x0
 .rel.iplt      0x00000000        0x0 ..\obj\setpoint_filter.o

.ARM.extab
 *(.ARM.extab* .gnu.linkonce.armextab.*)
                0x080073d4                __exidx_start = .

.ARM.exidx
 *(.ARM.exidx* .gnu.linkonce.armexidx.*)
                0x080073d4                __exidx_end = .
                0x080073d4                . = ALIGN (0x4)
                0x080073d4                _etext = .
                0x080073d4                _sidata = .

.data           0x20000000       0x14 load address 0x080073d4
                0x20000000                _sdata = .
 *(.data .data.*)
 .data          0x20000000        0x4 ..\obj\main.o
                0x20000000                init
 .data          0x20000004       0x10 ..\obj\stm32f4xx_rcc.o
                0x20000014                . = ALIGN (0x4)
                0x20000014                _edata = .

.igot.plt       0x20000014        0x0 load address 0x080073e8
 .igot.plt      0x00000000        0x0 ..\obj\setpoint_filter.o

.bss            0x20000014      0x3a4 load address 0x080073e8
                0x20000014                _sbss = .
 *(.bss .bss.*)
 .bss           0x20000014        0x4 ..\obj\main.o
                0x20000014                IMU_data_for_PC
 .bss           0x20000018       0x74 ..\obj\Serials.o
                0x20000018                TxMessageIMU
                0x20000048                RxMessageIMU
 *(COMMON)
 COMMON         0x2000008c       0x14 ..\obj\Can.o
                0x2000008c                RxMsg3
 COMMON         0x200000a0      0x1f8 ..\obj\main.o
                0x200000a0                data_check_counter
                0x200000a4                Helios_val
                0x200000d4                Ballbot_stats
                0x200000d8                theta_z_tmp
                0x200000dc                helios_stop
                0x200000e0                p41
                0x200000e4                thetaxk
                0x200000e8                thetayk
                0x200000ec                p22
                0x200000f0                xold4_1
                0x200000f4                p24
                0x200000f8                phixk
                0x200000fc                xold4_2
                0x20000100                xold2_2
                0x20000104                p31
                0x20000108                count_jump
                0x2000010c                old_phi_y_soll
                0x20000110                old_phi_dot_y_soll
                0x20000114                xold1_3
                0x20000118                phi_dot
                0x20000140                old_phi_dot_y
                0x20000144                timer_parking_up
                0x20000148                xold1_1
                0x2000014c                Motor_current_real
                0x20000158                led_value
                0x2000015c                p42
                0x20000160                timer_frequenzy
                0x20000164                first_time
                0x20000168                Sensor_val
                0x200001e0                p14
                0x200001e4                p21
                0x200001e8                Control_Mode
                0x200001e9                hull_position
                0x200001ec                old_theta_z_soll
                0x200001f0                p34
                0x200001f4                old_phi_dot_z
                0x200001f8                esum
                0x200001fc                xold3_1
                0x20000200                phiyk
                0x20000204                old_phi_x_soll
                0x20000208                p33
                0x2000020c                p13
                0x20000210                old_phi_dot_x_soll
                0x20000214                error_detection
                0x20000218                phidxk
                0x2000021c                temp_count
                0x20000220                p12
                0x20000224                Read_EPOS
                0x20000225                mode_frequenzy
                0x20000228                timer_parking_down
                0x2000022c                p11
                0x20000230                xold2_3
                0x20000234                Motor_torque_xyz
                0x20000240                xold3_3
                0x20000244                p44
                0x20000248                change_way
                0x2000024c                old_phi_dot_x
                0x20000250                p32
                0x20000254                old_pos_x_dot
                0x20000258                xold1_2
                0x2000025c                xold3_2
                0x20000260                p43
                0x20000264                old_pos_y_dot
                0x20000268                offset_z
                0x2000026c                available_data
                0x20000278                EPOS_sent_data
                0x20000284                p23
                0x20000288                xold2_1
                0x2000028c                ealt
                0x20000290                phidyk
                0x20000294                xold4_3
 COMMON         0x20000298      0x11d ..\obj\Serials.o
                0x20000298                TxMessageHELIOS
                0x20000360                RxMessageHELIOS
                0x20000374                NVIC_InitStruct
                0x20000378                DMA_InitStructure
                0x200003b4                cmd
                0x200003b8                . = ALIGN (0x4)
 *fill*         0x200003b5        0x3 00
                0x200003b8                _ebss = .

.co_stack       0x200003b8      0x800 load address 0x0800778c
                0x200003b8                . = ALIGN (0x8)
 *(.co_stack .co_stack.*)
 .co_stack      0x200003b8      0x800 ..\obj\startup_stm32f4xx.o
                0x200003b8                pulStack
                0x20000bb8                . = ALIGN (0x4)
                0x20000bb8                _end = .
LOAD ..\obj\setpoint_filter.o
LOAD ..\obj\state_feedback_control.o
LOAD ..\obj\EPOS.o
LOAD ..\obj\Can.o
LOAD ..\obj\stm32f4xx_usart.o
LOAD ..\obj\stm32f4xx_can.o
LOAD ..\obj\startup_stm32f4xx.o
LOAD ..\obj\main.o
LOAD ..\obj\stm32f4xx_rcc.o
LOAD ..\obj\odometry.o
LOAD ..\obj\Other.o
LOAD ..\obj\stm32f4xx_gpio.o
LOAD ..\obj\system_stm32f4xx.o
LOAD ..\obj\stm32f4xx_dma.o
LOAD ..\obj\misc(1).o
LOAD ..\obj\stm32f4xx_tim.o
LOAD ..\obj\Serials.o
LOAD ..\..\..\..\..\..\..\Program Files (x86)\GNU Tools ARM Embedded\4.7 2012q4\arm-none-eabi\lib\armv7e-m\fpu\libm.a
START GROUP
LOAD c:/program files (x86)/gnu tools arm embedded/4.7 2012q4/bin/../lib/gcc/arm-none-eabi/4.7.3/armv7e-m\libgcc.a
LOAD ..\..\..\..\..\..\..\Program Files (x86)\GNU Tools ARM Embedded\4.7 2012q4\arm-none-eabi\lib\armv7e-m\fpu\libg.a
LOAD ..\..\..\..\..\..\..\Program Files (x86)\GNU Tools ARM Embedded\4.7 2012q4\arm-none-eabi\lib\armv7e-m\fpu\libc.a
END GROUP
OUTPUT(Project.elf elf32-littlearm)

.debug_info     0x00000000     0xd777
 .debug_info    0x00000000      0x95d ..\obj\state_feedback_control.o
 .debug_info    0x0000095d      0xa52 ..\obj\EPOS.o
 .debug_info    0x000013af     0x1332 ..\obj\Can.o
 .debug_info    0x000026e1      0xbef ..\obj\stm32f4xx_usart.o
 .debug_info    0x000032d0      0xd22 ..\obj\stm32f4xx_can.o
 .debug_info    0x00003ff2      0x11b ..\obj\startup_stm32f4xx.o
 .debug_info    0x0000410d     0x1a07 ..\obj\main.o
 .debug_info    0x00005b14      0xdd6 ..\obj\stm32f4xx_rcc.o
 .debug_info    0x000068ea      0x4d2 ..\obj\odometry.o
 .debug_info    0x00006dbc      0x812 ..\obj\Other.o
 .debug_info    0x000075ce      0x81b ..\obj\stm32f4xx_gpio.o
 .debug_info    0x00007de9      0x614 ..\obj\system_stm32f4xx.o
 .debug_info    0x000083fd      0x7b1 ..\obj\stm32f4xx_dma.o
 .debug_info    0x00008bae      0x594 ..\obj\misc(1).o
 .debug_info    0x00009142     0x26ea ..\obj\stm32f4xx_tim.o
 .debug_info    0x0000b82c     0x1f4b ..\obj\Serials.o

.debug_abbrev   0x00000000     0x205a
 .debug_abbrev  0x00000000      0x1a2 ..\obj\state_feedback_control.o
 .debug_abbrev  0x000001a2      0x187 ..\obj\EPOS.o
 .debug_abbrev  0x00000329      0x2c4 ..\obj\Can.o
 .debug_abbrev  0x000005ed      0x223 ..\obj\stm32f4xx_usart.o
 .debug_abbrev  0x00000810      0x28c ..\obj\stm32f4xx_can.o
 .debug_abbrev  0x00000a9c       0xdc ..\obj\startup_stm32f4xx.o
 .debug_abbrev  0x00000b78      0x28d ..\obj\main.o
 .debug_abbrev  0x00000e05      0x2b6 ..\obj\stm32f4xx_rcc.o
 .debug_abbrev  0x000010bb       0xfe ..\obj\odometry.o
 .debug_abbrev  0x000011b9      0x1c5 ..\obj\Other.o
 .debug_abbrev  0x0000137e      0x22c ..\obj\stm32f4xx_gpio.o
 .debug_abbrev  0x000015aa      0x15f ..\obj\system_stm32f4xx.o
 .debug_abbrev  0x00001709      0x1ab ..\obj\stm32f4xx_dma.o
 .debug_abbrev  0x000018b4      0x152 ..\obj\misc(1).o
 .debug_abbrev  0x00001a06      0x2bd ..\obj\stm32f4xx_tim.o
 .debug_abbrev  0x00001cc3      0x397 ..\obj\Serials.o

.debug_loc      0x00000000     0x8e34
 .debug_loc     0x00000000      0xaa1 ..\obj\state_feedback_control.o
 .debug_loc     0x00000aa1      0x6e4 ..\obj\EPOS.o
 .debug_loc     0x00001185      0x482 ..\obj\Can.o
 .debug_loc     0x00001607      0xa68 ..\obj\stm32f4xx_usart.o
 .debug_loc     0x0000206f      0xc55 ..\obj\stm32f4xx_can.o
 .debug_loc     0x00002cc4       0x20 ..\obj\startup_stm32f4xx.o
 .debug_loc     0x00002ce4       0xdf ..\obj\main.o
 .debug_loc     0x00002dc3      0xbec ..\obj\stm32f4xx_rcc.o
 .debug_loc     0x000039af       0x7a ..\obj\odometry.o
 .debug_loc     0x00003a29      0x1bc ..\obj\Other.o
 .debug_loc     0x00003be5      0x439 ..\obj\stm32f4xx_gpio.o
 .debug_loc     0x0000401e      0x182 ..\obj\system_stm32f4xx.o
 .debug_loc     0x000041a0      0x6f9 ..\obj\stm32f4xx_dma.o
 .debug_loc     0x00004899      0x1ac ..\obj\misc(1).o
 .debug_loc     0x00004a45     0x269d ..\obj\stm32f4xx_tim.o
 .debug_loc     0x000070e2     0x1d52 ..\obj\Serials.o

.debug_aranges  0x00000000      0xa68
 .debug_aranges
                0x00000000       0x30 ..\obj\state_feedback_control.o
 .debug_aranges
                0x00000030       0xb8 ..\obj\EPOS.o
 .debug_aranges
                0x000000e8       0x48 ..\obj\Can.o
 .debug_aranges
                0x00000130      0x100 ..\obj\stm32f4xx_usart.o
 .debug_aranges
                0x00000230       0xd8 ..\obj\stm32f4xx_can.o
 .debug_aranges
                0x00000308       0x28 ..\obj\startup_stm32f4xx.o
 .debug_aranges
                0x00000330       0x48 ..\obj\main.o
 .debug_aranges
                0x00000378      0x178 ..\obj\stm32f4xx_rcc.o
 .debug_aranges
                0x000004f0       0x28 ..\obj\odometry.o
 .debug_aranges
                0x00000518       0x40 ..\obj\Other.o
 .debug_aranges
                0x00000558       0x88 ..\obj\stm32f4xx_gpio.o
 .debug_aranges
                0x000005e0       0x28 ..\obj\system_stm32f4xx.o
 .debug_aranges
                0x00000608       0xb0 ..\obj\stm32f4xx_dma.o
 .debug_aranges
                0x000006b8       0x40 ..\obj\misc(1).o
 .debug_aranges
                0x000006f8      0x2d8 ..\obj\stm32f4xx_tim.o
 .debug_aranges
                0x000009d0       0x98 ..\obj\Serials.o

.debug_ranges   0x00000000      0xc40
 .debug_ranges  0x00000000       0x20 ..\obj\state_feedback_control.o
 .debug_ranges  0x00000020       0xa8 ..\obj\EPOS.o
 .debug_ranges  0x000000c8       0x38 ..\obj\Can.o
 .debug_ranges  0x00000100       0xf0 ..\obj\stm32f4xx_usart.o
 .debug_ranges  0x000001f0       0xc8 ..\obj\stm32f4xx_can.o
 .debug_ranges  0x000002b8       0x18 ..\obj\startup_stm32f4xx.o
 .debug_ranges  0x000002d0       0x50 ..\obj\main.o
 .debug_ranges  0x00000320      0x198 ..\obj\stm32f4xx_rcc.o
 .debug_ranges  0x000004b8       0x18 ..\obj\odometry.o
 .debug_ranges  0x000004d0       0x30 ..\obj\Other.o
 .debug_ranges  0x00000500       0x78 ..\obj\stm32f4xx_gpio.o
 .debug_ranges  0x00000578       0x48 ..\obj\system_stm32f4xx.o
 .debug_ranges  0x000005c0       0xa0 ..\obj\stm32f4xx_dma.o
 .debug_ranges  0x00000660       0x30 ..\obj\misc(1).o
 .debug_ranges  0x00000690      0x3c8 ..\obj\stm32f4xx_tim.o
 .debug_ranges  0x00000a58      0x1e8 ..\obj\Serials.o

.debug_line     0x00000000     0x4760
 .debug_line    0x00000000      0x57d ..\obj\state_feedback_control.o
 .debug_line    0x0000057d      0x3eb ..\obj\EPOS.o
 .debug_line    0x00000968      0x34d ..\obj\Can.o
 .debug_line    0x00000cb5      0x4c7 ..\obj\stm32f4xx_usart.o
 .debug_line    0x0000117c      0x5c0 ..\obj\stm32f4xx_can.o
 .debug_line    0x0000173c       0xa5 ..\obj\startup_stm32f4xx.o
 .debug_line    0x000017e1      0x542 ..\obj\main.o
 .debug_line    0x00001d23      0x55e ..\obj\stm32f4xx_rcc.o
 .debug_line    0x00002281      0x182 ..\obj\odometry.o
 .debug_line    0x00002403      0x298 ..\obj\Other.o
 .debug_line    0x0000269b      0x388 ..\obj\stm32f4xx_gpio.o
 .debug_line    0x00002a23      0x1ab ..\obj\system_stm32f4xx.o
 .debug_line    0x00002bce      0x406 ..\obj\stm32f4xx_dma.o
 .debug_line    0x00002fd4      0x219 ..\obj\misc(1).o
 .debug_line    0x000031ed      0xc05 ..\obj\stm32f4xx_tim.o
 .debug_line    0x00003df2      0x96e ..\obj\Serials.o

.debug_str      0x00000000     0x3af0
 .debug_str     0x00000000      0x6ff ..\obj\state_feedback_control.o
                                0x793 (size before relaxing)
 .debug_str     0x000006ff      0x201 ..\obj\EPOS.o
                                0x2f4 (size before relaxing)
 .debug_str     0x00000900      0xb5c ..\obj\Can.o
                                0xe13 (size before relaxing)
 .debug_str     0x0000145c      0x4dd ..\obj\stm32f4xx_usart.o
                                0x66c (size before relaxing)
 .debug_str     0x00001939      0x278 ..\obj\stm32f4xx_can.o
                                0x6f2 (size before relaxing)
 .debug_str     0x00001bb1       0xaf ..\obj\startup_stm32f4xx.o
                                0x113 (size before relaxing)
 .debug_str     0x00001c60      0x4ea ..\obj\main.o
                                0xd53 (size before relaxing)
 .debug_str     0x0000214a      0x55b ..\obj\stm32f4xx_rcc.o
                                0x7ed (size before relaxing)
 .debug_str     0x000026a5       0x3f ..\obj\odometry.o
                                0x372 (size before relaxing)
 .debug_str     0x000026e4       0x71 ..\obj\Other.o
                                0x473 (size before relaxing)
 .debug_str     0x00002755      0x136 ..\obj\stm32f4xx_gpio.o
                                0x467 (size before relaxing)
 .debug_str     0x0000288b      0x107 ..\obj\system_stm32f4xx.o
                                0x347 (size before relaxing)
 .debug_str     0x00002992      0x339 ..\obj\stm32f4xx_dma.o
                                0x4e9 (size before relaxing)
 .debug_str     0x00002ccb      0x13b ..\obj\misc(1).o
                                0x379 (size before relaxing)
 .debug_str     0x00002e06      0xa32 ..\obj\stm32f4xx_tim.o
                                0xd9b (size before relaxing)
 .debug_str     0x00003838      0x2b8 ..\obj\Serials.o
                               0x124e (size before relaxing)

.comment        0x00000000       0x70
 .comment       0x00000000       0x70 ..\obj\state_feedback_control.o
                                 0x71 (size before relaxing)
 .comment       0x00000000       0x71 ..\obj\EPOS.o
 .comment       0x00000000       0x71 ..\obj\Can.o
 .comment       0x00000000       0x71 ..\obj\stm32f4xx_usart.o
 .comment       0x00000000       0x71 ..\obj\stm32f4xx_can.o
 .comment       0x00000000       0x71 ..\obj\startup_stm32f4xx.o
 .comment       0x00000000       0x71 ..\obj\main.o
 .comment       0x00000000       0x71 ..\obj\stm32f4xx_rcc.o
 .comment       0x00000000       0x71 ..\obj\odometry.o
 .comment       0x00000000       0x71 ..\obj\Other.o
 .comment       0x00000000       0x71 ..\obj\stm32f4xx_gpio.o
 .comment       0x00000000       0x71 ..\obj\system_stm32f4xx.o
 .comment       0x00000000       0x71 ..\obj\stm32f4xx_dma.o
 .comment       0x00000000       0x71 ..\obj\misc(1).o
 .comment       0x00000000       0x71 ..\obj\stm32f4xx_tim.o
 .comment       0x00000000       0x71 ..\obj\Serials.o

.ARM.attributes
                0x00000000       0x3b
 .ARM.attributes
                0x00000000       0x3b ..\obj\state_feedback_control.o
 .ARM.attributes
                0x0000003b       0x3b ..\obj\EPOS.o
 .ARM.attributes
                0x00000076       0x3b ..\obj\Can.o
 .ARM.attributes
                0x000000b1       0x3b ..\obj\stm32f4xx_usart.o
 .ARM.attributes
                0x000000ec       0x3b ..\obj\stm32f4xx_can.o
 .ARM.attributes
                0x00000127       0x3b ..\obj\startup_stm32f4xx.o
 .ARM.attributes
                0x00000162       0x3b ..\obj\main.o
 .ARM.attributes
                0x0000019d       0x3b ..\obj\stm32f4xx_rcc.o
 .ARM.attributes
                0x000001d8       0x3b ..\obj\odometry.o
 .ARM.attributes
                0x00000213       0x3b ..\obj\Other.o
 .ARM.attributes
                0x0000024e       0x3b ..\obj\stm32f4xx_gpio.o
 .ARM.attributes
                0x00000289       0x3b ..\obj\system_stm32f4xx.o
 .ARM.attributes
                0x000002c4       0x3b ..\obj\stm32f4xx_dma.o
 .ARM.attributes
                0x000002ff       0x3b ..\obj\misc(1).o
 .ARM.attributes
                0x0000033a       0x3b ..\obj\stm32f4xx_tim.o
 .ARM.attributes
                0x00000375       0x3b ..\obj\Serials.o
 .ARM.attributes
                0x000003b0       0x36 ..\..\..\..\..\..\..\Program Files (x86)\GNU Tools ARM Embedded\4.7 2012q4\arm-none-eabi\lib\armv7e-m\fpu\libm.a(lib_a-sf_cos.o)
 .ARM.attributes
                0x000003e6       0x36 ..\..\..\..\..\..\..\Program Files (x86)\GNU Tools ARM Embedded\4.7 2012q4\arm-none-eabi\lib\armv7e-m\fpu\libm.a(lib_a-sf_sin.o)
 .ARM.attributes
                0x0000041c       0x36 ..\..\..\..\..\..\..\Program Files (x86)\GNU Tools ARM Embedded\4.7 2012q4\arm-none-eabi\lib\armv7e-m\fpu\libm.a(lib_a-sf_tan.o)
 .ARM.attributes
                0x00000452       0x36 ..\..\..\..\..\..\..\Program Files (x86)\GNU Tools ARM Embedded\4.7 2012q4\arm-none-eabi\lib\armv7e-m\fpu\libm.a(lib_a-ef_rem_pio2.o)
 .ARM.attributes
                0x00000488       0x36 ..\..\..\..\..\..\..\Program Files (x86)\GNU Tools ARM Embedded\4.7 2012q4\arm-none-eabi\lib\armv7e-m\fpu\libm.a(lib_a-kf_cos.o)
 .ARM.attributes
                0x000004be       0x36 ..\..\..\..\..\..\..\Program Files (x86)\GNU Tools ARM Embedded\4.7 2012q4\arm-none-eabi\lib\armv7e-m\fpu\libm.a(lib_a-kf_rem_pio2.o)
 .ARM.attributes
                0x000004f4       0x36 ..\..\..\..\..\..\..\Program Files (x86)\GNU Tools ARM Embedded\4.7 2012q4\arm-none-eabi\lib\armv7e-m\fpu\libm.a(lib_a-kf_sin.o)
 .ARM.attributes
                0x0000052a       0x36 ..\..\..\..\..\..\..\Program Files (x86)\GNU Tools ARM Embedded\4.7 2012q4\arm-none-eabi\lib\armv7e-m\fpu\libm.a(lib_a-kf_tan.o)
 .ARM.attributes
                0x00000560       0x36 ..\..\..\..\..\..\..\Program Files (x86)\GNU Tools ARM Embedded\4.7 2012q4\arm-none-eabi\lib\armv7e-m\fpu\libm.a(lib_a-sf_fabs.o)
 .ARM.attributes
                0x00000596       0x36 ..\..\..\..\..\..\..\Program Files (x86)\GNU Tools ARM Embedded\4.7 2012q4\arm-none-eabi\lib\armv7e-m\fpu\libm.a(lib_a-sf_floor.o)
 .ARM.attributes
                0x000005cc       0x36 ..\..\..\..\..\..\..\Program Files (x86)\GNU Tools ARM Embedded\4.7 2012q4\arm-none-eabi\lib\armv7e-m\fpu\libm.a(lib_a-sf_scalbn.o)
 .ARM.attributes
                0x00000602       0x36 ..\..\..\..\..\..\..\Program Files (x86)\GNU Tools ARM Embedded\4.7 2012q4\arm-none-eabi\lib\armv7e-m\fpu\libm.a(lib_a-sf_copysign.o)
 .ARM.attributes
                0x00000638       0x1e c:/program files (x86)/gnu tools arm embedded/4.7 2012q4/bin/../lib/gcc/arm-none-eabi/4.7.3/armv7e-m\libgcc.a(_arm_addsubdf3.o)
 .ARM.attributes
                0x00000656       0x1e c:/program files (x86)/gnu tools arm embedded/4.7 2012q4/bin/../lib/gcc/arm-none-eabi/4.7.3/armv7e-m\libgcc.a(_arm_muldivdf3.o)
 .ARM.attributes
                0x00000674       0x1e c:/program files (x86)/gnu tools arm embedded/4.7 2012q4/bin/../lib/gcc/arm-none-eabi/4.7.3/armv7e-m\libgcc.a(_arm_cmpdf2.o)
 .ARM.attributes
                0x00000692       0x1e c:/program files (x86)/gnu tools arm embedded/4.7 2012q4/bin/../lib/gcc/arm-none-eabi/4.7.3/armv7e-m\libgcc.a(_arm_truncdfsf2.o)

.debug_frame    0x00000000     0x19e8
 .debug_frame   0x00000000       0xbc ..\obj\state_feedback_control.o
 .debug_frame   0x000000bc      0x258 ..\obj\EPOS.o
 .debug_frame   0x00000314       0xcc ..\obj\Can.o
 .debug_frame   0x000003e0      0x210 ..\obj\stm32f4xx_usart.o
 .debug_frame   0x000005f0      0x1c8 ..\obj\stm32f4xx_can.o
 .debug_frame   0x000007b8       0x3c ..\obj\startup_stm32f4xx.o
 .debug_frame   0x000007f4       0xc8 ..\obj\main.o
 .debug_frame   0x000008bc      0x2e4 ..\obj\stm32f4xx_rcc.o
 .debug_frame   0x00000ba0       0x6c ..\obj\odometry.o
 .debug_frame   0x00000c0c       0x78 ..\obj\Other.o
 .debug_frame   0x00000c84      0x11c ..\obj\stm32f4xx_gpio.o
 .debug_frame   0x00000da0       0x34 ..\obj\system_stm32f4xx.o
 .debug_frame   0x00000dd4      0x17c ..\obj\stm32f4xx_dma.o
 .debug_frame   0x00000f50       0x68 ..\obj\misc(1).o
 .debug_frame   0x00000fb8      0x650 ..\obj\stm32f4xx_tim.o
 .debug_frame   0x00001608      0x1f8 ..\obj\Serials.o
 .debug_frame   0x00001800       0x28 ..\..\..\..\..\..\..\Program Files (x86)\GNU Tools ARM Embedded\4.7 2012q4\arm-none-eabi\lib\armv7e-m\fpu\libm.a(lib_a-sf_cos.o)
 .debug_frame   0x00001828       0x28 ..\..\..\..\..\..\..\Program Files (x86)\GNU Tools ARM Embedded\4.7 2012q4\arm-none-eabi\lib\armv7e-m\fpu\libm.a(lib_a-sf_sin.o)
 .debug_frame   0x00001850       0x28 ..\..\..\..\..\..\..\Program Files (x86)\GNU Tools ARM Embedded\4.7 2012q4\arm-none-eabi\lib\armv7e-m\fpu\libm.a(lib_a-sf_tan.o)
 .debug_frame   0x00001878       0x30 ..\..\..\..\..\..\..\Program Files (x86)\GNU Tools ARM Embedded\4.7 2012q4\arm-none-eabi\lib\armv7e-m\fpu\libm.a(lib_a-ef_rem_pio2.o)
 .debug_frame   0x000018a8       0x20 ..\..\..\..\..\..\..\Program Files (x86)\GNU Tools ARM Embedded\4.7 2012q4\arm-none-eabi\lib\armv7e-m\fpu\libm.a(lib_a-kf_cos.o)
 .debug_frame   0x000018c8       0x48 ..\..\..\..\..\..\..\Program Files (x86)\GNU Tools ARM Embedded\4.7 2012q4\arm-none-eabi\lib\armv7e-m\fpu\libm.a(lib_a-kf_rem_pio2.o)
 .debug_frame   0x00001910       0x20 ..\..\..\..\..\..\..\Program Files (x86)\GNU Tools ARM Embedded\4.7 2012q4\arm-none-eabi\lib\armv7e-m\fpu\libm.a(lib_a-kf_sin.o)
 .debug_frame   0x00001930       0x28 ..\..\..\..\..\..\..\Program Files (x86)\GNU Tools ARM Embedded\4.7 2012q4\arm-none-eabi\lib\armv7e-m\fpu\libm.a(lib_a-kf_tan.o)
 .debug_frame   0x00001958       0x20 ..\..\..\..\..\..\..\Program Files (x86)\GNU Tools ARM Embedded\4.7 2012q4\arm-none-eabi\lib\armv7e-m\fpu\libm.a(lib_a-sf_fabs.o)
 .debug_frame   0x00001978       0x20 ..\..\..\..\..\..\..\Program Files (x86)\GNU Tools ARM Embedded\4.7 2012q4\arm-none-eabi\lib\armv7e-m\fpu\libm.a(lib_a-sf_floor.o)
 .debug_frame   0x00001998       0x30 ..\..\..\..\..\..\..\Program Files (x86)\GNU Tools ARM Embedded\4.7 2012q4\arm-none-eabi\lib\armv7e-m\fpu\libm.a(lib_a-sf_scalbn.o)
 .debug_frame   0x000019c8       0x20 ..\..\..\..\..\..\..\Program Files (x86)\GNU Tools ARM Embedded\4.7 2012q4\arm-none-eabi\lib\armv7e-m\fpu\libm.a(lib_a-sf_copysign.o)
