Archive member included because of file (symbol)

c:/program files (x86)/gnu tools arm embedded/4.7 2012q4/bin/../lib/gcc/arm-none-eabi/4.7.3/armv7e-m\libgcc.a(_arm_addsubdf3.o)
                              ..\obj\main.o (__aeabi_f2d)
c:/program files (x86)/gnu tools arm embedded/4.7 2012q4/bin/../lib/gcc/arm-none-eabi/4.7.3/armv7e-m\libgcc.a(_arm_cmpdf2.o)
                              ..\obj\main.o (__aeabi_dcmplt)
c:/program files (x86)/gnu tools arm embedded/4.7 2012q4/bin/../lib/gcc/arm-none-eabi/4.7.3/armv7e-m\libgcc.a(_arm_cmpsf2.o)
                              ..\obj\Serials.o (__aeabi_fcmpgt)

Allocating common symbols
Common symbol       size              file

Helios_val          0x30              ..\obj\main.o
Ballbot_stats       0x1               ..\obj\main.o
helios_stop         0x4               ..\obj\Serials.o
RxMsg3              0x14              ..\obj\Can.o
TxMessageHELIOS     0xc8              ..\obj\Serials.o
old_phi_y_soll      0x4               ..\obj\main.o
old_phi_dot_y_soll  0x4               ..\obj\main.o
RxMessageHELIOS     0x14              ..\obj\Serials.o
phi_dot             0x28              ..\obj\main.o
Motor_current_real  0xc               ..\obj\main.o
Sensor_val          0x78              ..\obj\main.o
Control_Mode        0x1               ..\obj\main.o
old_theta_z_soll    0x4               ..\obj\main.o
old_phi_x_soll      0x4               ..\obj\main.o
old_phi_dot_x_soll  0x4               ..\obj\main.o
error_detection     0x1               ..\obj\main.o
NVIC_InitStruct     0x4               ..\obj\Serials.o
Motor_torque_xyz    0xc               ..\obj\main.o
DMA_InitStructure   0x3c              ..\obj\Serials.o
available_data      0xc               ..\obj\main.o
EPOS_sent_data      0xc               ..\obj\main.o
cmd                 0x1               ..\obj\Serials.o

Discarded input sections

 .text          0x00000000        0x0 ..\obj\EPOS.o
 .data          0x00000000        0x0 ..\obj\EPOS.o
 .bss           0x00000000        0x0 ..\obj\EPOS.o
 .text.Set_Operational_NMT_State
                0x00000000       0x3c ..\obj\EPOS.o
 .text.Set_Pre_Operational_NMT_State
                0x00000000       0x3c ..\obj\EPOS.o
 .text.EPOS_reset_communicaton
                0x00000000       0x3c ..\obj\EPOS.o
 .text.EPOS_set_operation_mode
                0x00000000       0x64 ..\obj\EPOS.o
 .text.EPOS_fault_reset
                0x00000000       0xb0 ..\obj\EPOS.o
 .text.EPOS_disable
                0x00000000       0x60 ..\obj\EPOS.o
 .text.EPOS_enable
                0x00000000       0x60 ..\obj\EPOS.o
 .text.EPOS_init
                0x00000000       0xfc ..\obj\EPOS.o
 .text.EPOS_stop
                0x00000000       0x60 ..\obj\EPOS.o
 .text._delay_ms
                0x00000000       0x30 ..\obj\EPOS.o
 .text._delay_us
                0x00000000       0x2c ..\obj\EPOS.o
 .text.EPOS_set_speed_SDO
                0x00000000       0x78 ..\obj\EPOS.o
 .text.EPOS_set_current_SDO
                0x00000000       0x64 ..\obj\EPOS.o
 .text.EPOS_set_position_SDO
                0x00000000       0x78 ..\obj\EPOS.o
 .text.EPOS_set_current_PDO
                0x00000000       0x48 ..\obj\EPOS.o
 .text.EPOS_set_velocity_PDO
                0x00000000       0x7c ..\obj\EPOS.o
 .text.EPOS_set_position_PDO
                0x00000000       0x64 ..\obj\EPOS.o
 .text.EPOS_get_position_SDO
                0x00000000       0x58 ..\obj\EPOS.o
 .text.EPOS_get_velocity_SDO
                0x00000000       0x58 ..\obj\EPOS.o
 .text.EPOS_get_current_SDO
                0x00000000       0x58 ..\obj\EPOS.o
 .text.EPOS_Reset_Home_Position
                0x00000000       0x60 ..\obj\EPOS.o
 .debug_info    0x00000000      0x5c4 ..\obj\EPOS.o
 .debug_abbrev  0x00000000       0xfa ..\obj\EPOS.o
 .debug_loc     0x00000000      0x498 ..\obj\EPOS.o
 .debug_aranges
                0x00000000       0xc0 ..\obj\EPOS.o
 .debug_ranges  0x00000000       0xb0 ..\obj\EPOS.o
 .debug_line    0x00000000      0x345 ..\obj\EPOS.o
 .debug_str     0x00000000      0x2c7 ..\obj\EPOS.o
 .comment       0x00000000       0x71 ..\obj\EPOS.o
 .ARM.attributes
                0x00000000       0x33 ..\obj\EPOS.o
 .debug_frame   0x00000000      0x2a8 ..\obj\EPOS.o
 .text          0x00000000        0x0 ..\obj\Can.o
 .data          0x00000000        0x0 ..\obj\Can.o
 .bss           0x00000000        0x0 ..\obj\Can.o
 .text.init_CAN
                0x00000000      0x250 ..\obj\Can.o
 .text.can_set_send_PDO_mb
                0x00000000       0x3c ..\obj\Can.o
 .text.can_send_PDO
                0x00000000       0x50 ..\obj\Can.o
 .text.can_send_SDO
                0x00000000       0xb8 ..\obj\Can.o
 .text          0x00000000        0x0 ..\obj\stm32f4xx_usart.o
 .data          0x00000000        0x0 ..\obj\stm32f4xx_usart.o
 .bss           0x00000000        0x0 ..\obj\stm32f4xx_usart.o
 .text.USART_DeInit
                0x00000000      0x100 ..\obj\stm32f4xx_usart.o
 .text.USART_StructInit
                0x00000000       0x44 ..\obj\stm32f4xx_usart.o
 .text.USART_ClockInit
                0x00000000       0x54 ..\obj\stm32f4xx_usart.o
 .text.USART_ClockStructInit
                0x00000000       0x34 ..\obj\stm32f4xx_usart.o
 .text.USART_SetPrescaler
                0x00000000       0x38 ..\obj\stm32f4xx_usart.o
 .text.USART_OverSampling8Cmd
                0x00000000       0x48 ..\obj\stm32f4xx_usart.o
 .text.USART_OneBitMethodCmd
                0x00000000       0x40 ..\obj\stm32f4xx_usart.o
 .text.USART_SendData
                0x00000000       0x28 ..\obj\stm32f4xx_usart.o
 .text.USART_ReceiveData
                0x00000000       0x24 ..\obj\stm32f4xx_usart.o
 .text.USART_SetAddress
                0x00000000       0x38 ..\obj\stm32f4xx_usart.o
 .text.USART_ReceiverWakeUpCmd
                0x00000000       0x40 ..\obj\stm32f4xx_usart.o
 .text.USART_WakeUpConfig
                0x00000000       0x38 ..\obj\stm32f4xx_usart.o
 .text.USART_LINBreakDetectLengthConfig
                0x00000000       0x38 ..\obj\stm32f4xx_usart.o
 .text.USART_LINCmd
                0x00000000       0x40 ..\obj\stm32f4xx_usart.o
 .text.USART_SendBreak
                0x00000000       0x24 ..\obj\stm32f4xx_usart.o
 .text.USART_HalfDuplexCmd
                0x00000000       0x40 ..\obj\stm32f4xx_usart.o
 .text.USART_SetGuardTime
                0x00000000       0x3c ..\obj\stm32f4xx_usart.o
 .text.USART_SmartCardCmd
                0x00000000       0x40 ..\obj\stm32f4xx_usart.o
 .text.USART_SmartCardNACKCmd
                0x00000000       0x40 ..\obj\stm32f4xx_usart.o
 .text.USART_IrDAConfig
                0x00000000       0x38 ..\obj\stm32f4xx_usart.o
 .text.USART_IrDACmd
                0x00000000       0x40 ..\obj\stm32f4xx_usart.o
 .text.USART_ITConfig
                0x00000000       0xa4 ..\obj\stm32f4xx_usart.o
 .text.USART_GetFlagStatus
                0x00000000       0x40 ..\obj\stm32f4xx_usart.o
 .text.USART_ClearFlag
                0x00000000       0x24 ..\obj\stm32f4xx_usart.o
 .text.USART_GetITStatus
                0x00000000       0xc4 ..\obj\stm32f4xx_usart.o
 .text          0x00000000        0x0 ..\obj\stm32f4xx_can.o
 .data          0x00000000        0x0 ..\obj\stm32f4xx_can.o
 .bss           0x00000000        0x0 ..\obj\stm32f4xx_can.o
 .text.CAN_DeInit
                0x00000000       0x50 ..\obj\stm32f4xx_can.o
 .text.CAN_Init
                0x00000000      0x1bc ..\obj\stm32f4xx_can.o
 .text.CAN_FilterInit
                0x00000000      0x210 ..\obj\stm32f4xx_can.o
 .text.CAN_StructInit
                0x00000000       0x6c ..\obj\stm32f4xx_can.o
 .text.CAN_SlaveStartBank
                0x00000000       0x8c ..\obj\stm32f4xx_can.o
 .text.CAN_DBGFreeze
                0x00000000       0x38 ..\obj\stm32f4xx_can.o
 .text.CAN_TTComModeCmd
                0x00000000       0x98 ..\obj\stm32f4xx_can.o
 .text.CAN_Transmit
                0x00000000      0x1dc ..\obj\stm32f4xx_can.o
 .text.CAN_TransmitStatus
                0x00000000      0x10c ..\obj\stm32f4xx_can.o
 .text.CAN_CancelTransmit
                0x00000000       0x50 ..\obj\stm32f4xx_can.o
 .text.CAN_FIFORelease
                0x00000000       0x38 ..\obj\stm32f4xx_can.o
 .text.CAN_MessagePending
                0x00000000       0x50 ..\obj\stm32f4xx_can.o
 .text.CAN_OperatingModeRequest
                0x00000000      0x114 ..\obj\stm32f4xx_can.o
 .text.CAN_Sleep
                0x00000000       0x40 ..\obj\stm32f4xx_can.o
 .text.CAN_WakeUp
                0x00000000       0x5c ..\obj\stm32f4xx_can.o
 .text.CAN_GetReceiveErrorCounter
                0x00000000       0x28 ..\obj\stm32f4xx_can.o
 .text.CAN_GetLSBTransmitErrorCounter
                0x00000000       0x2c ..\obj\stm32f4xx_can.o
 .text.CAN_ITConfig
                0x00000000       0x3c ..\obj\stm32f4xx_can.o
 .text.CAN_ClearFlag
                0x00000000       0x7c ..\obj\stm32f4xx_can.o
 .text.CAN_GetITStatus
                0x00000000      0x1b8 ..\obj\stm32f4xx_can.o
 .text.CAN_ClearITPendingBit
                0x00000000       0xfc ..\obj\stm32f4xx_can.o
 .text.CheckITStatus
                0x00000000       0x38 ..\obj\stm32f4xx_can.o
 .text          0x00000000        0x0 ..\obj\startup_stm32f4xx.o
 .data          0x00000000        0x0 ..\obj\startup_stm32f4xx.o
 .bss           0x00000000        0x0 ..\obj\startup_stm32f4xx.o
 .text          0x00000000        0x0 ..\obj\main.o
 .bss           0x00000000        0x0 ..\obj\main.o
 .text.Safety_first
                0x00000000      0x110 ..\obj\main.o
 .text          0x00000000        0x0 ..\obj\stm32f4xx_rcc.o
 .bss           0x00000000        0x0 ..\obj\stm32f4xx_rcc.o
 .text.RCC_DeInit
                0x00000000       0x84 ..\obj\stm32f4xx_rcc.o
 .text.RCC_HSEConfig
                0x00000000       0x30 ..\obj\stm32f4xx_rcc.o
 .text.RCC_WaitForHSEStartUp
                0x00000000       0x64 ..\obj\stm32f4xx_rcc.o
 .text.RCC_AdjustHSICalibrationValue
                0x00000000       0x48 ..\obj\stm32f4xx_rcc.o
 .text.RCC_HSICmd
                0x00000000       0x20 ..\obj\stm32f4xx_rcc.o
 .text.RCC_LSEConfig
                0x00000000       0x60 ..\obj\stm32f4xx_rcc.o
 .text.RCC_LSICmd
                0x00000000       0x20 ..\obj\stm32f4xx_rcc.o
 .text.RCC_PLLConfig
                0x00000000       0x48 ..\obj\stm32f4xx_rcc.o
 .text.RCC_PLLCmd
                0x00000000       0x20 ..\obj\stm32f4xx_rcc.o
 .text.RCC_PLLI2SConfig
                0x00000000       0x30 ..\obj\stm32f4xx_rcc.o
 .text.RCC_PLLI2SCmd
                0x00000000       0x20 ..\obj\stm32f4xx_rcc.o
 .text.RCC_ClockSecuritySystemCmd
                0x00000000       0x20 ..\obj\stm32f4xx_rcc.o
 .text.RCC_MCO1Config
                0x00000000       0x48 ..\obj\stm32f4xx_rcc.o
 .text.RCC_MCO2Config
                0x00000000       0x48 ..\obj\stm32f4xx_rcc.o
 .text.RCC_SYSCLKConfig
                0x00000000       0x40 ..\obj\stm32f4xx_rcc.o
 .text.RCC_HCLKConfig
                0x00000000       0x40 ..\obj\stm32f4xx_rcc.o
 .text.RCC_PCLK1Config
                0x00000000       0x40 ..\obj\stm32f4xx_rcc.o
 .text.RCC_PCLK2Config
                0x00000000       0x44 ..\obj\stm32f4xx_rcc.o
 .text.RCC_RTCCLKConfig
                0x00000000       0x74 ..\obj\stm32f4xx_rcc.o
 .text.RCC_RTCCLKCmd
                0x00000000       0x20 ..\obj\stm32f4xx_rcc.o
 .text.RCC_BackupResetCmd
                0x00000000       0x20 ..\obj\stm32f4xx_rcc.o
 .text.RCC_I2SCLKConfig
                0x00000000       0x20 ..\obj\stm32f4xx_rcc.o
 .text.RCC_AHB2PeriphClockCmd
                0x00000000       0x54 ..\obj\stm32f4xx_rcc.o
 .text.RCC_AHB3PeriphClockCmd
                0x00000000       0x54 ..\obj\stm32f4xx_rcc.o
 .text.RCC_AHB1PeriphResetCmd
                0x00000000       0x54 ..\obj\stm32f4xx_rcc.o
 .text.RCC_AHB2PeriphResetCmd
                0x00000000       0x54 ..\obj\stm32f4xx_rcc.o
 .text.RCC_AHB3PeriphResetCmd
                0x00000000       0x54 ..\obj\stm32f4xx_rcc.o
 .text.RCC_APB1PeriphResetCmd
                0x00000000       0x54 ..\obj\stm32f4xx_rcc.o
 .text.RCC_APB2PeriphResetCmd
                0x00000000       0x54 ..\obj\stm32f4xx_rcc.o
 .text.RCC_AHB1PeriphClockLPModeCmd
                0x00000000       0x54 ..\obj\stm32f4xx_rcc.o
 .text.RCC_AHB2PeriphClockLPModeCmd
                0x00000000       0x54 ..\obj\stm32f4xx_rcc.o
 .text.RCC_AHB3PeriphClockLPModeCmd
                0x00000000       0x54 ..\obj\stm32f4xx_rcc.o
 .text.RCC_APB1PeriphClockLPModeCmd
                0x00000000       0x54 ..\obj\stm32f4xx_rcc.o
 .text.RCC_APB2PeriphClockLPModeCmd
                0x00000000       0x54 ..\obj\stm32f4xx_rcc.o
 .text.RCC_ITConfig
                0x00000000       0x60 ..\obj\stm32f4xx_rcc.o
 .text.RCC_GetFlagStatus
                0x00000000       0x90 ..\obj\stm32f4xx_rcc.o
 .text.RCC_ClearFlag
                0x00000000       0x24 ..\obj\stm32f4xx_rcc.o
 .text.RCC_GetITStatus
                0x00000000       0x40 ..\obj\stm32f4xx_rcc.o
 .text.RCC_ClearITPendingBit
                0x00000000       0x20 ..\obj\stm32f4xx_rcc.o
 .text          0x00000000        0x0 ..\obj\stm32f4xx_gpio.o
 .data          0x00000000        0x0 ..\obj\stm32f4xx_gpio.o
 .bss           0x00000000        0x0 ..\obj\stm32f4xx_gpio.o
 .text.GPIO_DeInit
                0x00000000      0x178 ..\obj\stm32f4xx_gpio.o
 .text.GPIO_StructInit
                0x00000000       0x3c ..\obj\stm32f4xx_gpio.o
 .text.GPIO_PinLockConfig
                0x00000000       0x44 ..\obj\stm32f4xx_gpio.o
 .text.GPIO_ReadInputDataBit
                0x00000000       0x3c ..\obj\stm32f4xx_gpio.o
 .text.GPIO_ReadInputData
                0x00000000       0x1c ..\obj\stm32f4xx_gpio.o
 .text.GPIO_ReadOutputDataBit
                0x00000000       0x3c ..\obj\stm32f4xx_gpio.o
 .text.GPIO_ReadOutputData
                0x00000000       0x1c ..\obj\stm32f4xx_gpio.o
 .text.GPIO_WriteBit
                0x00000000       0x30 ..\obj\stm32f4xx_gpio.o
 .text.GPIO_Write
                0x00000000       0x1c ..\obj\stm32f4xx_gpio.o
 .text          0x00000000        0x0 ..\obj\system_stm32f4xx.o
 .data          0x00000000       0x14 ..\obj\system_stm32f4xx.o
 .bss           0x00000000        0x0 ..\obj\system_stm32f4xx.o
 .text.SystemCoreClockUpdate
                0x00000000      0x170 ..\obj\system_stm32f4xx.o
 .text          0x00000000        0x0 ..\obj\stm32f4xx_dma.o
 .data          0x00000000        0x0 ..\obj\stm32f4xx_dma.o
 .bss           0x00000000        0x0 ..\obj\stm32f4xx_dma.o
 .text.DMA_DeInit
                0x00000000      0x244 ..\obj\stm32f4xx_dma.o
 .text.DMA_StructInit
                0x00000000       0x8c ..\obj\stm32f4xx_dma.o
 .text.DMA_PeriphIncOffsetSizeConfig
                0x00000000       0x34 ..\obj\stm32f4xx_dma.o
 .text.DMA_FlowControllerConfig
                0x00000000       0x34 ..\obj\stm32f4xx_dma.o
 .text.DMA_GetCurrDataCounter
                0x00000000       0x1c ..\obj\stm32f4xx_dma.o
 .text.DMA_DoubleBufferModeConfig
                0x00000000       0x3c ..\obj\stm32f4xx_dma.o
 .text.DMA_DoubleBufferModeCmd
                0x00000000       0x38 ..\obj\stm32f4xx_dma.o
 .text.DMA_MemoryTargetConfig
                0x00000000       0x2c ..\obj\stm32f4xx_dma.o
 .text.DMA_GetCurrentMemoryTarget
                0x00000000       0x38 ..\obj\stm32f4xx_dma.o
 .text.DMA_GetFIFOStatus
                0x00000000       0x28 ..\obj\stm32f4xx_dma.o
 .text.DMA_GetFlagStatus
                0x00000000       0x84 ..\obj\stm32f4xx_dma.o
 .text.DMA_GetITStatus
                0x00000000       0xc0 ..\obj\stm32f4xx_dma.o
 .text          0x00000000        0x0 ..\obj\misc.o
 .data          0x00000000        0x0 ..\obj\misc.o
 .bss           0x00000000        0x0 ..\obj\misc.o
 .text.NVIC_PriorityGroupConfig
                0x00000000       0x28 ..\obj\misc.o
 .text.NVIC_SetVectorTable
                0x00000000       0x2c ..\obj\misc.o
 .text.NVIC_SystemLPConfig
                0x00000000       0x54 ..\obj\misc.o
 .text.SysTick_CLKSourceConfig
                0x00000000       0x4c ..\obj\misc.o
 .text          0x00000000        0x0 ..\obj\Serials.o
 .data          0x00000000        0x0 ..\obj\Serials.o
 .text.SendMsgHELIOS
                0x00000000      0x10c ..\obj\Serials.o
 .text.Start_Continious_Mode_PC
                0x00000000       0x18 ..\obj\Serials.o
 .text.Send_Sensor_Values_to_HELIOS
                0x00000000      0x2c8 ..\obj\Serials.o
 .text.Delay    0x00000000       0x2c ..\obj\Serials.o
 .data          0x00000000        0x0 c:/program files (x86)/gnu tools arm embedded/4.7 2012q4/bin/../lib/gcc/arm-none-eabi/4.7.3/armv7e-m\libgcc.a(_arm_addsubdf3.o)
 .bss           0x00000000        0x0 c:/program files (x86)/gnu tools arm embedded/4.7 2012q4/bin/../lib/gcc/arm-none-eabi/4.7.3/armv7e-m\libgcc.a(_arm_addsubdf3.o)
 .data          0x00000000        0x0 c:/program files (x86)/gnu tools arm embedded/4.7 2012q4/bin/../lib/gcc/arm-none-eabi/4.7.3/armv7e-m\libgcc.a(_arm_cmpdf2.o)
 .bss           0x00000000        0x0 c:/program files (x86)/gnu tools arm embedded/4.7 2012q4/bin/../lib/gcc/arm-none-eabi/4.7.3/armv7e-m\libgcc.a(_arm_cmpdf2.o)
 .data          0x00000000        0x0 c:/program files (x86)/gnu tools arm embedded/4.7 2012q4/bin/../lib/gcc/arm-none-eabi/4.7.3/armv7e-m\libgcc.a(_arm_cmpsf2.o)
 .bss           0x00000000        0x0 c:/program files (x86)/gnu tools arm embedded/4.7 2012q4/bin/../lib/gcc/arm-none-eabi/4.7.3/armv7e-m\libgcc.a(_arm_cmpsf2.o)

Memory Configuration

Name             Origin             Length             Attributes
rom              0x08000000         0x00100000         xr
ram              0x20000000         0x00020000         xrw
ram1             0x10000000         0x00010000         xrw
*default*        0x00000000         0xffffffff

Linker script and memory map

                0x20020000                _eram = 0x20020000

.text           0x08000000     0x33f4
 *(.isr_vector .isr_vector.*)
 .isr_vector    0x08000000      0x188 ..\obj\startup_stm32f4xx.o
                0x08000000                g_pfnVectors
 *(.text .text.* .gnu.linkonce.t.*)
 .text.CAN1_RX0_IRQHandler
                0x08000188      0x248 ..\obj\Can.o
                0x08000188                CAN1_RX0_IRQHandler
 .text.CAN1_RX1_IRQHandler
                0x080003d0      0x198 ..\obj\Can.o
                0x080003d0                CAN1_RX1_IRQHandler
 .text.USART_Init
                0x08000568      0x1ac ..\obj\stm32f4xx_usart.o
                0x08000568                USART_Init
 .text.USART_Cmd
                0x08000714       0x40 ..\obj\stm32f4xx_usart.o
                0x08000714                USART_Cmd
 .text.USART_DMACmd
                0x08000754       0x48 ..\obj\stm32f4xx_usart.o
                0x08000754                USART_DMACmd
 .text.USART_ClearITPendingBit
                0x0800079c       0x44 ..\obj\stm32f4xx_usart.o
                0x0800079c                USART_ClearITPendingBit
 .text.CAN_Receive
                0x080007e0      0x1a8 ..\obj\stm32f4xx_can.o
                0x080007e0                CAN_Receive
 .text.CAN_GetLastErrorCode
                0x08000988       0x28 ..\obj\stm32f4xx_can.o
                0x08000988                CAN_GetLastErrorCode
 .text.CAN_GetFlagStatus
                0x080009b0       0xf8 ..\obj\stm32f4xx_can.o
                0x080009b0                CAN_GetFlagStatus
 .text.Default_Reset_Handler
                0x08000aa8       0x6c ..\obj\startup_stm32f4xx.o
                0x08000aa8                Default_Reset_Handler
                0x08000aa8                Reset_Handler
 .text.Default_Handler
                0x08000b14        0x8 ..\obj\startup_stm32f4xx.o
                0x08000b14                RTC_Alarm_IRQHandler
                0x08000b14                HASH_RNG_IRQHandler
                0x08000b14                EXTI2_IRQHandler
                0x08000b14                TIM8_CC_IRQHandler
                0x08000b14                DebugMon_Handler
                0x08000b14                TIM1_CC_IRQHandler
                0x08000b14                DMA2_Stream5_IRQHandler
                0x08000b14                HardFault_Handler
                0x08000b14                DMA1_Stream5_IRQHandler
                0x08000b14                SysTick_Handler
                0x08000b14                PVD_IRQHandler
                0x08000b14                SDIO_IRQHandler
                0x08000b14                TAMP_STAMP_IRQHandler
                0x08000b14                PendSV_Handler
                0x08000b14                NMI_Handler
                0x08000b14                CAN2_RX1_IRQHandler
                0x08000b14                EXTI3_IRQHandler
                0x08000b14                TIM8_TRG_COM_TIM14_IRQHandler
                0x08000b14                TIM1_UP_TIM10_IRQHandler
                0x08000b14                TIM8_UP_TIM13_IRQHandler
                0x08000b14                I2C3_ER_IRQHandler
                0x08000b14                EXTI0_IRQHandler
                0x08000b14                I2C2_EV_IRQHandler
                0x08000b14                DMA1_Stream2_IRQHandler
                0x08000b14                FPU_IRQHandler
                0x08000b14                OTG_HS_WKUP_IRQHandler
                0x08000b14                UsageFault_Handler
                0x08000b14                CAN2_SCE_IRQHandler
                0x08000b14                DMA2_Stream2_IRQHandler
                0x08000b14                SPI1_IRQHandler
                0x08000b14                TIM6_DAC_IRQHandler
                0x08000b14                TIM1_BRK_TIM9_IRQHandler
                0x08000b14                DCMI_IRQHandler
                0x08000b14                CAN2_RX0_IRQHandler
                0x08000b14                DMA2_Stream3_IRQHandler
                0x08000b14                USART6_IRQHandler
                0x08000b14                USART3_IRQHandler
                0x08000b14                CRYP_IRQHandler
                0x08000b14                UART5_IRQHandler
                0x08000b14                DMA2_Stream0_IRQHandler
                0x08000b14                TIM4_IRQHandler
                0x08000b14                I2C1_EV_IRQHandler
                0x08000b14                DMA1_Stream6_IRQHandler
                0x08000b14                UART4_IRQHandler
                0x08000b14                TIM3_IRQHandler
                0x08000b14                RCC_IRQHandler
                0x08000b14                TIM8_BRK_TIM12_IRQHandler
                0x08000b14                EXTI15_10_IRQHandler
                0x08000b14                ADC_IRQHandler
                0x08000b14                DMA1_Stream7_IRQHandler
                0x08000b14                TIM7_IRQHandler
                0x08000b14                CAN2_TX_IRQHandler
                0x08000b14                TIM5_IRQHandler
                0x08000b14                DMA2_Stream7_IRQHandler
                0x08000b14                I2C3_EV_IRQHandler
                0x08000b14                EXTI9_5_IRQHandler
                0x08000b14                RTC_WKUP_IRQHandler
                0x08000b14                ETH_WKUP_IRQHandler
                0x08000b14                SPI2_IRQHandler
                0x08000b14                OTG_HS_EP1_IN_IRQHandler
                0x08000b14                MemManage_Handler
                0x08000b14                DMA1_Stream0_IRQHandler
                0x08000b14                CAN1_TX_IRQHandler
                0x08000b14                SVC_Handler
                0x08000b14                EXTI4_IRQHandler
                0x08000b14                FSMC_IRQHandler
                0x08000b14                ETH_IRQHandler
                0x08000b14                OTG_HS_EP1_OUT_IRQHandler
                0x08000b14                WWDG_IRQHandler
                0x08000b14                TIM2_IRQHandler
                0x08000b14                OTG_FS_WKUP_IRQHandler
                0x08000b14                TIM1_TRG_COM_TIM11_IRQHandler
                0x08000b14                OTG_HS_IRQHandler
                0x08000b14                EXTI1_IRQHandler
                0x08000b14                USART2_IRQHandler
                0x08000b14                I2C2_ER_IRQHandler
                0x08000b14                CAN1_SCE_IRQHandler
                0x08000b14                FLASH_IRQHandler
                0x08000b14                DMA2_Stream4_IRQHandler
                0x08000b14                BusFault_Handler
                0x08000b14                USART1_IRQHandler
                0x08000b14                OTG_FS_IRQHandler
                0x08000b14                SPI3_IRQHandler
                0x08000b14                DMA1_Stream4_IRQHandler
                0x08000b14                I2C1_ER_IRQHandler
 .text.main     0x08000b1c       0x84 ..\obj\main.o
                0x08000b1c                main
 .text.RCC_GetSYSCLKSource
                0x08000ba0       0x20 ..\obj\stm32f4xx_rcc.o
                0x08000ba0                RCC_GetSYSCLKSource
 .text.RCC_GetClocksFreq
                0x08000bc0      0x1cc ..\obj\stm32f4xx_rcc.o
                0x08000bc0                RCC_GetClocksFreq
 .text.RCC_AHB1PeriphClockCmd
                0x08000d8c       0x54 ..\obj\stm32f4xx_rcc.o
                0x08000d8c                RCC_AHB1PeriphClockCmd
 .text.RCC_APB1PeriphClockCmd
                0x08000de0       0x54 ..\obj\stm32f4xx_rcc.o
                0x08000de0                RCC_APB1PeriphClockCmd
 .text.RCC_APB2PeriphClockCmd
                0x08000e34       0x54 ..\obj\stm32f4xx_rcc.o
                0x08000e34                RCC_APB2PeriphClockCmd
 .text.GPIO_Init
                0x08000e88      0x144 ..\obj\stm32f4xx_gpio.o
                0x08000e88                GPIO_Init
 .text.GPIO_SetBits
                0x08000fcc       0x1c ..\obj\stm32f4xx_gpio.o
                0x08000fcc                GPIO_SetBits
 .text.GPIO_ResetBits
                0x08000fe8       0x1c ..\obj\stm32f4xx_gpio.o
                0x08000fe8                GPIO_ResetBits
 .text.GPIO_ToggleBits
                0x08001004       0x24 ..\obj\stm32f4xx_gpio.o
                0x08001004                GPIO_ToggleBits
 .text.GPIO_PinAFConfig
                0x08001028       0xa8 ..\obj\stm32f4xx_gpio.o
                0x08001028                GPIO_PinAFConfig
 .text.SystemInit
                0x080010d0       0x94 ..\obj\system_stm32f4xx.o
                0x080010d0                SystemInit
 .text.SetSysClock
                0x08001164      0x188 ..\obj\system_stm32f4xx.o
 .text.DMA_Init
                0x080012ec       0xb0 ..\obj\stm32f4xx_dma.o
                0x080012ec                DMA_Init
 .text.DMA_Cmd  0x0800139c       0x38 ..\obj\stm32f4xx_dma.o
                0x0800139c                DMA_Cmd
 .text.DMA_SetCurrDataCounter
                0x080013d4       0x1c ..\obj\stm32f4xx_dma.o
                0x080013d4                DMA_SetCurrDataCounter
 .text.DMA_GetCmdStatus
                0x080013f0       0x38 ..\obj\stm32f4xx_dma.o
                0x080013f0                DMA_GetCmdStatus
 .text.DMA_ClearFlag
                0x08001428       0x60 ..\obj\stm32f4xx_dma.o
                0x08001428                DMA_ClearFlag
 .text.DMA_ITConfig
                0x08001488       0x74 ..\obj\stm32f4xx_dma.o
                0x08001488                DMA_ITConfig
 .text.DMA_ClearITPendingBit
                0x080014fc       0x60 ..\obj\stm32f4xx_dma.o
                0x080014fc                DMA_ClearITPendingBit
 .text.NVIC_Init
                0x0800155c       0xe4 ..\obj\misc.o
                0x0800155c                NVIC_Init
 .text.USART_IMU_Config
                0x08001640      0x358 ..\obj\Serials.o
                0x08001640                USART_IMU_Config
 .text.SendMsgIMU
                0x08001998      0x150 ..\obj\Serials.o
                0x08001998                SendMsgIMU
 .text.Start_Continious_Mode_IMU
                0x08001ae8       0x50 ..\obj\Serials.o
                0x08001ae8                Start_Continious_Mode_IMU
 .text.calcCRC  0x08001b38       0x98 ..\obj\Serials.o
                0x08001b38                calcCRC
 .text.DMA1_Stream3_IRQHandler
                0x08001bd0       0x58 ..\obj\Serials.o
                0x08001bd0                DMA1_Stream3_IRQHandler
 .text.DMA1_Stream1_IRQHandler
                0x08001c28      0x1b8 ..\obj\Serials.o
                0x08001c28                DMA1_Stream1_IRQHandler
 .text.Read_data_IMU
                0x08001de0      0x3f0 ..\obj\Serials.o
                0x08001de0                Read_data_IMU
 .text.USART_PC_Config
                0x080021d0      0x30c ..\obj\Serials.o
                0x080021d0                USART_PC_Config
 .text.DMA2_Stream6_IRQHandler
                0x080024dc       0x5c ..\obj\Serials.o
                0x080024dc                DMA2_Stream6_IRQHandler
 .text.DMA2_Stream1_IRQHandler
                0x08002538      0x14c ..\obj\Serials.o
                0x08002538                DMA2_Stream1_IRQHandler
 .text.Read_data_Helios
                0x08002684      0x5c8 ..\obj\Serials.o
                0x08002684                Read_data_Helios
 .text.led_init
                0x08002c4c       0xf8 ..\obj\Serials.o
                0x08002c4c                led_init
 .text.led_on   0x08002d44       0x6c ..\obj\Serials.o
                0x08002d44                led_on
 .text.led_off  0x08002db0       0x6c ..\obj\Serials.o
                0x08002db0                led_off
 .text.toggle_led
                0x08002e1c       0x6c ..\obj\Serials.o
                0x08002e1c                toggle_led
 .text          0x08002e88      0x370 c:/program files (x86)/gnu tools arm embedded/4.7 2012q4/bin/../lib/gcc/arm-none-eabi/4.7.3/armv7e-m\libgcc.a(_arm_addsubdf3.o)
                0x08002e88                __aeabi_drsub
                0x08002e90                __aeabi_dsub
                0x08002e90                __subdf3
                0x08002e94                __aeabi_dadd
                0x08002e94                __adddf3
                0x0800310c                __floatunsidf
                0x0800310c                __aeabi_ui2d
                0x0800312c                __floatsidf
                0x0800312c                __aeabi_i2d
                0x08003150                __aeabi_f2d
                0x08003150                __extendsfdf2
                0x0800318c                __floatundidf
                0x0800318c                __aeabi_ul2d
                0x0800319c                __floatdidf
                0x0800319c                __aeabi_l2d
 .text          0x080031f8      0x110 c:/program files (x86)/gnu tools arm embedded/4.7 2012q4/bin/../lib/gcc/arm-none-eabi/4.7.3/armv7e-m\libgcc.a(_arm_cmpdf2.o)
                0x080031f8                __gtdf2
                0x080031f8                __gedf2
                0x08003200                __ltdf2
                0x08003200                __ledf2
                0x08003208                __nedf2
                0x08003208                __eqdf2
                0x08003208                __cmpdf2
                0x08003284                __aeabi_cdrcmple
                0x08003294                __aeabi_cdcmpeq
                0x08003294                __aeabi_cdcmple
                0x080032a4                __aeabi_dcmpeq
                0x080032b8                __aeabi_dcmplt
                0x080032cc                __aeabi_dcmple
                0x080032e0                __aeabi_dcmpge
                0x080032f4                __aeabi_dcmpgt
 .text          0x08003308       0xec c:/program files (x86)/gnu tools arm embedded/4.7 2012q4/bin/../lib/gcc/arm-none-eabi/4.7.3/armv7e-m\libgcc.a(_arm_cmpsf2.o)
                0x08003308                __gesf2
                0x08003308                __gtsf2
                0x08003310                __lesf2
                0x08003310                __ltsf2
                0x08003318                __nesf2
                0x08003318                __eqsf2
                0x08003318                __cmpsf2
                0x08003378                __aeabi_cfrcmple
                0x08003380                __aeabi_cfcmpeq
                0x08003380                __aeabi_cfcmple
                0x08003390                __aeabi_fcmpeq
                0x080033a4                __aeabi_fcmplt
                0x080033b8                __aeabi_fcmple
                0x080033cc                __aeabi_fcmpge
                0x080033e0                __aeabi_fcmpgt
 *(.glue_7t)
 .glue_7t       0x00000000        0x0 linker stubs
 *(.glue_7)
 .glue_7        0x00000000        0x0 linker stubs
 *(.rodata .rodata* .gnu.linkonce.r.*)

.vfp11_veneer   0x080033f4        0x0
 .vfp11_veneer  0x00000000        0x0 linker stubs

.v4_bx          0x080033f4        0x0
 .v4_bx         0x00000000        0x0 linker stubs

.iplt           0x080033f4        0x0
 .iplt          0x00000000        0x0 ..\obj\EPOS.o

.rel.dyn        0x080033f4        0x0
 .rel.iplt      0x00000000        0x0 ..\obj\EPOS.o

.ARM.extab
 *(.ARM.extab* .gnu.linkonce.armextab.*)
                0x080033f4                __exidx_start = .

.ARM.exidx
 *(.ARM.exidx* .gnu.linkonce.armexidx.*)
                0x080033f4                __exidx_end = .
                0x080033f4                . = ALIGN (0x4)
                0x080033f4                _etext = .
                0x080033f4                _sidata = .

.data           0x20000000       0x14 load address 0x080033f4
                0x20000000                _sdata = .
 *(.data .data.*)
 .data          0x20000000        0x4 ..\obj\main.o
                0x20000000                init
 .data          0x20000004       0x10 ..\obj\stm32f4xx_rcc.o
                0x20000014                . = ALIGN (0x4)
                0x20000014                _edata = .

.igot.plt       0x20000014        0x0 load address 0x08003408
 .igot.plt      0x00000000        0x0 ..\obj\EPOS.o

.bss            0x20000014      0x2d8 load address 0x08003408
                0x20000014                _sbss = .
 *(.bss .bss.*)
 .bss           0x20000014       0x80 ..\obj\Serials.o
                0x20000014                TxMessageIMU
                0x20000044                RxMessageIMU
 *(COMMON)
 COMMON         0x20000094       0x14 ..\obj\Can.o
                0x20000094                RxMsg3
 COMMON         0x200000a8      0x120 ..\obj\main.o
                0x200000a8                Helios_val
                0x200000d8                Ballbot_stats
                0x200000dc                old_phi_y_soll
                0x200000e0                old_phi_dot_y_soll
                0x200000e4                phi_dot
                0x2000010c                Motor_current_real
                0x20000118                Sensor_val
                0x20000190                Control_Mode
                0x20000194                old_theta_z_soll
                0x20000198                old_phi_x_soll
                0x2000019c                old_phi_dot_x_soll
                0x200001a0                error_detection
                0x200001a4                Motor_torque_xyz
                0x200001b0                available_data
                0x200001bc                EPOS_sent_data
 COMMON         0x200001c8      0x121 ..\obj\Serials.o
                0x200001c8                helios_stop
                0x200001cc                TxMessageHELIOS
                0x20000294                RxMessageHELIOS
                0x200002a8                NVIC_InitStruct
                0x200002ac                DMA_InitStructure
                0x200002e8                cmd
                0x200002ec                . = ALIGN (0x4)
 *fill*         0x200002e9        0x3 00
                0x200002ec                _ebss = .

.co_stack       0x200002ec      0x804 load address 0x080036e0
                0x200002f0                . = ALIGN (0x8)
 *fill*         0x200002ec        0x4 00
 *(.co_stack .co_stack.*)
 .co_stack      0x200002f0      0x800 ..\obj\startup_stm32f4xx.o
                0x200002f0                pulStack
                0x20000af0                . = ALIGN (0x4)
                0x20000af0                _end = .
LOAD ..\obj\EPOS.o
LOAD ..\obj\Can.o
LOAD ..\obj\stm32f4xx_usart.o
LOAD ..\obj\stm32f4xx_can.o
LOAD ..\obj\startup_stm32f4xx.o
LOAD ..\obj\main.o
LOAD ..\obj\stm32f4xx_rcc.o
LOAD ..\obj\stm32f4xx_gpio.o
LOAD ..\obj\system_stm32f4xx.o
LOAD ..\obj\stm32f4xx_dma.o
LOAD ..\obj\misc.o
LOAD ..\obj\Serials.o
START GROUP
LOAD c:/program files (x86)/gnu tools arm embedded/4.7 2012q4/bin/../lib/gcc/arm-none-eabi/4.7.3/armv7e-m\libgcc.a
LOAD c:/program files (x86)/gnu tools arm embedded/4.7 2012q4/bin/../lib/gcc/arm-none-eabi/4.7.3/../../../../arm-none-eabi/lib/armv7e-m\libg.a
LOAD c:/program files (x86)/gnu tools arm embedded/4.7 2012q4/bin/../lib/gcc/arm-none-eabi/4.7.3/../../../../arm-none-eabi/lib/armv7e-m\libc.a
END GROUP
OUTPUT(Project.elf elf32-littlearm)

.debug_info     0x00000000     0x68a4
 .debug_info    0x00000000      0xf14 ..\obj\Can.o
 .debug_info    0x00000f14      0xa65 ..\obj\stm32f4xx_usart.o
 .debug_info    0x00001979      0xc74 ..\obj\stm32f4xx_can.o
 .debug_info    0x000025ed      0x103 ..\obj\startup_stm32f4xx.o
 .debug_info    0x000026f0      0x80b ..\obj\main.o
 .debug_info    0x00002efb      0xd49 ..\obj\stm32f4xx_rcc.o
 .debug_info    0x00003c44      0x640 ..\obj\stm32f4xx_gpio.o
 .debug_info    0x00004284      0x5f5 ..\obj\system_stm32f4xx.o
 .debug_info    0x00004879      0x7af ..\obj\stm32f4xx_dma.o
 .debug_info    0x00005028      0x592 ..\obj\misc.o
 .debug_info    0x000055ba     0x12ea ..\obj\Serials.o

.debug_abbrev   0x00000000     0x10b6
 .debug_abbrev  0x00000000      0x204 ..\obj\Can.o
 .debug_abbrev  0x00000204      0x157 ..\obj\stm32f4xx_usart.o
 .debug_abbrev  0x0000035b      0x1d7 ..\obj\stm32f4xx_can.o
 .debug_abbrev  0x00000532       0xb2 ..\obj\startup_stm32f4xx.o
 .debug_abbrev  0x000005e4      0x143 ..\obj\main.o
 .debug_abbrev  0x00000727      0x1e5 ..\obj\stm32f4xx_rcc.o
 .debug_abbrev  0x0000090c      0x1a5 ..\obj\stm32f4xx_gpio.o
 .debug_abbrev  0x00000ab1      0x138 ..\obj\system_stm32f4xx.o
 .debug_abbrev  0x00000be9      0x157 ..\obj\stm32f4xx_dma.o
 .debug_abbrev  0x00000d40      0x129 ..\obj\misc.o
 .debug_abbrev  0x00000e69      0x24d ..\obj\Serials.o

.debug_loc      0x00000000     0x244e
 .debug_loc     0x00000000      0x152 ..\obj\Can.o
 .debug_loc     0x00000152      0x658 ..\obj\stm32f4xx_usart.o
 .debug_loc     0x000007aa      0x578 ..\obj\stm32f4xx_can.o
 .debug_loc     0x00000d22       0x64 ..\obj\startup_stm32f4xx.o
 .debug_loc     0x00000d86       0x64 ..\obj\main.o
 .debug_loc     0x00000dea      0x97c ..\obj\stm32f4xx_rcc.o
 .debug_loc     0x00001766      0x310 ..\obj\stm32f4xx_gpio.o
 .debug_loc     0x00001a76       0x9c ..\obj\system_stm32f4xx.o
 .debug_loc     0x00001b12      0x428 ..\obj\stm32f4xx_dma.o
 .debug_loc     0x00001f3a      0x118 ..\obj\misc.o
 .debug_loc     0x00002052      0x3fc ..\obj\Serials.o

.debug_aranges  0x00000000      0x648
 .debug_aranges
                0x00000000       0x48 ..\obj\Can.o
 .debug_aranges
                0x00000048      0x100 ..\obj\stm32f4xx_usart.o
 .debug_aranges
                0x00000148       0xe0 ..\obj\stm32f4xx_can.o
 .debug_aranges
                0x00000228       0x28 ..\obj\startup_stm32f4xx.o
 .debug_aranges
                0x00000250       0x28 ..\obj\main.o
 .debug_aranges
                0x00000278      0x178 ..\obj\stm32f4xx_rcc.o
 .debug_aranges
                0x000003f0       0x88 ..\obj\stm32f4xx_gpio.o
 .debug_aranges
                0x00000478       0x30 ..\obj\system_stm32f4xx.o
 .debug_aranges
                0x000004a8       0xb0 ..\obj\stm32f4xx_dma.o
 .debug_aranges
                0x00000558       0x40 ..\obj\misc.o
 .debug_aranges
                0x00000598       0xb0 ..\obj\Serials.o

.debug_ranges   0x00000000      0x598
 .debug_ranges  0x00000000       0x38 ..\obj\Can.o
 .debug_ranges  0x00000038       0xf0 ..\obj\stm32f4xx_usart.o
 .debug_ranges  0x00000128       0xd0 ..\obj\stm32f4xx_can.o
 .debug_ranges  0x000001f8       0x18 ..\obj\startup_stm32f4xx.o
 .debug_ranges  0x00000210       0x18 ..\obj\main.o
 .debug_ranges  0x00000228      0x168 ..\obj\stm32f4xx_rcc.o
 .debug_ranges  0x00000390       0x78 ..\obj\stm32f4xx_gpio.o
 .debug_ranges  0x00000408       0x20 ..\obj\system_stm32f4xx.o
 .debug_ranges  0x00000428       0xa0 ..\obj\stm32f4xx_dma.o
 .debug_ranges  0x000004c8       0x30 ..\obj\misc.o
 .debug_ranges  0x000004f8       0xa0 ..\obj\Serials.o

.debug_line     0x00000000     0x2526
 .debug_line    0x00000000      0x2e6 ..\obj\Can.o
 .debug_line    0x000002e6      0x45f ..\obj\stm32f4xx_usart.o
 .debug_line    0x00000745      0x515 ..\obj\stm32f4xx_can.o
 .debug_line    0x00000c5a       0x9b ..\obj\startup_stm32f4xx.o
 .debug_line    0x00000cf5      0x1bb ..\obj\main.o
 .debug_line    0x00000eb0      0x556 ..\obj\stm32f4xx_rcc.o
 .debug_line    0x00001406      0x2fa ..\obj\stm32f4xx_gpio.o
 .debug_line    0x00001700      0x1b0 ..\obj\system_stm32f4xx.o
 .debug_line    0x000018b0      0x397 ..\obj\stm32f4xx_dma.o
 .debug_line    0x00001c47      0x200 ..\obj\misc.o
 .debug_line    0x00001e47      0x6df ..\obj\Serials.o

.debug_str      0x00000000     0x286f
 .debug_str     0x00000000      0xc82 ..\obj\Can.o
                                0xd1f (size before relaxing)
 .debug_str     0x00000c82      0x49d ..\obj\stm32f4xx_usart.o
                                0x62c (size before relaxing)
 .debug_str     0x0000111f      0x2eb ..\obj\stm32f4xx_can.o
                                0x6db (size before relaxing)
 .debug_str     0x0000140a       0xaa ..\obj\startup_stm32f4xx.o
                                0x10e (size before relaxing)
 .debug_str     0x000014b4      0x328 ..\obj\main.o
                                0x63f (size before relaxing)
 .debug_str     0x000017dc      0x5dd ..\obj\stm32f4xx_rcc.o
                                0x7ed (size before relaxing)
 .debug_str     0x00001db9      0x19d ..\obj\stm32f4xx_gpio.o
                                0x440 (size before relaxing)
 .debug_str     0x00001f56      0x112 ..\obj\system_stm32f4xx.o
                                0x347 (size before relaxing)
 .debug_str     0x00002068      0x369 ..\obj\stm32f4xx_dma.o
                                0x4e9 (size before relaxing)
 .debug_str     0x000023d1      0x15b ..\obj\misc.o
                                0x376 (size before relaxing)
 .debug_str     0x0000252c      0x343 ..\obj\Serials.o
                               0x10fb (size before relaxing)

.comment        0x00000000       0x70
 .comment       0x00000000       0x70 ..\obj\Can.o
                                 0x71 (size before relaxing)
 .comment       0x00000000       0x71 ..\obj\stm32f4xx_usart.o
 .comment       0x00000000       0x71 ..\obj\stm32f4xx_can.o
 .comment       0x00000000       0x71 ..\obj\startup_stm32f4xx.o
 .comment       0x00000000       0x71 ..\obj\main.o
 .comment       0x00000000       0x71 ..\obj\stm32f4xx_rcc.o
 .comment       0x00000000       0x71 ..\obj\stm32f4xx_gpio.o
 .comment       0x00000000       0x71 ..\obj\system_stm32f4xx.o
 .comment       0x00000000       0x71 ..\obj\stm32f4xx_dma.o
 .comment       0x00000000       0x71 ..\obj\misc.o
 .comment       0x00000000       0x71 ..\obj\Serials.o

.ARM.attributes
                0x00000000       0x33
 .ARM.attributes
                0x00000000       0x33 ..\obj\Can.o
 .ARM.attributes
                0x00000033       0x33 ..\obj\stm32f4xx_usart.o
 .ARM.attributes
                0x00000066       0x33 ..\obj\stm32f4xx_can.o
 .ARM.attributes
                0x00000099       0x33 ..\obj\startup_stm32f4xx.o
 .ARM.attributes
                0x000000cc       0x33 ..\obj\main.o
 .ARM.attributes
                0x000000ff       0x33 ..\obj\stm32f4xx_rcc.o
 .ARM.attributes
                0x00000132       0x33 ..\obj\stm32f4xx_gpio.o
 .ARM.attributes
                0x00000165       0x33 ..\obj\system_stm32f4xx.o
 .ARM.attributes
                0x00000198       0x33 ..\obj\stm32f4xx_dma.o
 .ARM.attributes
                0x000001cb       0x33 ..\obj\misc.o
 .ARM.attributes
                0x000001fe       0x33 ..\obj\Serials.o
 .ARM.attributes
                0x00000231       0x1e c:/program files (x86)/gnu tools arm embedded/4.7 2012q4/bin/../lib/gcc/arm-none-eabi/4.7.3/armv7e-m\libgcc.a(_arm_addsubdf3.o)
 .ARM.attributes
                0x0000024f       0x1e c:/program files (x86)/gnu tools arm embedded/4.7 2012q4/bin/../lib/gcc/arm-none-eabi/4.7.3/armv7e-m\libgcc.a(_arm_cmpdf2.o)
 .ARM.attributes
                0x0000026d       0x1e c:/program files (x86)/gnu tools arm embedded/4.7 2012q4/bin/../lib/gcc/arm-none-eabi/4.7.3/armv7e-m\libgcc.a(_arm_cmpsf2.o)

.debug_frame    0x00000000     0x136c
 .debug_frame   0x00000000       0xcc ..\obj\Can.o
 .debug_frame   0x000000cc      0x344 ..\obj\stm32f4xx_usart.o
 .debug_frame   0x00000410      0x2d4 ..\obj\stm32f4xx_can.o
 .debug_frame   0x000006e4       0x48 ..\obj\startup_stm32f4xx.o
 .debug_frame   0x0000072c       0x4c ..\obj\main.o
 .debug_frame   0x00000778      0x4d8 ..\obj\stm32f4xx_rcc.o
 .debug_frame   0x00000c50      0x19c ..\obj\stm32f4xx_gpio.o
 .debug_frame   0x00000dec       0x64 ..\obj\system_stm32f4xx.o
 .debug_frame   0x00000e50      0x224 ..\obj\stm32f4xx_dma.o
 .debug_frame   0x00001074       0x9c ..\obj\misc.o
 .debug_frame   0x00001110      0x25c ..\obj\Serials.o
