Archive member included because of file (symbol)

c:/program files (x86)/gnu tools arm embedded/4.7 2012q4/bin/../lib/gcc/arm-none-eabi/4.7.3/../../../../arm-none-eabi/lib/armv7e-m\libm.a(lib_a-sf_cos.o)
                              ..\obj\odometry.o (cosf)
c:/program files (x86)/gnu tools arm embedded/4.7 2012q4/bin/../lib/gcc/arm-none-eabi/4.7.3/../../../../arm-none-eabi/lib/armv7e-m\libm.a(lib_a-sf_sin.o)
                              ..\obj\odometry.o (sinf)
c:/program files (x86)/gnu tools arm embedded/4.7 2012q4/bin/../lib/gcc/arm-none-eabi/4.7.3/../../../../arm-none-eabi/lib/armv7e-m\libm.a(lib_a-sf_tan.o)
                              ..\obj\odometry.o (tanf)
c:/program files (x86)/gnu tools arm embedded/4.7 2012q4/bin/../lib/gcc/arm-none-eabi/4.7.3/../../../../arm-none-eabi/lib/armv7e-m\libm.a(lib_a-ef_rem_pio2.o)
                              c:/program files (x86)/gnu tools arm embedded/4.7 2012q4/bin/../lib/gcc/arm-none-eabi/4.7.3/../../../../arm-none-eabi/lib/armv7e-m\libm.a(lib_a-sf_cos.o) (__ieee754_rem_pio2f)
c:/program files (x86)/gnu tools arm embedded/4.7 2012q4/bin/../lib/gcc/arm-none-eabi/4.7.3/../../../../arm-none-eabi/lib/armv7e-m\libm.a(lib_a-kf_cos.o)
                              c:/program files (x86)/gnu tools arm embedded/4.7 2012q4/bin/../lib/gcc/arm-none-eabi/4.7.3/../../../../arm-none-eabi/lib/armv7e-m\libm.a(lib_a-sf_cos.o) (__kernel_cosf)
c:/program files (x86)/gnu tools arm embedded/4.7 2012q4/bin/../lib/gcc/arm-none-eabi/4.7.3/../../../../arm-none-eabi/lib/armv7e-m\libm.a(lib_a-kf_rem_pio2.o)
                              c:/program files (x86)/gnu tools arm embedded/4.7 2012q4/bin/../lib/gcc/arm-none-eabi/4.7.3/../../../../arm-none-eabi/lib/armv7e-m\libm.a(lib_a-ef_rem_pio2.o) (__kernel_rem_pio2f)
c:/program files (x86)/gnu tools arm embedded/4.7 2012q4/bin/../lib/gcc/arm-none-eabi/4.7.3/../../../../arm-none-eabi/lib/armv7e-m\libm.a(lib_a-kf_sin.o)
                              c:/program files (x86)/gnu tools arm embedded/4.7 2012q4/bin/../lib/gcc/arm-none-eabi/4.7.3/../../../../arm-none-eabi/lib/armv7e-m\libm.a(lib_a-sf_cos.o) (__kernel_sinf)
c:/program files (x86)/gnu tools arm embedded/4.7 2012q4/bin/../lib/gcc/arm-none-eabi/4.7.3/../../../../arm-none-eabi/lib/armv7e-m\libm.a(lib_a-kf_tan.o)
                              c:/program files (x86)/gnu tools arm embedded/4.7 2012q4/bin/../lib/gcc/arm-none-eabi/4.7.3/../../../../arm-none-eabi/lib/armv7e-m\libm.a(lib_a-sf_tan.o) (__kernel_tanf)
c:/program files (x86)/gnu tools arm embedded/4.7 2012q4/bin/../lib/gcc/arm-none-eabi/4.7.3/../../../../arm-none-eabi/lib/armv7e-m\libm.a(lib_a-sf_fabs.o)
                              c:/program files (x86)/gnu tools arm embedded/4.7 2012q4/bin/../lib/gcc/arm-none-eabi/4.7.3/../../../../arm-none-eabi/lib/armv7e-m\libm.a(lib_a-ef_rem_pio2.o) (fabsf)
c:/program files (x86)/gnu tools arm embedded/4.7 2012q4/bin/../lib/gcc/arm-none-eabi/4.7.3/../../../../arm-none-eabi/lib/armv7e-m\libm.a(lib_a-sf_floor.o)
                              c:/program files (x86)/gnu tools arm embedded/4.7 2012q4/bin/../lib/gcc/arm-none-eabi/4.7.3/../../../../arm-none-eabi/lib/armv7e-m\libm.a(lib_a-kf_rem_pio2.o) (floorf)
c:/program files (x86)/gnu tools arm embedded/4.7 2012q4/bin/../lib/gcc/arm-none-eabi/4.7.3/../../../../arm-none-eabi/lib/armv7e-m\libm.a(lib_a-sf_scalbn.o)
                              c:/program files (x86)/gnu tools arm embedded/4.7 2012q4/bin/../lib/gcc/arm-none-eabi/4.7.3/../../../../arm-none-eabi/lib/armv7e-m\libm.a(lib_a-kf_rem_pio2.o) (scalbnf)
c:/program files (x86)/gnu tools arm embedded/4.7 2012q4/bin/../lib/gcc/arm-none-eabi/4.7.3/../../../../arm-none-eabi/lib/armv7e-m\libm.a(lib_a-sf_copysign.o)
                              c:/program files (x86)/gnu tools arm embedded/4.7 2012q4/bin/../lib/gcc/arm-none-eabi/4.7.3/../../../../arm-none-eabi/lib/armv7e-m\libm.a(lib_a-sf_scalbn.o) (copysignf)
c:/program files (x86)/gnu tools arm embedded/4.7 2012q4/bin/../lib/gcc/arm-none-eabi/4.7.3/armv7e-m\libgcc.a(_arm_addsubdf3.o)
                              ..\obj\odometry.o (__aeabi_dsub)
c:/program files (x86)/gnu tools arm embedded/4.7 2012q4/bin/../lib/gcc/arm-none-eabi/4.7.3/armv7e-m\libgcc.a(_arm_muldivdf3.o)
                              ..\obj\odometry.o (__aeabi_dmul)
c:/program files (x86)/gnu tools arm embedded/4.7 2012q4/bin/../lib/gcc/arm-none-eabi/4.7.3/armv7e-m\libgcc.a(_arm_cmpdf2.o)
                              ..\obj\main.o (__aeabi_dcmplt)
c:/program files (x86)/gnu tools arm embedded/4.7 2012q4/bin/../lib/gcc/arm-none-eabi/4.7.3/armv7e-m\libgcc.a(_arm_truncdfsf2.o)
                              ..\obj\odometry.o (__aeabi_d2f)
c:/program files (x86)/gnu tools arm embedded/4.7 2012q4/bin/../lib/gcc/arm-none-eabi/4.7.3/armv7e-m\libgcc.a(_arm_addsubsf3.o)
                              ..\obj\odometry.o (__aeabi_fsub)
c:/program files (x86)/gnu tools arm embedded/4.7 2012q4/bin/../lib/gcc/arm-none-eabi/4.7.3/armv7e-m\libgcc.a(_arm_muldivsf3.o)
                              ..\obj\odometry.o (__aeabi_fmul)
c:/program files (x86)/gnu tools arm embedded/4.7 2012q4/bin/../lib/gcc/arm-none-eabi/4.7.3/armv7e-m\libgcc.a(_arm_cmpsf2.o)
                              c:/program files (x86)/gnu tools arm embedded/4.7 2012q4/bin/../lib/gcc/arm-none-eabi/4.7.3/../../../../arm-none-eabi/lib/armv7e-m\libm.a(lib_a-ef_rem_pio2.o) (__aeabi_fcmpeq)
c:/program files (x86)/gnu tools arm embedded/4.7 2012q4/bin/../lib/gcc/arm-none-eabi/4.7.3/armv7e-m\libgcc.a(_arm_fixsfsi.o)
                              ..\obj\main.o (__aeabi_f2iz)

Allocating common symbols
Common symbol       size              file

data_check_counter  0x4               ..\obj\main.o
Helios_val          0x30              ..\obj\main.o
Ballbot_stats       0x1               ..\obj\main.o
theta_z_tmp         0x4               ..\obj\main.o
helios_stop         0x4               ..\obj\main.o
RxMsg3              0x14              ..\obj\Can.o
p41                 0x4               ..\obj\main.o
thetaxk             0x4               ..\obj\main.o
thetayk             0x4               ..\obj\main.o
p22                 0x4               ..\obj\main.o
xold4_1             0x4               ..\obj\main.o
TxMessageHELIOS     0xc8              ..\obj\Serials.o
p24                 0x4               ..\obj\main.o
phixk               0x4               ..\obj\main.o
xold4_2             0x4               ..\obj\main.o
xold2_2             0x4               ..\obj\main.o
p31                 0x4               ..\obj\main.o
count_jump          0x4               ..\obj\main.o
old_phi_y_soll      0x4               ..\obj\main.o
old_phi_dot_y_soll  0x4               ..\obj\main.o
RxMessageHELIOS     0x14              ..\obj\Serials.o
xold1_3             0x4               ..\obj\main.o
phi_dot             0x28              ..\obj\main.o
old_phi_dot_y       0x4               ..\obj\main.o
timer_parking_up    0x4               ..\obj\main.o
xold1_1             0x4               ..\obj\main.o
Motor_current_real  0xc               ..\obj\main.o
led_value           0x1               ..\obj\main.o
p42                 0x4               ..\obj\main.o
timer_frequenzy     0x4               ..\obj\main.o
first_time          0x4               ..\obj\main.o
Sensor_val          0x78              ..\obj\main.o
p14                 0x4               ..\obj\main.o
p21                 0x4               ..\obj\main.o
Control_Mode        0x1               ..\obj\main.o
hull_position       0x1               ..\obj\main.o
old_theta_z_soll    0x4               ..\obj\main.o
p34                 0x4               ..\obj\main.o
old_phi_dot_z       0x4               ..\obj\main.o
esum                0x4               ..\obj\main.o
xold3_1             0x4               ..\obj\main.o
phiyk               0x4               ..\obj\main.o
old_phi_x_soll      0x4               ..\obj\main.o
p33                 0x4               ..\obj\main.o
p13                 0x4               ..\obj\main.o
old_phi_dot_x_soll  0x4               ..\obj\main.o
error_detection     0x1               ..\obj\main.o
phidxk              0x4               ..\obj\main.o
temp_count          0x4               ..\obj\main.o
p12                 0x4               ..\obj\main.o
Read_EPOS           0x1               ..\obj\main.o
NVIC_InitStruct     0x4               ..\obj\Serials.o
mode_frequenzy      0x1               ..\obj\main.o
timer_parking_down  0x4               ..\obj\main.o
p11                 0x4               ..\obj\main.o
xold2_3             0x4               ..\obj\main.o
Motor_torque_xyz    0xc               ..\obj\main.o
xold3_3             0x4               ..\obj\main.o
p44                 0x4               ..\obj\main.o
change_way          0x1               ..\obj\main.o
old_phi_dot_x       0x4               ..\obj\main.o
DMA_InitStructure   0x3c              ..\obj\Serials.o
p32                 0x4               ..\obj\main.o
old_pos_x_dot       0x4               ..\obj\main.o
xold1_2             0x4               ..\obj\main.o
xold3_2             0x4               ..\obj\main.o
p43                 0x4               ..\obj\main.o
old_pos_y_dot       0x4               ..\obj\main.o
offset_z            0x4               ..\obj\main.o
available_data      0xc               ..\obj\main.o
EPOS_sent_data      0xc               ..\obj\main.o
p23                 0x4               ..\obj\main.o
xold2_1             0x4               ..\obj\main.o
ealt                0x4               ..\obj\main.o
phidyk              0x4               ..\obj\main.o
cmd                 0x1               ..\obj\Serials.o
xold4_3             0x4               ..\obj\main.o

Discarded input sections

 .text          0x00000000        0x0 ..\obj\EPOS.o
 .data          0x00000000        0x0 ..\obj\EPOS.o
 .bss           0x00000000        0x0 ..\obj\EPOS.o
 .text.Set_Operational_NMT_State
                0x00000000       0x3c ..\obj\EPOS.o
 .text.Set_Pre_Operational_NMT_State
                0x00000000       0x3c ..\obj\EPOS.o
 .text.EPOS_reset_communicaton
                0x00000000       0x3c ..\obj\EPOS.o
 .text.EPOS_set_operation_mode
                0x00000000       0x64 ..\obj\EPOS.o
 .text.EPOS_fault_reset
                0x00000000       0xb0 ..\obj\EPOS.o
 .text.EPOS_disable
                0x00000000       0x60 ..\obj\EPOS.o
 .text.EPOS_enable
                0x00000000       0x60 ..\obj\EPOS.o
 .text.EPOS_init
                0x00000000       0xfc ..\obj\EPOS.o
 .text.EPOS_stop
                0x00000000       0x60 ..\obj\EPOS.o
 .text._delay_ms
                0x00000000       0x30 ..\obj\EPOS.o
 .text._delay_us
                0x00000000       0x2c ..\obj\EPOS.o
 .text.EPOS_set_speed_SDO
                0x00000000       0x78 ..\obj\EPOS.o
 .text.EPOS_set_current_SDO
                0x00000000       0x64 ..\obj\EPOS.o
 .text.EPOS_set_position_SDO
                0x00000000       0x78 ..\obj\EPOS.o
 .text.EPOS_set_current_PDO
                0x00000000       0x48 ..\obj\EPOS.o
 .text.EPOS_set_velocity_PDO
                0x00000000       0x7c ..\obj\EPOS.o
 .text.EPOS_set_position_PDO
                0x00000000       0x64 ..\obj\EPOS.o
 .text.EPOS_get_position_SDO
                0x00000000       0x58 ..\obj\EPOS.o
 .text.EPOS_get_velocity_SDO
                0x00000000       0x58 ..\obj\EPOS.o
 .text.EPOS_get_current_SDO
                0x00000000       0x58 ..\obj\EPOS.o
 .text.EPOS_Reset_Home_Position
                0x00000000       0x60 ..\obj\EPOS.o
 .debug_info    0x00000000      0x5c4 ..\obj\EPOS.o
 .debug_abbrev  0x00000000       0xfa ..\obj\EPOS.o
 .debug_loc     0x00000000      0x498 ..\obj\EPOS.o
 .debug_aranges
                0x00000000       0xc0 ..\obj\EPOS.o
 .debug_ranges  0x00000000       0xb0 ..\obj\EPOS.o
 .debug_line    0x00000000      0x345 ..\obj\EPOS.o
 .debug_str     0x00000000      0x2c7 ..\obj\EPOS.o
 .comment       0x00000000       0x71 ..\obj\EPOS.o
 .ARM.attributes
                0x00000000       0x33 ..\obj\EPOS.o
 .debug_frame   0x00000000      0x2a8 ..\obj\EPOS.o
 .text          0x00000000        0x0 ..\obj\Can.o
 .data          0x00000000        0x0 ..\obj\Can.o
 .bss           0x00000000        0x0 ..\obj\Can.o
 .text.can_set_send_PDO_mb
                0x00000000       0x3c ..\obj\Can.o
 .text.can_send_PDO
                0x00000000       0x50 ..\obj\Can.o
 .text.can_send_SDO
                0x00000000       0xb8 ..\obj\Can.o
 .text          0x00000000        0x0 ..\obj\stm32f4xx_usart.o
 .data          0x00000000        0x0 ..\obj\stm32f4xx_usart.o
 .bss           0x00000000        0x0 ..\obj\stm32f4xx_usart.o
 .text.USART_DeInit
                0x00000000      0x100 ..\obj\stm32f4xx_usart.o
 .text.USART_StructInit
                0x00000000       0x44 ..\obj\stm32f4xx_usart.o
 .text.USART_ClockInit
                0x00000000       0x54 ..\obj\stm32f4xx_usart.o
 .text.USART_ClockStructInit
                0x00000000       0x34 ..\obj\stm32f4xx_usart.o
 .text.USART_SetPrescaler
                0x00000000       0x38 ..\obj\stm32f4xx_usart.o
 .text.USART_OverSampling8Cmd
                0x00000000       0x48 ..\obj\stm32f4xx_usart.o
 .text.USART_OneBitMethodCmd
                0x00000000       0x40 ..\obj\stm32f4xx_usart.o
 .text.USART_SendData
                0x00000000       0x28 ..\obj\stm32f4xx_usart.o
 .text.USART_ReceiveData
                0x00000000       0x24 ..\obj\stm32f4xx_usart.o
 .text.USART_SetAddress
                0x00000000       0x38 ..\obj\stm32f4xx_usart.o
 .text.USART_ReceiverWakeUpCmd
                0x00000000       0x40 ..\obj\stm32f4xx_usart.o
 .text.USART_WakeUpConfig
                0x00000000       0x38 ..\obj\stm32f4xx_usart.o
 .text.USART_LINBreakDetectLengthConfig
                0x00000000       0x38 ..\obj\stm32f4xx_usart.o
 .text.USART_LINCmd
                0x00000000       0x40 ..\obj\stm32f4xx_usart.o
 .text.USART_SendBreak
                0x00000000       0x24 ..\obj\stm32f4xx_usart.o
 .text.USART_HalfDuplexCmd
                0x00000000       0x40 ..\obj\stm32f4xx_usart.o
 .text.USART_SetGuardTime
                0x00000000       0x3c ..\obj\stm32f4xx_usart.o
 .text.USART_SmartCardCmd
                0x00000000       0x40 ..\obj\stm32f4xx_usart.o
 .text.USART_SmartCardNACKCmd
                0x00000000       0x40 ..\obj\stm32f4xx_usart.o
 .text.USART_IrDAConfig
                0x00000000       0x38 ..\obj\stm32f4xx_usart.o
 .text.USART_IrDACmd
                0x00000000       0x40 ..\obj\stm32f4xx_usart.o
 .text.USART_ITConfig
                0x00000000       0xa4 ..\obj\stm32f4xx_usart.o
 .text.USART_GetFlagStatus
                0x00000000       0x40 ..\obj\stm32f4xx_usart.o
 .text.USART_ClearFlag
                0x00000000       0x24 ..\obj\stm32f4xx_usart.o
 .text.USART_GetITStatus
                0x00000000       0xc4 ..\obj\stm32f4xx_usart.o
 .text          0x00000000        0x0 ..\obj\stm32f4xx_can.o
 .data          0x00000000        0x0 ..\obj\stm32f4xx_can.o
 .bss           0x00000000        0x0 ..\obj\stm32f4xx_can.o
 .text.CAN_DeInit
                0x00000000       0x50 ..\obj\stm32f4xx_can.o
 .text.CAN_StructInit
                0x00000000       0x6c ..\obj\stm32f4xx_can.o
 .text.CAN_SlaveStartBank
                0x00000000       0x8c ..\obj\stm32f4xx_can.o
 .text.CAN_DBGFreeze
                0x00000000       0x38 ..\obj\stm32f4xx_can.o
 .text.CAN_TTComModeCmd
                0x00000000       0x98 ..\obj\stm32f4xx_can.o
 .text.CAN_Transmit
                0x00000000      0x1dc ..\obj\stm32f4xx_can.o
 .text.CAN_TransmitStatus
                0x00000000      0x10c ..\obj\stm32f4xx_can.o
 .text.CAN_CancelTransmit
                0x00000000       0x50 ..\obj\stm32f4xx_can.o
 .text.CAN_FIFORelease
                0x00000000       0x38 ..\obj\stm32f4xx_can.o
 .text.CAN_MessagePending
                0x00000000       0x50 ..\obj\stm32f4xx_can.o
 .text.CAN_OperatingModeRequest
                0x00000000      0x114 ..\obj\stm32f4xx_can.o
 .text.CAN_Sleep
                0x00000000       0x40 ..\obj\stm32f4xx_can.o
 .text.CAN_WakeUp
                0x00000000       0x5c ..\obj\stm32f4xx_can.o
 .text.CAN_GetReceiveErrorCounter
                0x00000000       0x28 ..\obj\stm32f4xx_can.o
 .text.CAN_GetLSBTransmitErrorCounter
                0x00000000       0x2c ..\obj\stm32f4xx_can.o
 .text.CAN_GetITStatus
                0x00000000      0x1b8 ..\obj\stm32f4xx_can.o
 .text.CAN_ClearITPendingBit
                0x00000000       0xfc ..\obj\stm32f4xx_can.o
 .text.CheckITStatus
                0x00000000       0x38 ..\obj\stm32f4xx_can.o
 .text          0x00000000        0x0 ..\obj\startup_stm32f4xx.o
 .data          0x00000000        0x0 ..\obj\startup_stm32f4xx.o
 .bss           0x00000000        0x0 ..\obj\startup_stm32f4xx.o
 .text          0x00000000        0x0 ..\obj\main.o
 .text.Safety_first
                0x00000000      0x110 ..\obj\main.o
 .text.init_controller
                0x00000000      0x598 ..\obj\main.o
 .text.stop_controller
                0x00000000       0x94 ..\obj\main.o
 .text          0x00000000        0x0 ..\obj\stm32f4xx_rcc.o
 .bss           0x00000000        0x0 ..\obj\stm32f4xx_rcc.o
 .text.RCC_DeInit
                0x00000000       0x84 ..\obj\stm32f4xx_rcc.o
 .text.RCC_HSEConfig
                0x00000000       0x30 ..\obj\stm32f4xx_rcc.o
 .text.RCC_WaitForHSEStartUp
                0x00000000       0x64 ..\obj\stm32f4xx_rcc.o
 .text.RCC_AdjustHSICalibrationValue
                0x00000000       0x48 ..\obj\stm32f4xx_rcc.o
 .text.RCC_HSICmd
                0x00000000       0x20 ..\obj\stm32f4xx_rcc.o
 .text.RCC_LSEConfig
                0x00000000       0x60 ..\obj\stm32f4xx_rcc.o
 .text.RCC_LSICmd
                0x00000000       0x20 ..\obj\stm32f4xx_rcc.o
 .text.RCC_PLLConfig
                0x00000000       0x48 ..\obj\stm32f4xx_rcc.o
 .text.RCC_PLLCmd
                0x00000000       0x20 ..\obj\stm32f4xx_rcc.o
 .text.RCC_PLLI2SConfig
                0x00000000       0x30 ..\obj\stm32f4xx_rcc.o
 .text.RCC_PLLI2SCmd
                0x00000000       0x20 ..\obj\stm32f4xx_rcc.o
 .text.RCC_ClockSecuritySystemCmd
                0x00000000       0x20 ..\obj\stm32f4xx_rcc.o
 .text.RCC_MCO1Config
                0x00000000       0x48 ..\obj\stm32f4xx_rcc.o
 .text.RCC_MCO2Config
                0x00000000       0x48 ..\obj\stm32f4xx_rcc.o
 .text.RCC_SYSCLKConfig
                0x00000000       0x40 ..\obj\stm32f4xx_rcc.o
 .text.RCC_HCLKConfig
                0x00000000       0x40 ..\obj\stm32f4xx_rcc.o
 .text.RCC_PCLK1Config
                0x00000000       0x40 ..\obj\stm32f4xx_rcc.o
 .text.RCC_PCLK2Config
                0x00000000       0x44 ..\obj\stm32f4xx_rcc.o
 .text.RCC_RTCCLKConfig
                0x00000000       0x74 ..\obj\stm32f4xx_rcc.o
 .text.RCC_RTCCLKCmd
                0x00000000       0x20 ..\obj\stm32f4xx_rcc.o
 .text.RCC_BackupResetCmd
                0x00000000       0x20 ..\obj\stm32f4xx_rcc.o
 .text.RCC_I2SCLKConfig
                0x00000000       0x20 ..\obj\stm32f4xx_rcc.o
 .text.RCC_AHB2PeriphClockCmd
                0x00000000       0x54 ..\obj\stm32f4xx_rcc.o
 .text.RCC_AHB3PeriphClockCmd
                0x00000000       0x54 ..\obj\stm32f4xx_rcc.o
 .text.RCC_AHB1PeriphResetCmd
                0x00000000       0x54 ..\obj\stm32f4xx_rcc.o
 .text.RCC_AHB2PeriphResetCmd
                0x00000000       0x54 ..\obj\stm32f4xx_rcc.o
 .text.RCC_AHB3PeriphResetCmd
                0x00000000       0x54 ..\obj\stm32f4xx_rcc.o
 .text.RCC_APB1PeriphResetCmd
                0x00000000       0x54 ..\obj\stm32f4xx_rcc.o
 .text.RCC_APB2PeriphResetCmd
                0x00000000       0x54 ..\obj\stm32f4xx_rcc.o
 .text.RCC_AHB1PeriphClockLPModeCmd
                0x00000000       0x54 ..\obj\stm32f4xx_rcc.o
 .text.RCC_AHB2PeriphClockLPModeCmd
                0x00000000       0x54 ..\obj\stm32f4xx_rcc.o
 .text.RCC_AHB3PeriphClockLPModeCmd
                0x00000000       0x54 ..\obj\stm32f4xx_rcc.o
 .text.RCC_APB1PeriphClockLPModeCmd
                0x00000000       0x54 ..\obj\stm32f4xx_rcc.o
 .text.RCC_APB2PeriphClockLPModeCmd
                0x00000000       0x54 ..\obj\stm32f4xx_rcc.o
 .text.RCC_ITConfig
                0x00000000       0x60 ..\obj\stm32f4xx_rcc.o
 .text.RCC_GetFlagStatus
                0x00000000       0x90 ..\obj\stm32f4xx_rcc.o
 .text.RCC_ClearFlag
                0x00000000       0x24 ..\obj\stm32f4xx_rcc.o
 .text.RCC_GetITStatus
                0x00000000       0x40 ..\obj\stm32f4xx_rcc.o
 .text.RCC_ClearITPendingBit
                0x00000000       0x20 ..\obj\stm32f4xx_rcc.o
 .text          0x00000000        0x0 ..\obj\odometry.o
 .data          0x00000000        0x0 ..\obj\odometry.o
 .bss           0x00000000        0x0 ..\obj\odometry.o
 .text          0x00000000        0x0 ..\obj\stm32f4xx_gpio.o
 .data          0x00000000        0x0 ..\obj\stm32f4xx_gpio.o
 .bss           0x00000000        0x0 ..\obj\stm32f4xx_gpio.o
 .text.GPIO_DeInit
                0x00000000      0x178 ..\obj\stm32f4xx_gpio.o
 .text.GPIO_PinLockConfig
                0x00000000       0x44 ..\obj\stm32f4xx_gpio.o
 .text.GPIO_ReadInputDataBit
                0x00000000       0x3c ..\obj\stm32f4xx_gpio.o
 .text.GPIO_ReadInputData
                0x00000000       0x1c ..\obj\stm32f4xx_gpio.o
 .text.GPIO_ReadOutputDataBit
                0x00000000       0x3c ..\obj\stm32f4xx_gpio.o
 .text.GPIO_ReadOutputData
                0x00000000       0x1c ..\obj\stm32f4xx_gpio.o
 .text.GPIO_WriteBit
                0x00000000       0x30 ..\obj\stm32f4xx_gpio.o
 .text.GPIO_Write
                0x00000000       0x1c ..\obj\stm32f4xx_gpio.o
 .text          0x00000000        0x0 ..\obj\system_stm32f4xx.o
 .data          0x00000000       0x14 ..\obj\system_stm32f4xx.o
 .bss           0x00000000        0x0 ..\obj\system_stm32f4xx.o
 .text.SystemCoreClockUpdate
                0x00000000      0x170 ..\obj\system_stm32f4xx.o
 .text          0x00000000        0x0 ..\obj\stm32f4xx_dma.o
 .data          0x00000000        0x0 ..\obj\stm32f4xx_dma.o
 .bss           0x00000000        0x0 ..\obj\stm32f4xx_dma.o
 .text.DMA_DeInit
                0x00000000      0x244 ..\obj\stm32f4xx_dma.o
 .text.DMA_StructInit
                0x00000000       0x8c ..\obj\stm32f4xx_dma.o
 .text.DMA_PeriphIncOffsetSizeConfig
                0x00000000       0x34 ..\obj\stm32f4xx_dma.o
 .text.DMA_FlowControllerConfig
                0x00000000       0x34 ..\obj\stm32f4xx_dma.o
 .text.DMA_GetCurrDataCounter
                0x00000000       0x1c ..\obj\stm32f4xx_dma.o
 .text.DMA_DoubleBufferModeConfig
                0x00000000       0x3c ..\obj\stm32f4xx_dma.o
 .text.DMA_DoubleBufferModeCmd
                0x00000000       0x38 ..\obj\stm32f4xx_dma.o
 .text.DMA_MemoryTargetConfig
                0x00000000       0x2c ..\obj\stm32f4xx_dma.o
 .text.DMA_GetCurrentMemoryTarget
                0x00000000       0x38 ..\obj\stm32f4xx_dma.o
 .text.DMA_GetFIFOStatus
                0x00000000       0x28 ..\obj\stm32f4xx_dma.o
 .text.DMA_GetFlagStatus
                0x00000000       0x84 ..\obj\stm32f4xx_dma.o
 .text.DMA_GetITStatus
                0x00000000       0xc0 ..\obj\stm32f4xx_dma.o
 .text          0x00000000        0x0 ..\obj\misc.o
 .data          0x00000000        0x0 ..\obj\misc.o
 .bss           0x00000000        0x0 ..\obj\misc.o
 .text.NVIC_PriorityGroupConfig
                0x00000000       0x28 ..\obj\misc.o
 .text.NVIC_SetVectorTable
                0x00000000       0x2c ..\obj\misc.o
 .text.NVIC_SystemLPConfig
                0x00000000       0x54 ..\obj\misc.o
 .text.SysTick_CLKSourceConfig
                0x00000000       0x4c ..\obj\misc.o
 .text          0x00000000        0x0 ..\obj\Serials.o
 .data          0x00000000        0x0 ..\obj\Serials.o
 .text.Stop_Continious_Mode
                0x00000000       0x50 ..\obj\Serials.o
 .text.Start_Continious_Mode_PC
                0x00000000       0x18 ..\obj\Serials.o
 .text          0x00000000        0x0 c:/program files (x86)/gnu tools arm embedded/4.7 2012q4/bin/../lib/gcc/arm-none-eabi/4.7.3/../../../../arm-none-eabi/lib/armv7e-m\libm.a(lib_a-sf_cos.o)
 .data          0x00000000        0x0 c:/program files (x86)/gnu tools arm embedded/4.7 2012q4/bin/../lib/gcc/arm-none-eabi/4.7.3/../../../../arm-none-eabi/lib/armv7e-m\libm.a(lib_a-sf_cos.o)
 .bss           0x00000000        0x0 c:/program files (x86)/gnu tools arm embedded/4.7 2012q4/bin/../lib/gcc/arm-none-eabi/4.7.3/../../../../arm-none-eabi/lib/armv7e-m\libm.a(lib_a-sf_cos.o)
 .text          0x00000000        0x0 c:/program files (x86)/gnu tools arm embedded/4.7 2012q4/bin/../lib/gcc/arm-none-eabi/4.7.3/../../../../arm-none-eabi/lib/armv7e-m\libm.a(lib_a-sf_sin.o)
 .data          0x00000000        0x0 c:/program files (x86)/gnu tools arm embedded/4.7 2012q4/bin/../lib/gcc/arm-none-eabi/4.7.3/../../../../arm-none-eabi/lib/armv7e-m\libm.a(lib_a-sf_sin.o)
 .bss           0x00000000        0x0 c:/program files (x86)/gnu tools arm embedded/4.7 2012q4/bin/../lib/gcc/arm-none-eabi/4.7.3/../../../../arm-none-eabi/lib/armv7e-m\libm.a(lib_a-sf_sin.o)
 .text          0x00000000        0x0 c:/program files (x86)/gnu tools arm embedded/4.7 2012q4/bin/../lib/gcc/arm-none-eabi/4.7.3/../../../../arm-none-eabi/lib/armv7e-m\libm.a(lib_a-sf_tan.o)
 .data          0x00000000        0x0 c:/program files (x86)/gnu tools arm embedded/4.7 2012q4/bin/../lib/gcc/arm-none-eabi/4.7.3/../../../../arm-none-eabi/lib/armv7e-m\libm.a(lib_a-sf_tan.o)
 .bss           0x00000000        0x0 c:/program files (x86)/gnu tools arm embedded/4.7 2012q4/bin/../lib/gcc/arm-none-eabi/4.7.3/../../../../arm-none-eabi/lib/armv7e-m\libm.a(lib_a-sf_tan.o)
 .text          0x00000000        0x0 c:/program files (x86)/gnu tools arm embedded/4.7 2012q4/bin/../lib/gcc/arm-none-eabi/4.7.3/../../../../arm-none-eabi/lib/armv7e-m\libm.a(lib_a-ef_rem_pio2.o)
 .data          0x00000000        0x0 c:/program files (x86)/gnu tools arm embedded/4.7 2012q4/bin/../lib/gcc/arm-none-eabi/4.7.3/../../../../arm-none-eabi/lib/armv7e-m\libm.a(lib_a-ef_rem_pio2.o)
 .bss           0x00000000        0x0 c:/program files (x86)/gnu tools arm embedded/4.7 2012q4/bin/../lib/gcc/arm-none-eabi/4.7.3/../../../../arm-none-eabi/lib/armv7e-m\libm.a(lib_a-ef_rem_pio2.o)
 .text          0x00000000        0x0 c:/program files (x86)/gnu tools arm embedded/4.7 2012q4/bin/../lib/gcc/arm-none-eabi/4.7.3/../../../../arm-none-eabi/lib/armv7e-m\libm.a(lib_a-kf_cos.o)
 .data          0x00000000        0x0 c:/program files (x86)/gnu tools arm embedded/4.7 2012q4/bin/../lib/gcc/arm-none-eabi/4.7.3/../../../../arm-none-eabi/lib/armv7e-m\libm.a(lib_a-kf_cos.o)
 .bss           0x00000000        0x0 c:/program files (x86)/gnu tools arm embedded/4.7 2012q4/bin/../lib/gcc/arm-none-eabi/4.7.3/../../../../arm-none-eabi/lib/armv7e-m\libm.a(lib_a-kf_cos.o)
 .text          0x00000000        0x0 c:/program files (x86)/gnu tools arm embedded/4.7 2012q4/bin/../lib/gcc/arm-none-eabi/4.7.3/../../../../arm-none-eabi/lib/armv7e-m\libm.a(lib_a-kf_rem_pio2.o)
 .data          0x00000000        0x0 c:/program files (x86)/gnu tools arm embedded/4.7 2012q4/bin/../lib/gcc/arm-none-eabi/4.7.3/../../../../arm-none-eabi/lib/armv7e-m\libm.a(lib_a-kf_rem_pio2.o)
 .bss           0x00000000        0x0 c:/program files (x86)/gnu tools arm embedded/4.7 2012q4/bin/../lib/gcc/arm-none-eabi/4.7.3/../../../../arm-none-eabi/lib/armv7e-m\libm.a(lib_a-kf_rem_pio2.o)
 .text          0x00000000        0x0 c:/program files (x86)/gnu tools arm embedded/4.7 2012q4/bin/../lib/gcc/arm-none-eabi/4.7.3/../../../../arm-none-eabi/lib/armv7e-m\libm.a(lib_a-kf_sin.o)
 .data          0x00000000        0x0 c:/program files (x86)/gnu tools arm embedded/4.7 2012q4/bin/../lib/gcc/arm-none-eabi/4.7.3/../../../../arm-none-eabi/lib/armv7e-m\libm.a(lib_a-kf_sin.o)
 .bss           0x00000000        0x0 c:/program files (x86)/gnu tools arm embedded/4.7 2012q4/bin/../lib/gcc/arm-none-eabi/4.7.3/../../../../arm-none-eabi/lib/armv7e-m\libm.a(lib_a-kf_sin.o)
 .text          0x00000000        0x0 c:/program files (x86)/gnu tools arm embedded/4.7 2012q4/bin/../lib/gcc/arm-none-eabi/4.7.3/../../../../arm-none-eabi/lib/armv7e-m\libm.a(lib_a-kf_tan.o)
 .data          0x00000000        0x0 c:/program files (x86)/gnu tools arm embedded/4.7 2012q4/bin/../lib/gcc/arm-none-eabi/4.7.3/../../../../arm-none-eabi/lib/armv7e-m\libm.a(lib_a-kf_tan.o)
 .bss           0x00000000        0x0 c:/program files (x86)/gnu tools arm embedded/4.7 2012q4/bin/../lib/gcc/arm-none-eabi/4.7.3/../../../../arm-none-eabi/lib/armv7e-m\libm.a(lib_a-kf_tan.o)
 .text          0x00000000        0x0 c:/program files (x86)/gnu tools arm embedded/4.7 2012q4/bin/../lib/gcc/arm-none-eabi/4.7.3/../../../../arm-none-eabi/lib/armv7e-m\libm.a(lib_a-sf_fabs.o)
 .data          0x00000000        0x0 c:/program files (x86)/gnu tools arm embedded/4.7 2012q4/bin/../lib/gcc/arm-none-eabi/4.7.3/../../../../arm-none-eabi/lib/armv7e-m\libm.a(lib_a-sf_fabs.o)
 .bss           0x00000000        0x0 c:/program files (x86)/gnu tools arm embedded/4.7 2012q4/bin/../lib/gcc/arm-none-eabi/4.7.3/../../../../arm-none-eabi/lib/armv7e-m\libm.a(lib_a-sf_fabs.o)
 .text          0x00000000        0x0 c:/program files (x86)/gnu tools arm embedded/4.7 2012q4/bin/../lib/gcc/arm-none-eabi/4.7.3/../../../../arm-none-eabi/lib/armv7e-m\libm.a(lib_a-sf_floor.o)
 .data          0x00000000        0x0 c:/program files (x86)/gnu tools arm embedded/4.7 2012q4/bin/../lib/gcc/arm-none-eabi/4.7.3/../../../../arm-none-eabi/lib/armv7e-m\libm.a(lib_a-sf_floor.o)
 .bss           0x00000000        0x0 c:/program files (x86)/gnu tools arm embedded/4.7 2012q4/bin/../lib/gcc/arm-none-eabi/4.7.3/../../../../arm-none-eabi/lib/armv7e-m\libm.a(lib_a-sf_floor.o)
 .text          0x00000000        0x0 c:/program files (x86)/gnu tools arm embedded/4.7 2012q4/bin/../lib/gcc/arm-none-eabi/4.7.3/../../../../arm-none-eabi/lib/armv7e-m\libm.a(lib_a-sf_scalbn.o)
 .data          0x00000000        0x0 c:/program files (x86)/gnu tools arm embedded/4.7 2012q4/bin/../lib/gcc/arm-none-eabi/4.7.3/../../../../arm-none-eabi/lib/armv7e-m\libm.a(lib_a-sf_scalbn.o)
 .bss           0x00000000        0x0 c:/program files (x86)/gnu tools arm embedded/4.7 2012q4/bin/../lib/gcc/arm-none-eabi/4.7.3/../../../../arm-none-eabi/lib/armv7e-m\libm.a(lib_a-sf_scalbn.o)
 .text          0x00000000        0x0 c:/program files (x86)/gnu tools arm embedded/4.7 2012q4/bin/../lib/gcc/arm-none-eabi/4.7.3/../../../../arm-none-eabi/lib/armv7e-m\libm.a(lib_a-sf_copysign.o)
 .data          0x00000000        0x0 c:/program files (x86)/gnu tools arm embedded/4.7 2012q4/bin/../lib/gcc/arm-none-eabi/4.7.3/../../../../arm-none-eabi/lib/armv7e-m\libm.a(lib_a-sf_copysign.o)
 .bss           0x00000000        0x0 c:/program files (x86)/gnu tools arm embedded/4.7 2012q4/bin/../lib/gcc/arm-none-eabi/4.7.3/../../../../arm-none-eabi/lib/armv7e-m\libm.a(lib_a-sf_copysign.o)
 .data          0x00000000        0x0 c:/program files (x86)/gnu tools arm embedded/4.7 2012q4/bin/../lib/gcc/arm-none-eabi/4.7.3/armv7e-m\libgcc.a(_arm_addsubdf3.o)
 .bss           0x00000000        0x0 c:/program files (x86)/gnu tools arm embedded/4.7 2012q4/bin/../lib/gcc/arm-none-eabi/4.7.3/armv7e-m\libgcc.a(_arm_addsubdf3.o)
 .data          0x00000000        0x0 c:/program files (x86)/gnu tools arm embedded/4.7 2012q4/bin/../lib/gcc/arm-none-eabi/4.7.3/armv7e-m\libgcc.a(_arm_muldivdf3.o)
 .bss           0x00000000        0x0 c:/program files (x86)/gnu tools arm embedded/4.7 2012q4/bin/../lib/gcc/arm-none-eabi/4.7.3/armv7e-m\libgcc.a(_arm_muldivdf3.o)
 .data          0x00000000        0x0 c:/program files (x86)/gnu tools arm embedded/4.7 2012q4/bin/../lib/gcc/arm-none-eabi/4.7.3/armv7e-m\libgcc.a(_arm_cmpdf2.o)
 .bss           0x00000000        0x0 c:/program files (x86)/gnu tools arm embedded/4.7 2012q4/bin/../lib/gcc/arm-none-eabi/4.7.3/armv7e-m\libgcc.a(_arm_cmpdf2.o)
 .data          0x00000000        0x0 c:/program files (x86)/gnu tools arm embedded/4.7 2012q4/bin/../lib/gcc/arm-none-eabi/4.7.3/armv7e-m\libgcc.a(_arm_truncdfsf2.o)
 .bss           0x00000000        0x0 c:/program files (x86)/gnu tools arm embedded/4.7 2012q4/bin/../lib/gcc/arm-none-eabi/4.7.3/armv7e-m\libgcc.a(_arm_truncdfsf2.o)
 .data          0x00000000        0x0 c:/program files (x86)/gnu tools arm embedded/4.7 2012q4/bin/../lib/gcc/arm-none-eabi/4.7.3/armv7e-m\libgcc.a(_arm_addsubsf3.o)
 .bss           0x00000000        0x0 c:/program files (x86)/gnu tools arm embedded/4.7 2012q4/bin/../lib/gcc/arm-none-eabi/4.7.3/armv7e-m\libgcc.a(_arm_addsubsf3.o)
 .data          0x00000000        0x0 c:/program files (x86)/gnu tools arm embedded/4.7 2012q4/bin/../lib/gcc/arm-none-eabi/4.7.3/armv7e-m\libgcc.a(_arm_muldivsf3.o)
 .bss           0x00000000        0x0 c:/program files (x86)/gnu tools arm embedded/4.7 2012q4/bin/../lib/gcc/arm-none-eabi/4.7.3/armv7e-m\libgcc.a(_arm_muldivsf3.o)
 .data          0x00000000        0x0 c:/program files (x86)/gnu tools arm embedded/4.7 2012q4/bin/../lib/gcc/arm-none-eabi/4.7.3/armv7e-m\libgcc.a(_arm_cmpsf2.o)
 .bss           0x00000000        0x0 c:/program files (x86)/gnu tools arm embedded/4.7 2012q4/bin/../lib/gcc/arm-none-eabi/4.7.3/armv7e-m\libgcc.a(_arm_cmpsf2.o)
 .data          0x00000000        0x0 c:/program files (x86)/gnu tools arm embedded/4.7 2012q4/bin/../lib/gcc/arm-none-eabi/4.7.3/armv7e-m\libgcc.a(_arm_fixsfsi.o)
 .bss           0x00000000        0x0 c:/program files (x86)/gnu tools arm embedded/4.7 2012q4/bin/../lib/gcc/arm-none-eabi/4.7.3/armv7e-m\libgcc.a(_arm_fixsfsi.o)

Memory Configuration

Name             Origin             Length             Attributes
rom              0x08000000         0x00100000         xr
ram              0x20000000         0x00020000         xrw
ram1             0x10000000         0x00010000         xrw
*default*        0x00000000         0xffffffff

Linker script and memory map

                0x20020000                _eram = 0x20020000

.text           0x08000000     0x7838
 *(.isr_vector .isr_vector.*)
 .isr_vector    0x08000000      0x188 ..\obj\startup_stm32f4xx.o
                0x08000000                g_pfnVectors
 *(.text .text.* .gnu.linkonce.t.*)
 .text.CAN1_RX0_IRQHandler
                0x08000188      0x248 ..\obj\Can.o
                0x08000188                CAN1_RX0_IRQHandler
 .text.CAN1_RX1_IRQHandler
                0x080003d0      0x198 ..\obj\Can.o
                0x080003d0                CAN1_RX1_IRQHandler
 .text.init_CAN
                0x08000568      0x250 ..\obj\Can.o
                0x08000568                init_CAN
 .text.USART_Init
                0x080007b8      0x1ac ..\obj\stm32f4xx_usart.o
                0x080007b8                USART_Init
 .text.USART_Cmd
                0x08000964       0x40 ..\obj\stm32f4xx_usart.o
                0x08000964                USART_Cmd
 .text.USART_DMACmd
                0x080009a4       0x48 ..\obj\stm32f4xx_usart.o
                0x080009a4                USART_DMACmd
 .text.USART_ClearITPendingBit
                0x080009ec       0x44 ..\obj\stm32f4xx_usart.o
                0x080009ec                USART_ClearITPendingBit
 .text.CAN_Init
                0x08000a30      0x1bc ..\obj\stm32f4xx_can.o
                0x08000a30                CAN_Init
 .text.CAN_FilterInit
                0x08000bec      0x210 ..\obj\stm32f4xx_can.o
                0x08000bec                CAN_FilterInit
 .text.CAN_Receive
                0x08000dfc      0x1a8 ..\obj\stm32f4xx_can.o
                0x08000dfc                CAN_Receive
 .text.CAN_GetLastErrorCode
                0x08000fa4       0x28 ..\obj\stm32f4xx_can.o
                0x08000fa4                CAN_GetLastErrorCode
 .text.CAN_ITConfig
                0x08000fcc       0x3c ..\obj\stm32f4xx_can.o
                0x08000fcc                CAN_ITConfig
 .text.CAN_GetFlagStatus
                0x08001008       0xf8 ..\obj\stm32f4xx_can.o
                0x08001008                CAN_GetFlagStatus
 .text.CAN_ClearFlag
                0x08001100       0x7c ..\obj\stm32f4xx_can.o
                0x08001100                CAN_ClearFlag
 .text.Default_Reset_Handler
                0x0800117c       0x6c ..\obj\startup_stm32f4xx.o
                0x0800117c                Default_Reset_Handler
                0x0800117c                Reset_Handler
 .text.Default_Handler
                0x080011e8        0x8 ..\obj\startup_stm32f4xx.o
                0x080011e8                RTC_Alarm_IRQHandler
                0x080011e8                HASH_RNG_IRQHandler
                0x080011e8                EXTI2_IRQHandler
                0x080011e8                TIM8_CC_IRQHandler
                0x080011e8                DebugMon_Handler
                0x080011e8                TIM1_CC_IRQHandler
                0x080011e8                DMA2_Stream5_IRQHandler
                0x080011e8                HardFault_Handler
                0x080011e8                DMA1_Stream5_IRQHandler
                0x080011e8                SysTick_Handler
                0x080011e8                PVD_IRQHandler
                0x080011e8                SDIO_IRQHandler
                0x080011e8                TAMP_STAMP_IRQHandler
                0x080011e8                PendSV_Handler
                0x080011e8                NMI_Handler
                0x080011e8                CAN2_RX1_IRQHandler
                0x080011e8                EXTI3_IRQHandler
                0x080011e8                TIM8_TRG_COM_TIM14_IRQHandler
                0x080011e8                TIM1_UP_TIM10_IRQHandler
                0x080011e8                TIM8_UP_TIM13_IRQHandler
                0x080011e8                I2C3_ER_IRQHandler
                0x080011e8                EXTI0_IRQHandler
                0x080011e8                I2C2_EV_IRQHandler
                0x080011e8                DMA1_Stream2_IRQHandler
                0x080011e8                FPU_IRQHandler
                0x080011e8                OTG_HS_WKUP_IRQHandler
                0x080011e8                UsageFault_Handler
                0x080011e8                CAN2_SCE_IRQHandler
                0x080011e8                DMA2_Stream2_IRQHandler
                0x080011e8                SPI1_IRQHandler
                0x080011e8                TIM6_DAC_IRQHandler
                0x080011e8                TIM1_BRK_TIM9_IRQHandler
                0x080011e8                DCMI_IRQHandler
                0x080011e8                CAN2_RX0_IRQHandler
                0x080011e8                DMA2_Stream3_IRQHandler
                0x080011e8                USART6_IRQHandler
                0x080011e8                USART3_IRQHandler
                0x080011e8                CRYP_IRQHandler
                0x080011e8                UART5_IRQHandler
                0x080011e8                DMA2_Stream0_IRQHandler
                0x080011e8                TIM4_IRQHandler
                0x080011e8                I2C1_EV_IRQHandler
                0x080011e8                DMA1_Stream6_IRQHandler
                0x080011e8                UART4_IRQHandler
                0x080011e8                TIM3_IRQHandler
                0x080011e8                RCC_IRQHandler
                0x080011e8                TIM8_BRK_TIM12_IRQHandler
                0x080011e8                EXTI15_10_IRQHandler
                0x080011e8                ADC_IRQHandler
                0x080011e8                DMA1_Stream7_IRQHandler
                0x080011e8                TIM7_IRQHandler
                0x080011e8                CAN2_TX_IRQHandler
                0x080011e8                TIM5_IRQHandler
                0x080011e8                DMA2_Stream7_IRQHandler
                0x080011e8                I2C3_EV_IRQHandler
                0x080011e8                EXTI9_5_IRQHandler
                0x080011e8                RTC_WKUP_IRQHandler
                0x080011e8                ETH_WKUP_IRQHandler
                0x080011e8                SPI2_IRQHandler
                0x080011e8                OTG_HS_EP1_IN_IRQHandler
                0x080011e8                MemManage_Handler
                0x080011e8                DMA1_Stream0_IRQHandler
                0x080011e8                CAN1_TX_IRQHandler
                0x080011e8                SVC_Handler
                0x080011e8                EXTI4_IRQHandler
                0x080011e8                FSMC_IRQHandler
                0x080011e8                ETH_IRQHandler
                0x080011e8                OTG_HS_EP1_OUT_IRQHandler
                0x080011e8                WWDG_IRQHandler
                0x080011e8                TIM2_IRQHandler
                0x080011e8                OTG_FS_WKUP_IRQHandler
                0x080011e8                TIM1_TRG_COM_TIM11_IRQHandler
                0x080011e8                OTG_HS_IRQHandler
                0x080011e8                EXTI1_IRQHandler
                0x080011e8                USART2_IRQHandler
                0x080011e8                I2C2_ER_IRQHandler
                0x080011e8                CAN1_SCE_IRQHandler
                0x080011e8                FLASH_IRQHandler
                0x080011e8                DMA2_Stream4_IRQHandler
                0x080011e8                BusFault_Handler
                0x080011e8                USART1_IRQHandler
                0x080011e8                OTG_FS_IRQHandler
                0x080011e8                SPI3_IRQHandler
                0x080011e8                DMA1_Stream4_IRQHandler
                0x080011e8                I2C1_ER_IRQHandler
 .text.main     0x080011f0      0x6e4 ..\obj\main.o
                0x080011f0                main
 .text.System_Init
                0x080018d4       0x34 ..\obj\main.o
                0x080018d4                System_Init
 .text.Delay    0x08001908       0x2c ..\obj\main.o
                0x08001908                Delay
 .text.RCC_GetSYSCLKSource
                0x08001934       0x20 ..\obj\stm32f4xx_rcc.o
                0x08001934                RCC_GetSYSCLKSource
 .text.RCC_GetClocksFreq
                0x08001954      0x1cc ..\obj\stm32f4xx_rcc.o
                0x08001954                RCC_GetClocksFreq
 .text.RCC_AHB1PeriphClockCmd
                0x08001b20       0x54 ..\obj\stm32f4xx_rcc.o
                0x08001b20                RCC_AHB1PeriphClockCmd
 .text.RCC_APB1PeriphClockCmd
                0x08001b74       0x54 ..\obj\stm32f4xx_rcc.o
                0x08001b74                RCC_APB1PeriphClockCmd
 .text.RCC_APB2PeriphClockCmd
                0x08001bc8       0x54 ..\obj\stm32f4xx_rcc.o
                0x08001bc8                RCC_APB2PeriphClockCmd
 *fill*         0x08001c1c        0x4 00
 .text.odometry
                0x08001c20      0xd38 ..\obj\odometry.o
                0x08001c20                odometry
 .text.Gyro_Values_to_Theta_dot
                0x08002958      0x1c0 ..\obj\odometry.o
                0x08002958                Gyro_Values_to_Theta_dot
 .text.GPIO_Init
                0x08002b18      0x144 ..\obj\stm32f4xx_gpio.o
                0x08002b18                GPIO_Init
 .text.GPIO_StructInit
                0x08002c5c       0x3c ..\obj\stm32f4xx_gpio.o
                0x08002c5c                GPIO_StructInit
 .text.GPIO_SetBits
                0x08002c98       0x1c ..\obj\stm32f4xx_gpio.o
                0x08002c98                GPIO_SetBits
 .text.GPIO_ResetBits
                0x08002cb4       0x1c ..\obj\stm32f4xx_gpio.o
                0x08002cb4                GPIO_ResetBits
 .text.GPIO_ToggleBits
                0x08002cd0       0x24 ..\obj\stm32f4xx_gpio.o
                0x08002cd0                GPIO_ToggleBits
 .text.GPIO_PinAFConfig
                0x08002cf4       0xa8 ..\obj\stm32f4xx_gpio.o
                0x08002cf4                GPIO_PinAFConfig
 .text.SystemInit
                0x08002d9c       0x94 ..\obj\system_stm32f4xx.o
                0x08002d9c                SystemInit
 .text.SetSysClock
                0x08002e30      0x188 ..\obj\system_stm32f4xx.o
 .text.DMA_Init
                0x08002fb8       0xb0 ..\obj\stm32f4xx_dma.o
                0x08002fb8                DMA_Init
 .text.DMA_Cmd  0x08003068       0x38 ..\obj\stm32f4xx_dma.o
                0x08003068                DMA_Cmd
 .text.DMA_SetCurrDataCounter
                0x080030a0       0x1c ..\obj\stm32f4xx_dma.o
                0x080030a0                DMA_SetCurrDataCounter
 .text.DMA_GetCmdStatus
                0x080030bc       0x38 ..\obj\stm32f4xx_dma.o
                0x080030bc                DMA_GetCmdStatus
 .text.DMA_ClearFlag
                0x080030f4       0x60 ..\obj\stm32f4xx_dma.o
                0x080030f4                DMA_ClearFlag
 .text.DMA_ITConfig
                0x08003154       0x74 ..\obj\stm32f4xx_dma.o
                0x08003154                DMA_ITConfig
 .text.DMA_ClearITPendingBit
                0x080031c8       0x60 ..\obj\stm32f4xx_dma.o
                0x080031c8                DMA_ClearITPendingBit
 .text.NVIC_Init
                0x08003228       0xe4 ..\obj\misc.o
                0x08003228                NVIC_Init
 .text.USART_IMU_Config
                0x0800330c      0x358 ..\obj\Serials.o
                0x0800330c                USART_IMU_Config
 .text.SendMsgIMU
                0x08003664      0x150 ..\obj\Serials.o
                0x08003664                SendMsgIMU
 .text.Start_Continious_Mode_IMU
                0x080037b4       0x50 ..\obj\Serials.o
                0x080037b4                Start_Continious_Mode_IMU
 .text.calcCRC  0x08003804       0x98 ..\obj\Serials.o
                0x08003804                calcCRC
 .text.DMA1_Stream3_IRQHandler
                0x0800389c       0x58 ..\obj\Serials.o
                0x0800389c                DMA1_Stream3_IRQHandler
 .text.DMA1_Stream1_IRQHandler
                0x080038f4      0x1a8 ..\obj\Serials.o
                0x080038f4                DMA1_Stream1_IRQHandler
 .text.Read_data_IMU
                0x08003a9c      0x350 ..\obj\Serials.o
                0x08003a9c                Read_data_IMU
 .text.USART_PC_Config
                0x08003dec      0x30c ..\obj\Serials.o
                0x08003dec                USART_PC_Config
 .text.SendMsgHELIOS
                0x080040f8       0xc4 ..\obj\Serials.o
                0x080040f8                SendMsgHELIOS
 .text.DMA2_Stream6_IRQHandler
                0x080041bc       0x48 ..\obj\Serials.o
                0x080041bc                DMA2_Stream6_IRQHandler
 .text.DMA2_Stream1_IRQHandler
                0x08004204      0x13c ..\obj\Serials.o
                0x08004204                DMA2_Stream1_IRQHandler
 .text.Read_data_Helios
                0x08004340      0x5c8 ..\obj\Serials.o
                0x08004340                Read_data_Helios
 .text.Send_Sensor_Values_to_HELIOS
                0x08004908      0x2c8 ..\obj\Serials.o
                0x08004908                Send_Sensor_Values_to_HELIOS
 .text.led_init
                0x08004bd0       0xf8 ..\obj\Serials.o
                0x08004bd0                led_init
 .text.led_on   0x08004cc8       0x6c ..\obj\Serials.o
                0x08004cc8                led_on
 .text.led_off  0x08004d34       0x6c ..\obj\Serials.o
                0x08004d34                led_off
 .text.toggle_led
                0x08004da0       0x6c ..\obj\Serials.o
                0x08004da0                toggle_led
 .text.calcModulo256
                0x08004e0c       0x58 ..\obj\Serials.o
                0x08004e0c                calcModulo256
 .text.cosf     0x08004e64       0x68 c:/program files (x86)/gnu tools arm embedded/4.7 2012q4/bin/../lib/gcc/arm-none-eabi/4.7.3/../../../../arm-none-eabi/lib/armv7e-m\libm.a(lib_a-sf_cos.o)
                0x08004e64                cosf
 .text.sinf     0x08004ecc       0x78 c:/program files (x86)/gnu tools arm embedded/4.7 2012q4/bin/../lib/gcc/arm-none-eabi/4.7.3/../../../../arm-none-eabi/lib/armv7e-m\libm.a(lib_a-sf_sin.o)
                0x08004ecc                sinf
 .text.tanf     0x08004f44       0x48 c:/program files (x86)/gnu tools arm embedded/4.7 2012q4/bin/../lib/gcc/arm-none-eabi/4.7.3/../../../../arm-none-eabi/lib/armv7e-m\libm.a(lib_a-sf_tan.o)
                0x08004f44                tanf
 .text.__ieee754_rem_pio2f
                0x08004f8c      0x358 c:/program files (x86)/gnu tools arm embedded/4.7 2012q4/bin/../lib/gcc/arm-none-eabi/4.7.3/../../../../arm-none-eabi/lib/armv7e-m\libm.a(lib_a-ef_rem_pio2.o)
                0x08004f8c                __ieee754_rem_pio2f
 .text.__kernel_cosf
                0x080052e4      0x1b8 c:/program files (x86)/gnu tools arm embedded/4.7 2012q4/bin/../lib/gcc/arm-none-eabi/4.7.3/../../../../arm-none-eabi/lib/armv7e-m\libm.a(lib_a-kf_cos.o)
                0x080052e4                __kernel_cosf
 .text.__kernel_rem_pio2f
                0x0800549c      0xb90 c:/program files (x86)/gnu tools arm embedded/4.7 2012q4/bin/../lib/gcc/arm-none-eabi/4.7.3/../../../../arm-none-eabi/lib/armv7e-m\libm.a(lib_a-kf_rem_pio2.o)
                0x0800549c                __kernel_rem_pio2f
 .text.__kernel_sinf
                0x0800602c      0x100 c:/program files (x86)/gnu tools arm embedded/4.7 2012q4/bin/../lib/gcc/arm-none-eabi/4.7.3/../../../../arm-none-eabi/lib/armv7e-m\libm.a(lib_a-kf_sin.o)
                0x0800602c                __kernel_sinf
 .text.__kernel_tanf
                0x0800612c      0x29c c:/program files (x86)/gnu tools arm embedded/4.7 2012q4/bin/../lib/gcc/arm-none-eabi/4.7.3/../../../../arm-none-eabi/lib/armv7e-m\libm.a(lib_a-kf_tan.o)
                0x0800612c                __kernel_tanf
 .text.fabsf    0x080063c8        0x8 c:/program files (x86)/gnu tools arm embedded/4.7 2012q4/bin/../lib/gcc/arm-none-eabi/4.7.3/../../../../arm-none-eabi/lib/armv7e-m\libm.a(lib_a-sf_fabs.o)
                0x080063c8                fabsf
 .text.floorf   0x080063d0       0x94 c:/program files (x86)/gnu tools arm embedded/4.7 2012q4/bin/../lib/gcc/arm-none-eabi/4.7.3/../../../../arm-none-eabi/lib/armv7e-m\libm.a(lib_a-sf_floor.o)
                0x080063d0                floorf
 .text.scalbnf  0x08006464       0xc0 c:/program files (x86)/gnu tools arm embedded/4.7 2012q4/bin/../lib/gcc/arm-none-eabi/4.7.3/../../../../arm-none-eabi/lib/armv7e-m\libm.a(lib_a-sf_scalbn.o)
                0x08006464                scalbnf
 .text.copysignf
                0x08006524        0xc c:/program files (x86)/gnu tools arm embedded/4.7 2012q4/bin/../lib/gcc/arm-none-eabi/4.7.3/../../../../arm-none-eabi/lib/armv7e-m\libm.a(lib_a-sf_copysign.o)
                0x08006524                copysignf
 .text          0x08006530      0x370 c:/program files (x86)/gnu tools arm embedded/4.7 2012q4/bin/../lib/gcc/arm-none-eabi/4.7.3/armv7e-m\libgcc.a(_arm_addsubdf3.o)
                0x08006530                __aeabi_drsub
                0x08006538                __aeabi_dsub
                0x08006538                __subdf3
                0x0800653c                __aeabi_dadd
                0x0800653c                __adddf3
                0x080067b4                __floatunsidf
                0x080067b4                __aeabi_ui2d
                0x080067d4                __floatsidf
                0x080067d4                __aeabi_i2d
                0x080067f8                __aeabi_f2d
                0x080067f8                __extendsfdf2
                0x08006834                __floatundidf
                0x08006834                __aeabi_ul2d
                0x08006844                __floatdidf
                0x08006844                __aeabi_l2d
 .text          0x080068a0      0x424 c:/program files (x86)/gnu tools arm embedded/4.7 2012q4/bin/../lib/gcc/arm-none-eabi/4.7.3/armv7e-m\libgcc.a(_arm_muldivdf3.o)
                0x080068a0                __aeabi_dmul
                0x080068a0                __muldf3
                0x08006af4                __divdf3
                0x08006af4                __aeabi_ddiv
 .text          0x08006cc4      0x110 c:/program files (x86)/gnu tools arm embedded/4.7 2012q4/bin/../lib/gcc/arm-none-eabi/4.7.3/armv7e-m\libgcc.a(_arm_cmpdf2.o)
                0x08006cc4                __gtdf2
                0x08006cc4                __gedf2
                0x08006ccc                __ltdf2
                0x08006ccc                __ledf2
                0x08006cd4                __nedf2
                0x08006cd4                __eqdf2
                0x08006cd4                __cmpdf2
                0x08006d50                __aeabi_cdrcmple
                0x08006d60                __aeabi_cdcmpeq
                0x08006d60                __aeabi_cdcmple
                0x08006d70                __aeabi_dcmpeq
                0x08006d84                __aeabi_dcmplt
                0x08006d98                __aeabi_dcmple
                0x08006dac                __aeabi_dcmpge
                0x08006dc0                __aeabi_dcmpgt
 .text          0x08006dd4       0xa0 c:/program files (x86)/gnu tools arm embedded/4.7 2012q4/bin/../lib/gcc/arm-none-eabi/4.7.3/armv7e-m\libgcc.a(_arm_truncdfsf2.o)
                0x08006dd4                __truncdfsf2
                0x08006dd4                __aeabi_d2f
 .text          0x08006e74      0x21c c:/program files (x86)/gnu tools arm embedded/4.7 2012q4/bin/../lib/gcc/arm-none-eabi/4.7.3/armv7e-m\libgcc.a(_arm_addsubsf3.o)
                0x08006e74                __aeabi_frsub
                0x08006e7c                __subsf3
                0x08006e7c                __aeabi_fsub
                0x08006e80                __aeabi_fadd
                0x08006e80                __addsf3
                0x08006fe0                __aeabi_ui2f
                0x08006fe0                __floatunsisf
                0x08006fe8                __aeabi_i2f
                0x08006fe8                __floatsisf
                0x08007004                __aeabi_ul2f
                0x08007004                __floatundisf
                0x08007014                __aeabi_l2f
                0x08007014                __floatdisf
 .text          0x08007090      0x2a0 c:/program files (x86)/gnu tools arm embedded/4.7 2012q4/bin/../lib/gcc/arm-none-eabi/4.7.3/armv7e-m\libgcc.a(_arm_muldivsf3.o)
                0x08007090                __mulsf3
                0x08007090                __aeabi_fmul
                0x080071f8                __aeabi_fdiv
                0x080071f8                __divsf3
 .text          0x08007330       0xec c:/program files (x86)/gnu tools arm embedded/4.7 2012q4/bin/../lib/gcc/arm-none-eabi/4.7.3/armv7e-m\libgcc.a(_arm_cmpsf2.o)
                0x08007330                __gesf2
                0x08007330                __gtsf2
                0x08007338                __lesf2
                0x08007338                __ltsf2
                0x08007340                __nesf2
                0x08007340                __eqsf2
                0x08007340                __cmpsf2
                0x080073a0                __aeabi_cfrcmple
                0x080073a8                __aeabi_cfcmpeq
                0x080073a8                __aeabi_cfcmple
                0x080073b8                __aeabi_fcmpeq
                0x080073cc                __aeabi_fcmplt
                0x080073e0                __aeabi_fcmple
                0x080073f4                __aeabi_fcmpge
                0x08007408                __aeabi_fcmpgt
 .text          0x0800741c       0x4c c:/program files (x86)/gnu tools arm embedded/4.7 2012q4/bin/../lib/gcc/arm-none-eabi/4.7.3/armv7e-m\libgcc.a(_arm_fixsfsi.o)
                0x0800741c                __aeabi_f2iz
                0x0800741c                __fixsfsi
 *(.glue_7t)
 .glue_7t       0x00000000        0x0 linker stubs
 *(.glue_7)
 .glue_7        0x00000000        0x0 linker stubs
 *(.rodata .rodata* .gnu.linkonce.r.*)
 .rodata.npio2_hw
                0x08007468       0x80 c:/program files (x86)/gnu tools arm embedded/4.7 2012q4/bin/../lib/gcc/arm-none-eabi/4.7.3/../../../../arm-none-eabi/lib/armv7e-m\libm.a(lib_a-ef_rem_pio2.o)
 .rodata.two_over_pi
                0x080074e8      0x318 c:/program files (x86)/gnu tools arm embedded/4.7 2012q4/bin/../lib/gcc/arm-none-eabi/4.7.3/../../../../arm-none-eabi/lib/armv7e-m\libm.a(lib_a-ef_rem_pio2.o)
 .rodata.init_jk
                0x08007800        0xc c:/program files (x86)/gnu tools arm embedded/4.7 2012q4/bin/../lib/gcc/arm-none-eabi/4.7.3/../../../../arm-none-eabi/lib/armv7e-m\libm.a(lib_a-kf_rem_pio2.o)
 .rodata.PIo2   0x0800780c       0x2c c:/program files (x86)/gnu tools arm embedded/4.7 2012q4/bin/../lib/gcc/arm-none-eabi/4.7.3/../../../../arm-none-eabi/lib/armv7e-m\libm.a(lib_a-kf_rem_pio2.o)

.vfp11_veneer   0x08007838        0x0
 .vfp11_veneer  0x00000000        0x0 linker stubs

.v4_bx          0x08007838        0x0
 .v4_bx         0x00000000        0x0 linker stubs

.iplt           0x08007838        0x0
 .iplt          0x00000000        0x0 ..\obj\EPOS.o

.rel.dyn        0x08007838        0x0
 .rel.iplt      0x00000000        0x0 ..\obj\EPOS.o

.ARM.extab
 *(.ARM.extab* .gnu.linkonce.armextab.*)
                0x08007838                __exidx_start = .

.ARM.exidx
 *(.ARM.exidx* .gnu.linkonce.armexidx.*)
                0x08007838                __exidx_end = .
                0x08007838                . = ALIGN (0x4)
                0x08007838                _etext = .
                0x08007838                _sidata = .

.data           0x20000000       0x14 load address 0x08007838
                0x20000000                _sdata = .
 *(.data .data.*)
 .data          0x20000000        0x4 ..\obj\main.o
                0x20000000                init
 .data          0x20000004       0x10 ..\obj\stm32f4xx_rcc.o
                0x20000014                . = ALIGN (0x4)
                0x20000014                _edata = .

.igot.plt       0x20000014        0x0 load address 0x0800784c
 .igot.plt      0x00000000        0x0 ..\obj\EPOS.o

.bss            0x20000014      0x3b0 load address 0x0800784c
                0x20000014                _sbss = .
 *(.bss .bss.*)
 .bss           0x20000014        0x4 ..\obj\main.o
                0x20000014                IMU_data_for_PC
 .bss           0x20000018       0x80 ..\obj\Serials.o
                0x20000018                TxMessageIMU
                0x20000048                RxMessageIMU
 *(COMMON)
 COMMON         0x20000098       0x14 ..\obj\Can.o
                0x20000098                RxMsg3
 COMMON         0x200000ac      0x1f8 ..\obj\main.o
                0x200000ac                data_check_counter
                0x200000b0                Helios_val
                0x200000e0                Ballbot_stats
                0x200000e4                theta_z_tmp
                0x200000e8                helios_stop
                0x200000ec                p41
                0x200000f0                thetaxk
                0x200000f4                thetayk
                0x200000f8                p22
                0x200000fc                xold4_1
                0x20000100                p24
                0x20000104                phixk
                0x20000108                xold4_2
                0x2000010c                xold2_2
                0x20000110                p31
                0x20000114                count_jump
                0x20000118                old_phi_y_soll
                0x2000011c                old_phi_dot_y_soll
                0x20000120                xold1_3
                0x20000124                phi_dot
                0x2000014c                old_phi_dot_y
                0x20000150                timer_parking_up
                0x20000154                xold1_1
                0x20000158                Motor_current_real
                0x20000164                led_value
                0x20000168                p42
                0x2000016c                timer_frequenzy
                0x20000170                first_time
                0x20000174                Sensor_val
                0x200001ec                p14
                0x200001f0                p21
                0x200001f4                Control_Mode
                0x200001f5                hull_position
                0x200001f8                old_theta_z_soll
                0x200001fc                p34
                0x20000200                old_phi_dot_z
                0x20000204                esum
                0x20000208                xold3_1
                0x2000020c                phiyk
                0x20000210                old_phi_x_soll
                0x20000214                p33
                0x20000218                p13
                0x2000021c                old_phi_dot_x_soll
                0x20000220                error_detection
                0x20000224                phidxk
                0x20000228                temp_count
                0x2000022c                p12
                0x20000230                Read_EPOS
                0x20000231                mode_frequenzy
                0x20000234                timer_parking_down
                0x20000238                p11
                0x2000023c                xold2_3
                0x20000240                Motor_torque_xyz
                0x2000024c                xold3_3
                0x20000250                p44
                0x20000254                change_way
                0x20000258                old_phi_dot_x
                0x2000025c                p32
                0x20000260                old_pos_x_dot
                0x20000264                xold1_2
                0x20000268                xold3_2
                0x2000026c                p43
                0x20000270                old_pos_y_dot
                0x20000274                offset_z
                0x20000278                available_data
                0x20000284                EPOS_sent_data
                0x20000290                p23
                0x20000294                xold2_1
                0x20000298                ealt
                0x2000029c                phidyk
                0x200002a0                xold4_3
 COMMON         0x200002a4      0x11d ..\obj\Serials.o
                0x200002a4                TxMessageHELIOS
                0x2000036c                RxMessageHELIOS
                0x20000380                NVIC_InitStruct
                0x20000384                DMA_InitStructure
                0x200003c0                cmd
                0x200003c4                . = ALIGN (0x4)
 *fill*         0x200003c1        0x3 00
                0x200003c4                _ebss = .

.co_stack       0x200003c4      0x804 load address 0x08007bfc
                0x200003c8                . = ALIGN (0x8)
 *fill*         0x200003c4        0x4 00
 *(.co_stack .co_stack.*)
 .co_stack      0x200003c8      0x800 ..\obj\startup_stm32f4xx.o
                0x200003c8                pulStack
                0x20000bc8                . = ALIGN (0x4)
                0x20000bc8                _end = .
LOAD ..\obj\EPOS.o
LOAD ..\obj\Can.o
LOAD ..\obj\stm32f4xx_usart.o
LOAD ..\obj\stm32f4xx_can.o
LOAD ..\obj\startup_stm32f4xx.o
LOAD ..\obj\main.o
LOAD ..\obj\stm32f4xx_rcc.o
LOAD ..\obj\odometry.o
LOAD ..\obj\stm32f4xx_gpio.o
LOAD ..\obj\system_stm32f4xx.o
LOAD ..\obj\stm32f4xx_dma.o
LOAD ..\obj\misc.o
LOAD ..\obj\Serials.o
LOAD c:/program files (x86)/gnu tools arm embedded/4.7 2012q4/bin/../lib/gcc/arm-none-eabi/4.7.3/../../../../arm-none-eabi/lib/armv7e-m\libm.a
START GROUP
LOAD c:/program files (x86)/gnu tools arm embedded/4.7 2012q4/bin/../lib/gcc/arm-none-eabi/4.7.3/armv7e-m\libgcc.a
LOAD c:/program files (x86)/gnu tools arm embedded/4.7 2012q4/bin/../lib/gcc/arm-none-eabi/4.7.3/../../../../arm-none-eabi/lib/armv7e-m\libg.a
LOAD c:/program files (x86)/gnu tools arm embedded/4.7 2012q4/bin/../lib/gcc/arm-none-eabi/4.7.3/../../../../arm-none-eabi/lib/armv7e-m\libc.a
END GROUP
OUTPUT(Project.elf elf32-littlearm)

.debug_info     0x00000000     0x7163
 .debug_info    0x00000000      0xf14 ..\obj\Can.o
 .debug_info    0x00000f14      0xa65 ..\obj\stm32f4xx_usart.o
 .debug_info    0x00001979      0xc74 ..\obj\stm32f4xx_can.o
 .debug_info    0x000025ed      0x103 ..\obj\startup_stm32f4xx.o
 .debug_info    0x000026f0      0xcb2 ..\obj\main.o
 .debug_info    0x000033a2      0xd49 ..\obj\stm32f4xx_rcc.o
 .debug_info    0x000040eb      0x3b1 ..\obj\odometry.o
 .debug_info    0x0000449c      0x640 ..\obj\stm32f4xx_gpio.o
 .debug_info    0x00004adc      0x5f5 ..\obj\system_stm32f4xx.o
 .debug_info    0x000050d1      0x7af ..\obj\stm32f4xx_dma.o
 .debug_info    0x00005880      0x592 ..\obj\misc.o
 .debug_info    0x00005e12     0x1351 ..\obj\Serials.o

.debug_abbrev   0x00000000     0x11bc
 .debug_abbrev  0x00000000      0x204 ..\obj\Can.o
 .debug_abbrev  0x00000204      0x157 ..\obj\stm32f4xx_usart.o
 .debug_abbrev  0x0000035b      0x1d7 ..\obj\stm32f4xx_can.o
 .debug_abbrev  0x00000532       0xb2 ..\obj\startup_stm32f4xx.o
 .debug_abbrev  0x000005e4      0x1c9 ..\obj\main.o
 .debug_abbrev  0x000007ad      0x1e5 ..\obj\stm32f4xx_rcc.o
 .debug_abbrev  0x00000992       0xa9 ..\obj\odometry.o
 .debug_abbrev  0x00000a3b      0x1a5 ..\obj\stm32f4xx_gpio.o
 .debug_abbrev  0x00000be0      0x138 ..\obj\system_stm32f4xx.o
 .debug_abbrev  0x00000d18      0x157 ..\obj\stm32f4xx_dma.o
 .debug_abbrev  0x00000e6f      0x129 ..\obj\misc.o
 .debug_abbrev  0x00000f98      0x224 ..\obj\Serials.o

.debug_loc      0x00000000     0x25a6
 .debug_loc     0x00000000      0x152 ..\obj\Can.o
 .debug_loc     0x00000152      0x658 ..\obj\stm32f4xx_usart.o
 .debug_loc     0x000007aa      0x578 ..\obj\stm32f4xx_can.o
 .debug_loc     0x00000d22       0x64 ..\obj\startup_stm32f4xx.o
 .debug_loc     0x00000d86      0x12c ..\obj\main.o
 .debug_loc     0x00000eb2      0x97c ..\obj\stm32f4xx_rcc.o
 .debug_loc     0x0000182e       0x64 ..\obj\odometry.o
 .debug_loc     0x00001892      0x310 ..\obj\stm32f4xx_gpio.o
 .debug_loc     0x00001ba2       0x9c ..\obj\system_stm32f4xx.o
 .debug_loc     0x00001c3e      0x428 ..\obj\stm32f4xx_dma.o
 .debug_loc     0x00002066      0x118 ..\obj\misc.o
 .debug_loc     0x0000217e      0x428 ..\obj\Serials.o

.debug_aranges  0x00000000      0x698
 .debug_aranges
                0x00000000       0x48 ..\obj\Can.o
 .debug_aranges
                0x00000048      0x100 ..\obj\stm32f4xx_usart.o
 .debug_aranges
                0x00000148       0xe0 ..\obj\stm32f4xx_can.o
 .debug_aranges
                0x00000228       0x28 ..\obj\startup_stm32f4xx.o
 .debug_aranges
                0x00000250       0x48 ..\obj\main.o
 .debug_aranges
                0x00000298      0x178 ..\obj\stm32f4xx_rcc.o
 .debug_aranges
                0x00000410       0x28 ..\obj\odometry.o
 .debug_aranges
                0x00000438       0x88 ..\obj\stm32f4xx_gpio.o
 .debug_aranges
                0x000004c0       0x30 ..\obj\system_stm32f4xx.o
 .debug_aranges
                0x000004f0       0xb0 ..\obj\stm32f4xx_dma.o
 .debug_aranges
                0x000005a0       0x40 ..\obj\misc.o
 .debug_aranges
                0x000005e0       0xb8 ..\obj\Serials.o

.debug_ranges   0x00000000      0x5d8
 .debug_ranges  0x00000000       0x38 ..\obj\Can.o
 .debug_ranges  0x00000038       0xf0 ..\obj\stm32f4xx_usart.o
 .debug_ranges  0x00000128       0xd0 ..\obj\stm32f4xx_can.o
 .debug_ranges  0x000001f8       0x18 ..\obj\startup_stm32f4xx.o
 .debug_ranges  0x00000210       0x38 ..\obj\main.o
 .debug_ranges  0x00000248      0x168 ..\obj\stm32f4xx_rcc.o
 .debug_ranges  0x000003b0       0x18 ..\obj\odometry.o
 .debug_ranges  0x000003c8       0x78 ..\obj\stm32f4xx_gpio.o
 .debug_ranges  0x00000440       0x20 ..\obj\system_stm32f4xx.o
 .debug_ranges  0x00000460       0xa0 ..\obj\stm32f4xx_dma.o
 .debug_ranges  0x00000500       0x30 ..\obj\misc.o
 .debug_ranges  0x00000530       0xa8 ..\obj\Serials.o

.debug_line     0x00000000     0x274c
 .debug_line    0x00000000      0x2e6 ..\obj\Can.o
 .debug_line    0x000002e6      0x45f ..\obj\stm32f4xx_usart.o
 .debug_line    0x00000745      0x515 ..\obj\stm32f4xx_can.o
 .debug_line    0x00000c5a       0x9b ..\obj\startup_stm32f4xx.o
 .debug_line    0x00000cf5      0x2fb ..\obj\main.o
 .debug_line    0x00000ff0      0x556 ..\obj\stm32f4xx_rcc.o
 .debug_line    0x00001546       0xd2 ..\obj\odometry.o
 .debug_line    0x00001618      0x2fa ..\obj\stm32f4xx_gpio.o
 .debug_line    0x00001912      0x1b0 ..\obj\system_stm32f4xx.o
 .debug_line    0x00001ac2      0x397 ..\obj\stm32f4xx_dma.o
 .debug_line    0x00001e59      0x200 ..\obj\misc.o
 .debug_line    0x00002059      0x6f3 ..\obj\Serials.o

.debug_str      0x00000000     0x2aae
 .debug_str     0x00000000      0xc7a ..\obj\Can.o
                                0xd1f (size before relaxing)
 .debug_str     0x00000c7a      0x49d ..\obj\stm32f4xx_usart.o
                                0x62c (size before relaxing)
 .debug_str     0x00001117      0x2eb ..\obj\stm32f4xx_can.o
                                0x6db (size before relaxing)
 .debug_str     0x00001402       0xaa ..\obj\startup_stm32f4xx.o
                                0x10e (size before relaxing)
 .debug_str     0x000014ac      0x50b ..\obj\main.o
                                0x854 (size before relaxing)
 .debug_str     0x000019b7      0x5dd ..\obj\stm32f4xx_rcc.o
                                0x7ed (size before relaxing)
 .debug_str     0x00001f94       0x68 ..\obj\odometry.o
                                0x363 (size before relaxing)
 .debug_str     0x00001ffc      0x19d ..\obj\stm32f4xx_gpio.o
                                0x440 (size before relaxing)
 .debug_str     0x00002199      0x112 ..\obj\system_stm32f4xx.o
                                0x347 (size before relaxing)
 .debug_str     0x000022ab      0x369 ..\obj\stm32f4xx_dma.o
                                0x4e9 (size before relaxing)
 .debug_str     0x00002614      0x15b ..\obj\misc.o
                                0x376 (size before relaxing)
 .debug_str     0x0000276f      0x33f ..\obj\Serials.o
                               0x112f (size before relaxing)

.comment        0x00000000       0x70
 .comment       0x00000000       0x70 ..\obj\Can.o
                                 0x71 (size before relaxing)
 .comment       0x00000000       0x71 ..\obj\stm32f4xx_usart.o
 .comment       0x00000000       0x71 ..\obj\stm32f4xx_can.o
 .comment       0x00000000       0x71 ..\obj\startup_stm32f4xx.o
 .comment       0x00000000       0x71 ..\obj\main.o
 .comment       0x00000000       0x71 ..\obj\stm32f4xx_rcc.o
 .comment       0x00000000       0x71 ..\obj\odometry.o
 .comment       0x00000000       0x71 ..\obj\stm32f4xx_gpio.o
 .comment       0x00000000       0x71 ..\obj\system_stm32f4xx.o
 .comment       0x00000000       0x71 ..\obj\stm32f4xx_dma.o
 .comment       0x00000000       0x71 ..\obj\misc.o
 .comment       0x00000000       0x71 ..\obj\Serials.o

.ARM.attributes
                0x00000000       0x33
 .ARM.attributes
                0x00000000       0x33 ..\obj\Can.o
 .ARM.attributes
                0x00000033       0x33 ..\obj\stm32f4xx_usart.o
 .ARM.attributes
                0x00000066       0x33 ..\obj\stm32f4xx_can.o
 .ARM.attributes
                0x00000099       0x33 ..\obj\startup_stm32f4xx.o
 .ARM.attributes
                0x000000cc       0x33 ..\obj\main.o
 .ARM.attributes
                0x000000ff       0x33 ..\obj\stm32f4xx_rcc.o
 .ARM.attributes
                0x00000132       0x33 ..\obj\odometry.o
 .ARM.attributes
                0x00000165       0x33 ..\obj\stm32f4xx_gpio.o
 .ARM.attributes
                0x00000198       0x33 ..\obj\system_stm32f4xx.o
 .ARM.attributes
                0x000001cb       0x33 ..\obj\stm32f4xx_dma.o
 .ARM.attributes
                0x000001fe       0x33 ..\obj\misc.o
 .ARM.attributes
                0x00000231       0x33 ..\obj\Serials.o
 .ARM.attributes
                0x00000264       0x2e c:/program files (x86)/gnu tools arm embedded/4.7 2012q4/bin/../lib/gcc/arm-none-eabi/4.7.3/../../../../arm-none-eabi/lib/armv7e-m\libm.a(lib_a-sf_cos.o)
 .ARM.attributes
                0x00000292       0x2e c:/program files (x86)/gnu tools arm embedded/4.7 2012q4/bin/../lib/gcc/arm-none-eabi/4.7.3/../../../../arm-none-eabi/lib/armv7e-m\libm.a(lib_a-sf_sin.o)
 .ARM.attributes
                0x000002c0       0x2e c:/program files (x86)/gnu tools arm embedded/4.7 2012q4/bin/../lib/gcc/arm-none-eabi/4.7.3/../../../../arm-none-eabi/lib/armv7e-m\libm.a(lib_a-sf_tan.o)
 .ARM.attributes
                0x000002ee       0x2e c:/program files (x86)/gnu tools arm embedded/4.7 2012q4/bin/../lib/gcc/arm-none-eabi/4.7.3/../../../../arm-none-eabi/lib/armv7e-m\libm.a(lib_a-ef_rem_pio2.o)
 .ARM.attributes
                0x0000031c       0x2e c:/program files (x86)/gnu tools arm embedded/4.7 2012q4/bin/../lib/gcc/arm-none-eabi/4.7.3/../../../../arm-none-eabi/lib/armv7e-m\libm.a(lib_a-kf_cos.o)
 .ARM.attributes
                0x0000034a       0x2e c:/program files (x86)/gnu tools arm embedded/4.7 2012q4/bin/../lib/gcc/arm-none-eabi/4.7.3/../../../../arm-none-eabi/lib/armv7e-m\libm.a(lib_a-kf_rem_pio2.o)
 .ARM.attributes
                0x00000378       0x2e c:/program files (x86)/gnu tools arm embedded/4.7 2012q4/bin/../lib/gcc/arm-none-eabi/4.7.3/../../../../arm-none-eabi/lib/armv7e-m\libm.a(lib_a-kf_sin.o)
 .ARM.attributes
                0x000003a6       0x2e c:/program files (x86)/gnu tools arm embedded/4.7 2012q4/bin/../lib/gcc/arm-none-eabi/4.7.3/../../../../arm-none-eabi/lib/armv7e-m\libm.a(lib_a-kf_tan.o)
 .ARM.attributes
                0x000003d4       0x2e c:/program files (x86)/gnu tools arm embedded/4.7 2012q4/bin/../lib/gcc/arm-none-eabi/4.7.3/../../../../arm-none-eabi/lib/armv7e-m\libm.a(lib_a-sf_fabs.o)
 .ARM.attributes
                0x00000402       0x2e c:/program files (x86)/gnu tools arm embedded/4.7 2012q4/bin/../lib/gcc/arm-none-eabi/4.7.3/../../../../arm-none-eabi/lib/armv7e-m\libm.a(lib_a-sf_floor.o)
 .ARM.attributes
                0x00000430       0x2e c:/program files (x86)/gnu tools arm embedded/4.7 2012q4/bin/../lib/gcc/arm-none-eabi/4.7.3/../../../../arm-none-eabi/lib/armv7e-m\libm.a(lib_a-sf_scalbn.o)
 .ARM.attributes
                0x0000045e       0x2e c:/program files (x86)/gnu tools arm embedded/4.7 2012q4/bin/../lib/gcc/arm-none-eabi/4.7.3/../../../../arm-none-eabi/lib/armv7e-m\libm.a(lib_a-sf_copysign.o)
 .ARM.attributes
                0x0000048c       0x1e c:/program files (x86)/gnu tools arm embedded/4.7 2012q4/bin/../lib/gcc/arm-none-eabi/4.7.3/armv7e-m\libgcc.a(_arm_addsubdf3.o)
 .ARM.attributes
                0x000004aa       0x1e c:/program files (x86)/gnu tools arm embedded/4.7 2012q4/bin/../lib/gcc/arm-none-eabi/4.7.3/armv7e-m\libgcc.a(_arm_muldivdf3.o)
 .ARM.attributes
                0x000004c8       0x1e c:/program files (x86)/gnu tools arm embedded/4.7 2012q4/bin/../lib/gcc/arm-none-eabi/4.7.3/armv7e-m\libgcc.a(_arm_cmpdf2.o)
 .ARM.attributes
                0x000004e6       0x1e c:/program files (x86)/gnu tools arm embedded/4.7 2012q4/bin/../lib/gcc/arm-none-eabi/4.7.3/armv7e-m\libgcc.a(_arm_truncdfsf2.o)
 .ARM.attributes
                0x00000504       0x1e c:/program files (x86)/gnu tools arm embedded/4.7 2012q4/bin/../lib/gcc/arm-none-eabi/4.7.3/armv7e-m\libgcc.a(_arm_addsubsf3.o)
 .ARM.attributes
                0x00000522       0x1e c:/program files (x86)/gnu tools arm embedded/4.7 2012q4/bin/../lib/gcc/arm-none-eabi/4.7.3/armv7e-m\libgcc.a(_arm_muldivsf3.o)
 .ARM.attributes
                0x00000540       0x1e c:/program files (x86)/gnu tools arm embedded/4.7 2012q4/bin/../lib/gcc/arm-none-eabi/4.7.3/armv7e-m\libgcc.a(_arm_cmpsf2.o)
 .ARM.attributes
                0x0000055e       0x1e c:/program files (x86)/gnu tools arm embedded/4.7 2012q4/bin/../lib/gcc/arm-none-eabi/4.7.3/armv7e-m\libgcc.a(_arm_fixsfsi.o)

.debug_frame    0x00000000     0x167c
 .debug_frame   0x00000000       0xcc ..\obj\Can.o
 .debug_frame   0x000000cc      0x344 ..\obj\stm32f4xx_usart.o
 .debug_frame   0x00000410      0x2d4 ..\obj\stm32f4xx_can.o
 .debug_frame   0x000006e4       0x48 ..\obj\startup_stm32f4xx.o
 .debug_frame   0x0000072c       0xc0 ..\obj\main.o
 .debug_frame   0x000007ec      0x4d8 ..\obj\stm32f4xx_rcc.o
 .debug_frame   0x00000cc4       0x5c ..\obj\odometry.o
 .debug_frame   0x00000d20      0x19c ..\obj\stm32f4xx_gpio.o
 .debug_frame   0x00000ebc       0x64 ..\obj\system_stm32f4xx.o
 .debug_frame   0x00000f20      0x224 ..\obj\stm32f4xx_dma.o
 .debug_frame   0x00001144       0x9c ..\obj\misc.o
 .debug_frame   0x000011e0      0x274 ..\obj\Serials.o
 .debug_frame   0x00001454       0x28 c:/program files (x86)/gnu tools arm embedded/4.7 2012q4/bin/../lib/gcc/arm-none-eabi/4.7.3/../../../../arm-none-eabi/lib/armv7e-m\libm.a(lib_a-sf_cos.o)
 .debug_frame   0x0000147c       0x28 c:/program files (x86)/gnu tools arm embedded/4.7 2012q4/bin/../lib/gcc/arm-none-eabi/4.7.3/../../../../arm-none-eabi/lib/armv7e-m\libm.a(lib_a-sf_sin.o)
 .debug_frame   0x000014a4       0x28 c:/program files (x86)/gnu tools arm embedded/4.7 2012q4/bin/../lib/gcc/arm-none-eabi/4.7.3/../../../../arm-none-eabi/lib/armv7e-m\libm.a(lib_a-sf_tan.o)
 .debug_frame   0x000014cc       0x38 c:/program files (x86)/gnu tools arm embedded/4.7 2012q4/bin/../lib/gcc/arm-none-eabi/4.7.3/../../../../arm-none-eabi/lib/armv7e-m\libm.a(lib_a-ef_rem_pio2.o)
 .debug_frame   0x00001504       0x34 c:/program files (x86)/gnu tools arm embedded/4.7 2012q4/bin/../lib/gcc/arm-none-eabi/4.7.3/../../../../arm-none-eabi/lib/armv7e-m\libm.a(lib_a-kf_cos.o)
 .debug_frame   0x00001538       0x3c c:/program files (x86)/gnu tools arm embedded/4.7 2012q4/bin/../lib/gcc/arm-none-eabi/4.7.3/../../../../arm-none-eabi/lib/armv7e-m\libm.a(lib_a-kf_rem_pio2.o)
 .debug_frame   0x00001574       0x34 c:/program files (x86)/gnu tools arm embedded/4.7 2012q4/bin/../lib/gcc/arm-none-eabi/4.7.3/../../../../arm-none-eabi/lib/armv7e-m\libm.a(lib_a-kf_sin.o)
 .debug_frame   0x000015a8       0x38 c:/program files (x86)/gnu tools arm embedded/4.7 2012q4/bin/../lib/gcc/arm-none-eabi/4.7.3/../../../../arm-none-eabi/lib/armv7e-m\libm.a(lib_a-kf_tan.o)
 .debug_frame   0x000015e0       0x20 c:/program files (x86)/gnu tools arm embedded/4.7 2012q4/bin/../lib/gcc/arm-none-eabi/4.7.3/../../../../arm-none-eabi/lib/armv7e-m\libm.a(lib_a-sf_fabs.o)
 .debug_frame   0x00001600       0x30 c:/program files (x86)/gnu tools arm embedded/4.7 2012q4/bin/../lib/gcc/arm-none-eabi/4.7.3/../../../../arm-none-eabi/lib/armv7e-m\libm.a(lib_a-sf_floor.o)
 .debug_frame   0x00001630       0x2c c:/program files (x86)/gnu tools arm embedded/4.7 2012q4/bin/../lib/gcc/arm-none-eabi/4.7.3/../../../../arm-none-eabi/lib/armv7e-m\libm.a(lib_a-sf_scalbn.o)
 .debug_frame   0x0000165c       0x20 c:/program files (x86)/gnu tools arm embedded/4.7 2012q4/bin/../lib/gcc/arm-none-eabi/4.7.3/../../../../arm-none-eabi/lib/armv7e-m\libm.a(lib_a-sf_copysign.o)
